C51 COMPILER V9.60.0.0   HISTORY                                                           11/12/2023 09:33:32 PAGE 1   


C51 COMPILER V9.60.0.0, COMPILATION OF MODULE HISTORY
OBJECT MODULE PLACED IN .\Objects\history.obj
COMPILER INVOKED BY: D:\Keil_v5\Keil_5\C51\BIN\C51.EXE api\history.c OPTIMIZE(8,SPEED) BROWSE INCDIR(.\api;.\stc8_lib) D
                    -EBUG OBJECTEXTEND PRINT(.\Listings\history.lst) TABS(2) OBJECT(.\Objects\history.obj)

line level    source

   1          code unsigned char gImage_history[2592] = { /* 0X10,0X10,0X00,0X24,0X00,0X24,0X01,0X1B, */
   2          0XFF,0XFF,0XFF,0XFF,0XFF,0XBF,0XFF,0XFF,0XFF,0XFF,0XFF,0XFF,0XFF,0XFF,0XFF,0XFF,
   3          0XFF,0XDF,0XFF,0XFF,0XFF,0XFF,0XFF,0XFF,0XFF,0XFE,0XFF,0XFF,0XFF,0XFF,0XFF,0XFF,
   4          0XFF,0XFF,0XFF,0XFF,0XF7,0XFF,0XF7,0XFF,0XFF,0XFF,0XFF,0XFF,0XFF,0XFF,0XFF,0XFE,
   5          0XFF,0XDE,0XFF,0XFF,0XFF,0XDF,0XFF,0XFF,0XFF,0XFF,0XFF,0XFF,0XFF,0XFF,0XFF,0XFF,
   6          0XFF,0XFF,0XFF,0XFF,0XFF,0XFF,0XFF,0XFF,0XFF,0XFF,0XFF,0XFF,0XFF,0XFF,0XFF,0XFF,
   7          0XFF,0XFF,0XFF,0XFF,0XFF,0XFF,0XFF,0XFF,0XFF,0XDF,0XFF,0XDF,0XFF,0XFF,0XFF,0XFF,
   8          0XF7,0XFF,0XF7,0XFF,0XF7,0XFF,0XF7,0XFF,0XFF,0XFF,0XFF,0XFF,0XFF,0XFF,0XF7,0XFF,
   9          0XF7,0XFF,0XF7,0XFF,0XF7,0XFF,0XF7,0XFF,0XFF,0XFF,0XFF,0XDE,0XFF,0XFF,0XFF,0XFF,
  10          0XFF,0XDF,0XFF,0XFF,0XFF,0XDF,0XFF,0XFF,0XFF,0XFF,0XFF,0XFF,0XFF,0XFF,0XFF,0XFF,
  11          0XFF,0XFF,0XFF,0XFF,0XFF,0XFF,0XFF,0XFF,0XFF,0XFF,0XFF,0XFF,0XFF,0XFF,0XFF,0XFF,
  12          0XFF,0XFF,0XFF,0XFF,0XFF,0XFF,0XFF,0XFF,0XEF,0XFF,0X9D,0XFA,0X85,0X79,0XE7,0XFF,
  13          0XF7,0XFF,0XFF,0XFF,0XFF,0XDF,0XFF,0XFF,0XE7,0XFF,0X85,0X78,0X9D,0XFA,0XEF,0XFF,
  14          0XEF,0XFF,0XFF,0XFF,0XFF,0XFF,0XFF,0XFF,0XFF,0XFF,0XFF,0XFF,0XFF,0XFF,0XFF,0XFF,
  15          0XFF,0XFF,0XFF,0XFF,0XFF,0XFF,0XFF,0XFF,0XFF,0XFF,0XFF,0XDF,0XFF,0XFF,0XFF,0XFF,
  16          0XFF,0XFF,0XFF,0XFE,0XF7,0XFE,0XFF,0XFF,0XF7,0XFF,0XF7,0XFF,0XFF,0XDF,0XF7,0XFF,
  17          0XE7,0XFF,0X43,0XB2,0X3B,0X92,0XCF,0XDF,0XF7,0XFF,0XFF,0XFF,0XFF,0XFF,0XF7,0XFF,
  18          0XD7,0XBF,0X3B,0X72,0X43,0X92,0XE7,0XFF,0XEF,0XFF,0XF7,0XFF,0XF7,0XFF,0XF7,0XFF,
  19          0XFF,0XFF,0XFF,0XDF,0XFF,0XFF,0XFF,0XFE,0XFF,0XFF,0XFF,0XFF,0XFF,0XFF,0XFF,0XFF,
  20          0XFF,0XFF,0XFF,0XFF,0XFF,0XFF,0XFF,0XFF,0XFF,0XFE,0XFF,0XFF,0XFF,0XFE,0XF7,0XFF,
  21          0XE7,0XFF,0XD7,0XFF,0XEF,0XFF,0XE7,0XFF,0XE7,0XFF,0X43,0X92,0X3B,0X71,0XD7,0XFF,
  22          0XF7,0XFF,0XFF,0XFF,0XFF,0XFF,0XF7,0XFF,0XDF,0XFF,0X4B,0X72,0X43,0X72,0XE7,0XFF,
  23          0XE7,0XFF,0XE7,0XFF,0XD7,0XBF,0XEF,0XFF,0XFF,0XFF,0XFF,0XFF,0XFF,0XFF,0XFF,0XFF,
  24          0XFF,0XFF,0XFF,0XFF,0XFF,0XFF,0XFF,0XFF,0XFF,0XDF,0XFF,0XDF,0XFF,0XFF,0XFF,0XFF,
  25          0XFF,0XFF,0XFF,0XFF,0XF7,0XFF,0XE7,0XFF,0X8E,0X7D,0X33,0X92,0X5C,0X13,0XEF,0XFF,
  26          0XE7,0XFF,0XBF,0X1F,0X9E,0X9D,0XDF,0XFF,0XEF,0XFF,0XF7,0XFF,0XEF,0XFF,0XEF,0XFF,
  27          0XE7,0XFF,0XA6,0X5D,0XC7,0X1F,0XEF,0XFF,0XE7,0XFF,0X5C,0X32,0X3B,0XB1,0X8E,0X3C,
  28          0XE7,0XFF,0XF7,0XFF,0XFF,0XFF,0XFF,0XFF,0XFF,0XFF,0XFF,0XFF,0XFF,0XFF,0XFF,0XFF,
  29          0XFF,0XFF,0XFF,0XFF,0XFF,0XFF,0XF7,0XFF,0XFF,0XFF,0XF7,0XFF,0XDF,0XFF,0X6D,0X7A,
  30          0X1B,0XF7,0X2B,0XF6,0X7D,0X17,0XF7,0XFF,0XF7,0XFF,0XEF,0XFF,0XDF,0XFF,0X85,0XDA,
  31          0X9E,0X7C,0XDF,0XFF,0XD7,0XFF,0X9E,0X9E,0X85,0X9B,0XE7,0XFF,0XF7,0XFF,0XF7,0XFF,
  32          0XF7,0XFF,0X7D,0X77,0X23,0XF5,0X24,0X36,0X65,0X7A,0XDF,0XFF,0XF7,0XFF,0XFF,0XFF,
  33          0XFF,0XFF,0XFF,0XFF,0XFF,0XFF,0XFF,0XFF,0XFF,0XFF,0XFF,0XFF,0XFF,0XFF,0XFF,0XFF,
  34          0XFF,0XFF,0XEF,0XFF,0X65,0X5A,0X23,0XF6,0X1B,0XF7,0X7E,0X5F,0XE7,0XFF,0XFF,0XFF,
  35          0XFF,0XFF,0XFF,0XFF,0XD7,0XBF,0X3B,0X71,0X33,0XD3,0X6D,0XBC,0X65,0X9C,0X2B,0XD4,
  36          0X3B,0X92,0XD7,0XBF,0XF7,0XFF,0XFF,0XFF,0XF7,0XFF,0XE7,0XFF,0X86,0X9F,0X1B,0XF6,
  37          0X24,0X16,0X5D,0X3A,0XEF,0XFF,0XFF,0XFF,0XFF,0XFF,0XFF,0XFF,0XFF,0XFF,0XFF,0XFF,
  38          0XFF,0XFF,0XFF,0XFF,0XFF,0XFF,0XFF,0XFF,0XEF,0XFF,0X96,0X3C,0X23,0XF6,0X23,0XF6,
  39          0XA6,0XDF,0XE7,0XFF,0XF7,0XFF,0XFF,0XFF,0XFF,0XFF,0XFF,0XFF,0XF7,0XFF,0X8D,0X99,
  40          0X33,0XD4,0X24,0X16,0X1B,0XF5,0X2B,0XF4,0X7D,0X78,0XEF,0XFF,0XF7,0XFF,0XFF,0XFF,
  41          0XFF,0XFF,0XF7,0XFF,0XE7,0XFF,0XA6,0XFF,0X23,0XF6,0X23,0XF6,0X8E,0X1D,0XEF,0XFF,
  42          0XFF,0XFF,0XFF,0XFF,0XFF,0XFF,0XFF,0XFF,0XFF,0XFF,0XFF,0XFF,0XFF,0XFF,0XF7,0XFF,
  43          0XCF,0XDF,0X33,0XF5,0X23,0XF6,0X86,0X5E,0XE7,0XFF,0XF7,0XFF,0XFF,0XFF,0XFF,0XFF,
  44          0XFF,0XDF,0XFF,0XFF,0XFF,0XFF,0XEF,0XFF,0XAF,0X3F,0X5D,0X5A,0X65,0X7A,0XA7,0X5F,
  45          0XDF,0XFF,0XF7,0XFF,0XFF,0XFF,0XFF,0XDF,0XFF,0XFF,0XFF,0XFF,0XFF,0XFF,0XE7,0XFF,
  46          0X8E,0X9F,0X2B,0XF6,0X2B,0XF5,0XC7,0XDF,0XF7,0XFF,0XFF,0XFF,0XFF,0XFF,0XFF,0XFE,
  47          0XFF,0XFF,0XFF,0XFF,0XFF,0XFF,0XEF,0XFF,0X4C,0XDA,0X2C,0X18,0X54,0X97,0XDF,0XFF,
  48          0XEF,0XFF,0XF7,0XFF,0XFF,0XFF,0XFF,0XFF,0XFF,0XFF,0XFF,0XFF,0XF7,0XFF,0XF7,0XFF,
  49          0XEF,0XFF,0XEF,0XFF,0XEF,0XFF,0XEF,0XFF,0XF7,0XFF,0XF7,0XFF,0XFF,0XFF,0XFF,0XFF,
  50          0XFF,0XFF,0XF7,0XDF,0XFF,0XFF,0XEF,0XFF,0XE7,0XFF,0X5D,0X19,0X1C,0X17,0X3C,0XB8,
  51          0XE7,0XFF,0XFF,0XFF,0XFF,0XFF,0XFF,0XFE,0XFF,0XFF,0XFF,0XFF,0XF7,0XFF,0XBF,0X7F,
  52          0X23,0XF7,0X1B,0XF6,0XD7,0XFF,0XF7,0XFF,0XFF,0XFF,0XFF,0XFF,0XFF,0XFF,0XFF,0XFF,
  53          0XFF,0XFF,0XFF,0XFF,0XFF,0XFF,0XF7,0XFF,0XF7,0XFF,0XEF,0XFF,0XF7,0XFF,0XEF,0XFF,
  54          0XF7,0XFF,0XF7,0XFF,0XFF,0XFF,0XFF,0XFF,0XFF,0XFF,0XFF,0XFF,0XFF,0XFF,0XFF,0XFF,
C51 COMPILER V9.60.0.0   HISTORY                                                           11/12/2023 09:33:32 PAGE 2   

  55          0XF7,0XFF,0XD7,0XFF,0X1C,0X16,0X1C,0X36,0XB7,0X3F,0XF7,0XFF,0XFF,0XFF,0XFF,0XFE,
  56          0XFF,0XDF,0XFF,0XFF,0XE7,0XFF,0X65,0X18,0X2C,0X16,0X65,0X9B,0XE7,0XFF,0XFF,0XFF,
  57          0XFF,0XFF,0XFF,0XDF,0XFF,0XFF,0XFF,0XFF,0XFF,0XFF,0XFF,0XFF,0XFF,0XFF,0XF7,0XFF,
  58          0XDF,0XFF,0X3B,0X92,0X43,0XD3,0XE7,0XFF,0XF7,0XFF,0XFF,0XFF,0XFF,0XFF,0XFF,0XFF,
  59          0XFF,0XFF,0XFF,0XFF,0XFF,0XFF,0XFF,0XFF,0XFF,0XFF,0XE7,0XFF,0X65,0XBB,0X24,0X15,
  60          0X5C,0XD7,0XE7,0XFF,0XFF,0XFF,0XFF,0XFE,0XFF,0XFF,0XF7,0XFF,0XD7,0XFF,0X33,0XF4,
  61          0X23,0XD4,0XBF,0XDF,0XEF,0XFF,0XFF,0XFF,0XFF,0XFF,0XFF,0XFF,0XFF,0XFF,0XFF,0XFF,
  62          0XFF,0XBF,0XFF,0XFF,0XFF,0XFF,0XF7,0XFF,0XD7,0XFF,0X33,0XF4,0X33,0XF4,0XD7,0XFF,
  63          0XF7,0XFF,0XFF,0XDF,0XFF,0XFF,0XFF,0XFF,0XFF,0XFF,0XFF,0XFE,0XFF,0XFF,0XFF,0XDF,
  64          0XFF,0XFF,0XEF,0XFF,0XBF,0XDF,0X2B,0XF4,0X33,0XD4,0XCF,0XFF,0XF7,0XFF,0XFF,0XFF,
  65          0XFF,0XFF,0XEF,0XFF,0XA7,0X5F,0X23,0XD4,0X44,0X56,0XD7,0XFF,0XF7,0XFF,0XFF,0XFF,
  66          0XFF,0XFF,0XFF,0XFF,0XFF,0XFE,0XFF,0XFF,0XFF,0XFF,0XFF,0XDF,0XFF,0XFF,0XEF,0XFF,
  67          0XD7,0XFF,0X33,0XD3,0X33,0XD4,0XD7,0XFF,0XF7,0XFF,0XFF,0XFF,0XFF,0XFF,0XFF,0XFF,
  68          0XFF,0XFF,0XFF,0XFF,0XFF,0XFF,0XFF,0XFF,0XFF,0XDF,0XF7,0XFF,0XD7,0XFF,0X3C,0X55,
  69          0X2C,0X36,0X9F,0X1F,0XEF,0XFF,0XFF,0XFF,0XFF,0XFF,0XEF,0XFF,0X7E,0X5E,0X24,0X16,
  70          0X5C,0XF8,0XE7,0XFF,0XF7,0XFF,0XFF,0XFF,0XFF,0XFF,0XFF,0XFF,0XFF,0XFF,0XFF,0XFF,
  71          0XFF,0XFF,0XFF,0XFF,0XFF,0XFF,0XF7,0XFF,0XD7,0XFF,0X33,0XD4,0X3C,0X15,0XD7,0XFF,
  72          0XF7,0XFF,0XFF,0XFF,0XFF,0XFF,0XFF,0XFF,0XFF,0XFF,0XFF,0XFF,0XFF,0XFF,0XFF,0XFF,
  73          0XFF,0XFF,0XF7,0XFF,0XDF,0XFF,0X65,0X59,0X23,0XF5,0X7E,0X3E,0XEF,0XFF,0XFF,0XDF,
  74          0XFF,0XFF,0XE7,0XFF,0X65,0XDD,0X1C,0X17,0X7D,0XDC,0XE7,0XFF,0XFF,0XFF,0XFF,0XFF,
  75          0XFF,0XFF,0XFF,0XFF,0XFF,0XFF,0XFF,0XFF,0XFF,0XFF,0XFF,0XFF,0XFF,0XFF,0XF7,0XFF,
  76          0XD7,0XFF,0X33,0XD4,0X33,0XD4,0XD7,0XFF,0XEF,0XFF,0XFF,0XFF,0XFF,0XFF,0XFF,0XFF,
  77          0XFF,0XFF,0XFF,0XFF,0XFF,0XFF,0XFF,0XFF,0XFF,0XFF,0XF7,0XFF,0XE7,0XFF,0X86,0X3C,
  78          0X1B,0XF6,0X65,0XDD,0XE7,0XFF,0XFF,0XFF,0XFF,0XFF,0XEF,0XFF,0X55,0X7C,0X1B,0XF6,
  79          0X96,0X5D,0XEF,0XFF,0XF7,0XFF,0XFF,0XFF,0XFF,0XFF,0XFF,0XFF,0XFF,0XFF,0XFF,0XFF,
  80          0XFF,0XFF,0XFF,0XFF,0XFF,0XFF,0XF7,0XFF,0XD7,0XFF,0X2B,0XB3,0X3C,0X35,0XD7,0XFF,
  81          0XE7,0XFF,0XFF,0XFF,0XFF,0XFF,0XFF,0XDF,0XFF,0XFF,0XFF,0XFF,0XFF,0XFF,0XFF,0XFF,
  82          0XFF,0XFF,0XFF,0XFF,0XEF,0XFF,0X96,0X7C,0X24,0X37,0X4D,0X3A,0XEF,0XFF,0XFF,0XFF,
  83          0XFF,0XFF,0XEF,0XFF,0X5D,0X9B,0X23,0XF6,0X96,0X7C,0XEF,0XFF,0XF7,0XFF,0XFF,0XFF,
  84          0XFF,0XFF,0XFF,0XFF,0XFF,0XFF,0XFF,0XFF,0XFF,0XFF,0XFF,0XFF,0XFF,0XFF,0XF7,0XFF,
  85          0XD7,0XFF,0X33,0XB4,0X33,0XD4,0XCF,0XFF,0XF7,0XFF,0XFF,0XFF,0XFF,0XFF,0XFF,0XFF,
  86          0XFF,0XFF,0XFF,0XFF,0XFF,0XDF,0XFF,0XFF,0XFF,0XFF,0XFF,0XFF,0XF7,0XFF,0X9E,0X7C,
  87          0X24,0X16,0X4D,0X3A,0XE7,0XFF,0XFF,0XFF,0XFF,0XFF,0XEF,0XFF,0X65,0X9B,0X24,0X16,
  88          0X85,0XFB,0XEF,0XFF,0XFF,0XFF,0XFF,0XFF,0XFF,0XFF,0XFF,0XFF,0XFF,0XFF,0XFF,0XFF,
  89          0XFF,0XFF,0XFF,0XFF,0XFF,0XFF,0XFF,0XFF,0XDF,0XFF,0X3B,0XD4,0X2B,0XD5,0XBF,0XFF,
  90          0XE7,0XFF,0XEF,0XFF,0XF7,0XFF,0XF7,0XFF,0XFF,0XFF,0XFF,0XFF,0XFF,0XFF,0XFF,0XFF,
  91          0XFF,0XFF,0XF7,0XDF,0XEF,0XFF,0X8E,0X3C,0X23,0XF5,0X65,0XBC,0XE7,0XFF,0XFF,0XFF,
  92          0XFF,0XFF,0XF7,0XFF,0X7E,0X1E,0X2C,0X17,0X65,0X18,0XE7,0XFF,0XFF,0XFF,0XFF,0XFF,
  93          0XFF,0XFF,0XFF,0XFF,0XFF,0XFF,0XFF,0XFF,0XFF,0XFF,0XFF,0XFF,0XFF,0XFF,0XFF,0XFF,
  94          0XEF,0XFF,0X33,0X72,0X2C,0X58,0X1C,0X17,0X55,0X3A,0XBF,0XDF,0XE7,0XFF,0XEF,0XFF,
  95          0XF7,0XFF,0XFF,0XFF,0XFF,0XFF,0XFF,0XFF,0XFF,0XFF,0XF7,0XFF,0XE7,0XFF,0X6D,0X5A,
  96          0X2C,0X36,0X76,0X1D,0XE7,0XFF,0XFF,0XFF,0XFF,0XFF,0XF7,0XFF,0XAF,0X7F,0X23,0XB5,
  97          0X44,0X35,0XDF,0XFF,0XF7,0XFF,0XFF,0XFF,0XFF,0XFF,0XFF,0XFF,0XFF,0XFF,0XFF,0XFF,
  98          0XFF,0XFF,0XFF,0XFF,0XFF,0XFF,0XFF,0XFF,0XEF,0XFF,0XD7,0XFF,0X55,0X3A,0X1B,0XF6,
  99          0X24,0X16,0X2B,0XF5,0X5C,0XF8,0XBF,0X7F,0XE7,0XFF,0XE7,0XFF,0XF7,0XFF,0XFF,0XFF,
 100          0XFF,0XDF,0XF7,0XFF,0XDF,0XFF,0X3C,0X36,0X23,0XD4,0XA7,0X3F,0XEF,0XFF,0XFF,0XFF,
 101          0XFF,0XFF,0XEF,0XFF,0XD7,0XFF,0X33,0XF5,0X2B,0XF5,0XB7,0XBF,0XEF,0XFF,0XFF,0XFF,
 102          0XFF,0XFF,0XFF,0XFF,0XFF,0XFF,0XFF,0XFF,0XFF,0XFF,0XFF,0XFF,0XFF,0XFF,0XFF,0XFF,
 103          0XFF,0XFF,0XF7,0XFF,0XEF,0XFF,0XCF,0XFF,0X65,0X18,0X2B,0XF6,0X23,0XF7,0X1B,0XF7,
 104          0X44,0XB9,0XBF,0XDF,0XEF,0XFF,0XF7,0XFF,0XFF,0XFF,0XEF,0XFF,0XC7,0XFF,0X2B,0XF5,
 105          0X33,0XF4,0XD7,0XFF,0XF7,0XFF,0XFF,0XFF,0XFF,0XFF,0XF7,0XFF,0XE7,0XFF,0X5C,0XF8,
 106          0X23,0XF6,0X5D,0X9C,0XE7,0XFF,0XF7,0XFF,0XFF,0XFF,0XFF,0XFF,0XFF,0XFF,0XFF,0XFF,
 107          0XFF,0XFF,0XFF,0XFF,0XFF,0XFF,0XFF,0XFF,0XFF,0XFF,0XFF,0XFF,0XFF,0XFF,0XEF,0XFF,
 108          0XE7,0XFF,0XC7,0XFF,0X55,0X3B,0X24,0X17,0X24,0X17,0X2B,0XD3,0XC7,0X1D,0XF7,0XFF,
 109          0XFF,0XFF,0XE7,0XFF,0X65,0XBC,0X24,0X16,0X5C,0XD7,0XE7,0XFF,0XF7,0XFF,0XFF,0XFF,
 110          0XFF,0XFF,0XFF,0XFF,0XF7,0XFF,0XBF,0X7F,0X1B,0XF7,0X1B,0XF7,0XD7,0XFF,0XEF,0XFF,
 111          0XF7,0XFF,0XFF,0XFF,0XFF,0XFF,0XFF,0XFF,0XFF,0XFF,0XFF,0XFF,0XFF,0XFF,0XFF,0XFF,
 112          0XFF,0XFF,0XFF,0XFF,0XFF,0XFF,0XFF,0XFF,0XF7,0XFF,0XEF,0XFF,0XEF,0XFF,0XD7,0XDF,
 113          0X65,0X38,0X43,0XD2,0XE7,0XBF,0XFF,0XFF,0XF7,0XFF,0XD7,0XFF,0X1C,0X17,0X1C,0X17,
 114          0XB7,0X1F,0XEF,0XFF,0XFF,0XFF,0XFF,0XFF,0XFF,0XFF,0XFF,0XFF,0XFF,0XFF,0XE7,0XFF,
 115          0X44,0XB8,0X24,0X37,0X54,0XB7,0XDF,0XFF,0XEF,0XFF,0XFF,0XFF,0XFF,0XFF,0XFF,0XFF,
 116          0XFF,0XFF,0XFF,0XFF,0XFF,0XFF,0XFF,0XDF,0XFF,0XFF,0XFF,0XFF,0XFF,0XFF,0XFF,0XFF,
C51 COMPILER V9.60.0.0   HISTORY                                                           11/12/2023 09:33:32 PAGE 3   

 117          0XFF,0XFF,0XFF,0XFF,0XFF,0XFE,0XF7,0XFF,0XE7,0XFF,0XE7,0XFF,0XF7,0XFF,0XF7,0XFF,
 118          0XDF,0XFF,0X5D,0X18,0X24,0X37,0X3C,0X98,0XDF,0XFF,0XFF,0XFF,0XFF,0XFF,0XFF,0XDE,
 119          0XFF,0XFF,0XFF,0XFF,0XFF,0XFF,0XF7,0XFF,0XCF,0XDF,0X33,0XD5,0X23,0XF6,0X86,0X5E,
 120          0XE7,0XFF,0XFF,0XFF,0XFF,0XFF,0XFF,0XFF,0XFF,0XFF,0XFF,0XFF,0XFF,0XFF,0XFF,0XFF,
 121          0XFF,0XFF,0XFF,0XFF,0XFF,0XFF,0XFF,0XDF,0XFF,0XFF,0XFF,0XFF,0XFF,0XFF,0XFF,0XFF,
 122          0XFF,0XFF,0XFF,0XFF,0XFF,0XFF,0XEF,0XFF,0X86,0XBF,0X24,0X36,0X2B,0XD4,0XC7,0XBF,
 123          0XF7,0XFF,0XFF,0XFF,0XFF,0XDF,0XFF,0XFF,0XFF,0XFF,0XFF,0XFF,0XFF,0XFF,0XFF,0XFF,
 124          0XEF,0XFF,0X96,0X3D,0X23,0XF6,0X24,0X16,0XA6,0XFE,0XEF,0XFF,0XF7,0XFF,0XFF,0XFF,
 125          0XFF,0XFF,0XFF,0XDF,0XFF,0XFE,0XFF,0XFF,0XFF,0XFF,0XFF,0XFF,0XFF,0XFF,0XFF,0XFF,
 126          0XFF,0XFF,0XFF,0XFF,0XFF,0XFF,0XFF,0XFF,0XFF,0XFF,0XFF,0XFF,0XEF,0XFF,0XAE,0XFF,
 127          0X24,0X16,0X1B,0XF5,0X8E,0X1C,0XEF,0XFF,0XFF,0XFF,0XFF,0XDF,0XFF,0XFF,0XFF,0XFF,
 128          0XFF,0XFF,0XFF,0XFF,0XFF,0XFF,0XFF,0XFF,0XFF,0XFF,0XE7,0XFF,0X65,0X9B,0X1C,0X15,
 129          0X1B,0XF5,0X86,0X7E,0XE7,0XFF,0XF7,0XFF,0XFF,0XFF,0XFF,0XFF,0XFF,0XFF,0XFF,0XFF,
 130          0XFF,0XFF,0XFF,0XFF,0XFF,0XFF,0XFF,0XFF,0XFF,0XFF,0XFF,0XFF,0XFF,0XFF,0XF7,0XFF,
 131          0XF7,0XFF,0XE7,0XFF,0X96,0XDF,0X23,0XF7,0X1B,0XF6,0X5D,0X5A,0XE7,0XFF,0XF7,0XFF,
 132          0XFF,0XFF,0XFF,0XFF,0XFF,0XFF,0XFF,0XFF,0XFF,0XFE,0XFF,0XFF,0XFF,0XFF,0XFF,0XFF,
 133          0XFF,0XDF,0XF7,0XFF,0XD7,0XFF,0X5D,0X7A,0X24,0X16,0X23,0XF6,0X65,0X39,0XDF,0XFF,
 134          0XE7,0XFF,0XEF,0XFF,0XF7,0XFF,0XF7,0XFF,0XFF,0XFF,0XFF,0XFF,0XF7,0XFF,0XF7,0XFF,
 135          0XF7,0XFF,0XF7,0XFF,0XEF,0XFF,0XE7,0XFF,0XDF,0XFF,0X65,0X19,0X23,0XF7,0X24,0X17,
 136          0X55,0X19,0XDF,0XFF,0XF7,0XFF,0XFF,0XFF,0XFF,0XFF,0XFF,0XFF,0XFF,0XFF,0XFF,0XFF,
 137          0XFF,0XFF,0XFF,0XFF,0XFF,0XFF,0XFF,0XFF,0XFF,0XFF,0XFF,0XFF,0XEF,0XFF,0XE7,0XFF,
 138          0X8E,0X3C,0X2B,0XD4,0X24,0X17,0X24,0X17,0X65,0XBB,0XBF,0XDF,0XD7,0XFF,0XDF,0XFF,
 139          0XEF,0XFF,0XEF,0XFF,0XEF,0XFF,0XE7,0XFF,0XDF,0XFF,0XDF,0XFF,0XBF,0XFF,0X5D,0X9B,
 140          0X24,0X17,0X24,0X38,0X2B,0XF5,0X86,0X1C,0XE7,0XFF,0XEF,0XFF,0XFF,0XFF,0XFF,0XFF,
 141          0XFF,0XFF,0XFF,0XFF,0XFF,0XFF,0XFF,0XFF,0XFF,0XFF,0XFF,0XFF,0XFF,0XFF,0XFF,0XFF,
 142          0XFF,0XFF,0XFF,0XFF,0XFF,0XFF,0XF7,0XFF,0XE7,0XFF,0XC7,0XFF,0X3C,0XB8,0X1B,0XF6,
 143          0X24,0X16,0X2B,0XF4,0X3C,0X55,0X6D,0X59,0X8E,0X3C,0X9E,0X9D,0X96,0X5D,0X8E,0X3C,
 144          0X6D,0X5A,0X3C,0X35,0X2C,0X15,0X24,0X16,0X1B,0XF7,0X3C,0X99,0XBF,0XBF,0XE7,0XFF,
 145          0XF7,0XFF,0XFF,0XFF,0XFF,0XFF,0XFF,0XFF,0XFF,0XFF,0XFF,0XFF,0XFF,0XFF,0XFF,0XFF,
 146          0XFF,0XFF,0XFF,0XFF,0XFF,0XFF,0XFF,0XFF,0XFF,0XFF,0XFF,0XFF,0XFF,0XFF,0XFF,0XFF,
 147          0XFF,0XFF,0XF7,0XFF,0XE7,0XFF,0XB7,0X3F,0X65,0X18,0X33,0XF4,0X23,0XF5,0X24,0X16,
 148          0X1B,0XF6,0X24,0X16,0X1B,0XF6,0X24,0X16,0X2C,0X16,0X23,0XD4,0X34,0X14,0X64,0XF8,
 149          0XBF,0X5F,0XDF,0XFF,0XF7,0XFF,0XFF,0XFF,0XFF,0XFF,0XFF,0XFF,0XFF,0XFF,0XFF,0XFF,
 150          0XFF,0XFF,0XFF,0XFF,0XFF,0XFF,0XFF,0XFF,0XFF,0XFF,0XFF,0XFF,0XFF,0XFF,0XFF,0XFF,
 151          0XFF,0XFF,0XFF,0XFF,0XFF,0XFF,0XFF,0XFF,0XFF,0XFF,0XFF,0XFF,0XFF,0XFF,0XF7,0XFF,
 152          0XE7,0XFF,0XCF,0XFF,0XA7,0X5F,0X76,0X1E,0X5D,0X9C,0X4D,0X3A,0X55,0X5B,0X65,0XBC,
 153          0X76,0X3D,0XA7,0X5F,0XD7,0XFF,0XE7,0XFF,0XEF,0XFF,0XFF,0XFF,0XFF,0XFF,0XFF,0XDF,
 154          0XFF,0XFF,0XFF,0XFF,0XFF,0XFF,0XFF,0XFF,0XFF,0XFF,0XFF,0XFF,0XFF,0XFF,0XFF,0XFF,
 155          0XFF,0XFF,0XFF,0XFF,0XFF,0XFF,0XFF,0XFF,0XFF,0XFF,0XFF,0XFF,0XFF,0XFF,0XFF,0XFF,
 156          0XFF,0XFF,0XFF,0XFF,0XFF,0XFF,0XFF,0XFF,0XFF,0XFF,0XF7,0XFF,0XF7,0XFF,0XEF,0XFF,
 157          0XEF,0XFF,0XE7,0XFF,0XE7,0XFF,0XE7,0XFF,0XE7,0XFF,0XEF,0XFF,0XF7,0XFF,0XF7,0XFF,
 158          0XFF,0XFF,0XFF,0XFF,0XFF,0XFF,0XFF,0XDF,0XFF,0XFF,0XFF,0XFF,0XFF,0XFF,0XFF,0XFF,
 159          0XFF,0XFF,0XFF,0XFF,0XFF,0XFF,0XFF,0XFF,0XFF,0XFF,0XFF,0XFF,0XFF,0XFF,0XFF,0XFF,
 160          0XFF,0XFF,0XFF,0XFF,0XFF,0XFF,0XFF,0XFF,0XFF,0XFF,0XFF,0XFF,0XFF,0XFE,0XFF,0XFE,
 161          0XFF,0XFF,0XFF,0XDF,0XFF,0XDF,0XFF,0XFF,0XFF,0XFF,0XFF,0XFF,0XFF,0XFF,0XFF,0XFF,
 162          0XFF,0XFF,0XFF,0XFF,0XFF,0XFF,0XFF,0XFF,0XFF,0XFF,0XFF,0XDF,0XFF,0XFF,0XFF,0XFF,
 163          0XFF,0XFF,0XFF,0XFF,0XFF,0XFF,0XFF,0XFF,0XFF,0XFF,0XFF,0XFF,0XFF,0XFF,0XFF,0XFF,
 164          };


MODULE INFORMATION:   STATIC OVERLAYABLE
   CODE SIZE        =   ----    ----
   CONSTANT SIZE    =   2592    ----
   XDATA SIZE       =   ----    ----
   PDATA SIZE       =   ----    ----
   DATA SIZE        =   ----    ----
   IDATA SIZE       =   ----    ----
   BIT SIZE         =   ----    ----
END OF MODULE INFORMATION.


C51 COMPILATION COMPLETE.  0 WARNING(S),  0 ERROR(S)
