Component: ARM Compiler 5.06 update 6 (build 750) Tool: armlink [4d35ed]

==============================================================================

Section Cross References

    main.o(.text) refers to misc.o(.text) for NVIC_PriorityGroupConfig
    main.o(.text) refers to bsp.o(.text) for BSP_Init
    main.o(.text) refers to os_core.o(.text) for OSInit
    main.o(.text) refers to os_q.o(.text) for OSQCreate
    main.o(.text) refers to os_sem.o(.text) for OSSemCreate
    main.o(.text) refers to lwip_comm.o(.text) for lwip_comm_init
    main.o(.text) refers to tcp_server_demo.o(.text) for tcp_server_init
    main.o(.text) refers to udp_demo.o(.text) for udp_demo_init
    main.o(.text) refers to httpd.o(.text) for httpd_init
    main.o(.text) refers to os_task.o(.text) for OSTaskCreate
    main.o(.text) refers to sw_global.o(.data) for UdpTranMsgQeueTab
    main.o(.text) refers to sw_global.o(.data) for UdpTranMsgQeue
    main.o(.text) refers to sw_global.o(.data) for CtrlCentRecMsgQeueTab
    main.o(.text) refers to sw_global.o(.data) for CtrlCentRecMsgQeue
    main.o(.text) refers to sw_global.o(.bss) for PlayListMsgQeueTab
    main.o(.text) refers to sw_global.o(.data) for PlayListMsgQeue
    main.o(.text) refers to sw_global.o(.data) for RS485RecMsgQeueTab
    main.o(.text) refers to sw_global.o(.data) for RS485RecMsgQeue
    main.o(.text) refers to sw_global.o(.data) for UdpHearbeatQeueTab
    main.o(.text) refers to sw_global.o(.data) for InfmBoard_ErrQeue
    main.o(.text) refers to sw_global.o(.data) for InfmBoardLed_ErrQeue
    main.o(.text) refers to sw_global.o(.data) for RS485Sem
    main.o(.text) refers to sw_global.o(.data) for UsartTranSem
    main.o(.text) refers to sw_global.o(.data) for SDSem
    main.o(.text) refers to sw_global.o(.data) for HearbeatSem
    main.o(.text) refers to sw_global.o(.data) for TCPorUDPFlag
    main.o(.text) refers to main.o(.bss) for .bss
    main.o(.text) refers to ctrlcenter_app.o(.text) for Task_CtrlCenterHandle
    main.o(.text) refers to host_app.o(.text) for Task_ReadPlayList
    main.o(.text) refers to dis_app.o(.text) for Task_DisplayCtrl
    main.o(.text) refers to app.o(.text) for Task_LED1
    stm32f4xx_it.o(.text) refers to printfa.o(i.__0printf) for __2printf
    stm32f4xx_it.o(.text) refers to os_cpu_a.o(.text) for OS_CPU_SR_Save
    stm32f4xx_it.o(.text) refers to stm32f4xx_usart.o(.text) for USART_GetITStatus
    stm32f4xx_it.o(.text) refers to memp.o(.text) for memp_free
    stm32f4xx_it.o(.text) refers to os_q.o(.text) for OSQPost
    stm32f4xx_it.o(.text) refers to os_core.o(.text) for OSIntExit
    stm32f4xx_it.o(.text) refers to stm32f4xx_dma.o(.text) for DMA_GetCurrDataCounter
    stm32f4xx_it.o(.text) refers to lsens.o(.text) for MYDMA_Enable
    stm32f4xx_it.o(.text) refers to delay.o(.text) for delay_ms
    stm32f4xx_it.o(.text) refers to stm32f4xx_exti.o(.text) for EXTI_GetITStatus
    stm32f4xx_it.o(.text) refers to os_core.o(.data) for OSIntNesting
    stm32f4xx_it.o(.text) refers to sw_global.o(.data) for RS485RecMsgQeue
    stm32f4xx_it.o(.text) refers to stm32f4xx_it.o(.data) for .data
    stm32f4xx_it.o(.text) refers to sw_global.o(.data) for G_IDHost
    stm32f4xx_it.o(.text) refers to sw_global.o(.bss) for resetok
    stm32f4xx_it.o(.text) refers to sw_controlcenter.o(.data) for DoorStflag
    stm32f4xx_it.o(.text) refers to sw_global.o(.data) for RS485TranCnt
    stm32f4xx_it.o(.text) refers to sw_global.o(.data) for RS485TranLength
    stm32f4xx_it.o(.text) refers to sw_global.o(.data) for RS485TranDataPot
    stm32f4xx_it.o(.text) refers to sw_global.o(.data) for g_cSEND_BUF_SIZE
    stm32f4xx_it.o(.text) refers to sw_global.o(.data) for CtrlCentRecMsgQeue
    stm32f4xx_it.o(.text) refers to sw_global.o(.data) for KeyFlag
    stm32f4xx_it.o(.text) refers to sw_global.o(.data) for checkself_flag
    stm32f4xx_it.o(.text) refers to sw_global.o(.data) for PlayListMsgQeue
    system_stm32f4xx.o(.text) refers to system_stm32f4xx.o(.data) for .data
    dispose.o(.text) refers to malloc.o(.text) for mymalloc
    dispose.o(.text) refers to memcpya.o(.text) for __aeabi_memcpy4
    dispose.o(.text) refers to memseta.o(.text) for __aeabi_memclr4
    dispose.o(.text) refers to rtc.o(.text) for getTime
    dispose.o(.text) refers to printfa.o(i.__0sprintf) for __2sprintf
    dispose.o(.text) refers to os_sem.o(.text) for OSSemPend
    dispose.o(.text) refers to ff.o(.text) for f_mount
    dispose.o(.text) refers to rtc.o(.data) for g_tTime
    dispose.o(.text) refers to sw_global.o(.data) for SDSem
    dispose.o(.text) refers to sw_global.o(.data) for g_cRemot_addr
    dispose.o(.text) refers to sw_global.o(.bss) for G_ScreenSet
    ipwhitelist.o(.text) refers to i2c.o(.text) for E2promWriteByte
    ipwhitelist.o(.text) refers to sw_crc16.o(.text) for SWCRC16
    ipwhitelist.o(.text) refers to sw_global.o(.bss) for g_cIpWhiteList
    ipwhitelist.o(.text) refers to sw_global.o(.data) for HostAddrH
[...]
    OSSemAccept                              0x0802a9c1   Thumb Code    34  os_sem.o(.text)
    OSSemCreate                              0x0802a9e3   Thumb Code    58  os_sem.o(.text)
    OSSemDel                                 0x0802aa1d   Thumb Code   206  os_sem.o(.text)
    OSSemPend                                0x0802aaeb   Thumb Code   170  os_sem.o(.text)
    OSSemPendAbort                           0x0802ab95   Thumb Code   110  os_sem.o(.text)
    OSSemPost                                0x0802ac03   Thumb Code    82  os_sem.o(.text)
    OSSemQuery                               0x0802ac55   Thumb Code    66  os_sem.o(.text)
    OSSemSet                                 0x0802ac97   Thumb Code    52  os_sem.o(.text)
    OSTaskChangePrio                         0x0802ad0d   Thumb Code   260  os_task.o(.text)
    OSTaskCreate                             0x0802ae11   Thumb Code   124  os_task.o(.text)
    OS_TaskStkClr                            0x0802ae8d   Thumb Code    22  os_task.o(.text)
    OSTaskCreateExt                          0x0802aea3   Thumb Code   144  os_task.o(.text)
    OSTaskDel                                0x0802af33   Thumb Code   264  os_task.o(.text)
    OSTaskDelReq                             0x0802b03b   Thumb Code    82  os_task.o(.text)
    OSTaskNameGet                            0x0802b08d   Thumb Code    92  os_task.o(.text)
    OSTaskNameSet                            0x0802b0e9   Thumb Code   116  os_task.o(.text)
    OSTaskResume                             0x0802b15d   Thumb Code   120  os_task.o(.text)
    OSTaskStkChk                             0x0802b1d5   Thumb Code    98  os_task.o(.text)
    OSTaskSuspend                            0x0802b237   Thumb Code   128  os_task.o(.text)
    OSTaskQuery                              0x0802b2b7   Thumb Code    74  os_task.o(.text)
    OSTaskRegGet                             0x0802b301   Thumb Code    50  os_task.o(.text)
    OSTaskRegSet                             0x0802b333   Thumb Code    52  os_task.o(.text)
    OS_TaskReturn                            0x0802b367   Thumb Code    18  os_task.o(.text)
    OSTimeDly                                0x0802b38d   Thumb Code    82  os_time.o(.text)
    OSTimeDlyHMSM                            0x0802b3df   Thumb Code    70  os_time.o(.text)
    OSTimeDlyResume                          0x0802b425   Thumb Code   134  os_time.o(.text)
    OSTimeGet                                0x0802b4ab   Thumb Code    18  os_time.o(.text)
    OSTimeSet                                0x0802b4bd   Thumb Code    20  os_time.o(.text)
    OSTmrCreate                              0x0802b4ed   Thumb Code   116  os_tmr.o(.text)
    OSTmrDel                                 0x0802b5cd   Thumb Code    94  os_tmr.o(.text)
    OSTmrNameGet                             0x0802b62b   Thumb Code    94  os_tmr.o(.text)
    OSTmrRemainGet                           0x0802b689   Thumb Code   126  os_tmr.o(.text)
    OSTmrStateGet                            0x0802b707   Thumb Code    68  os_tmr.o(.text)
    OSTmrStart                               0x0802b78d   Thumb Code    96  os_tmr.o(.text)
    OSTmrStop                                0x0802b7ed   Thumb Code   142  os_tmr.o(.text)
    OSTmrSignal                              0x0802b87b   Thumb Code     8  os_tmr.o(.text)
    OSTmr_Init                               0x0802b90f   Thumb Code   200  os_tmr.o(.text)
    clust2sect                               0x0802bb59   Thumb Code    24  ff.o(.text)
    get_fat                                  0x0802bb71   Thumb Code   182  ff.o(.text)
    put_fat                                  0x0802bc27   Thumb Code   248  ff.o(.text)
    f_mount                                  0x0802c4d1   Thumb Code    26  ff.o(.text)
    f_open                                   0x0802c4eb   Thumb Code   308  ff.o(.text)
    f_read                                   0x0802c61f   Thumb Code   324  ff.o(.text)
    f_write                                  0x0802c763   Thumb Code   392  ff.o(.text)
    f_sync                                   0x0802c8eb   Thumb Code   164  ff.o(.text)
    f_close                                  0x0802c98f   Thumb Code    18  ff.o(.text)
    f_lseek                                  0x0802c9a1   Thumb Code   306  ff.o(.text)
    f_opendir                                0x0802cad3   Thumb Code    78  ff.o(.text)
    f_readdir                                0x0802cb21   Thumb Code    80  ff.o(.text)
    f_stat                                   0x0802cb71   Thumb Code    58  ff.o(.text)
    f_getfree                                0x0802cbab   Thumb Code   200  ff.o(.text)
    f_truncate                               0x0802cc73   Thumb Code   144  ff.o(.text)
    f_unlink                                 0x0802cd03   Thumb Code   154  ff.o(.text)
    f_mkdir                                  0x0802cd9d   Thumb Code   402  ff.o(.text)
    f_chmod                                  0x0802cf2f   Thumb Code    74  ff.o(.text)
    f_utime                                  0x0802cf79   Thumb Code    80  ff.o(.text)
    f_rename                                 0x0802cfc9   Thumb Code   256  ff.o(.text)
    f_gets                                   0x0802d0c9   Thumb Code    68  ff.o(.text)
    f_putc                                   0x0802d10d   Thumb Code    32  ff.o(.text)
    f_puts                                   0x0802d12d   Thumb Code    40  ff.o(.text)
    f_printf                                 0x0802d155   Thumb Code   478  ff.o(.text)
    disk_initialize                          0x0802d371   Thumb Code    32  diskio.o(.text)
    disk_status                              0x0802d391   Thumb Code     4  diskio.o(.text)
    disk_read                                0x0802d395   Thumb Code    50  diskio.o(.text)
    disk_write                               0x0802d3c7   Thumb Code    50  diskio.o(.text)
    disk_ioctl                               0x0802d3f9   Thumb Code   106  diskio.o(.text)
    get_fattime                              0x0802d463   Thumb Code     4  diskio.o(.text)
    ff_memalloc                              0x0802d467   Thumb Code     8  diskio.o(.text)
    ff_memfree                               0x0802d46f   Thumb Code     8  diskio.o(.text)
    cJSON_GetErrorPtr                        0x0802d481   Thumb Code    10  cjson.o(.text)
    cJSON_IsString                           0x0802d48b   Thumb Code    18  cjson.o(.text)
    cJSON_GetStringValue                     0x0802d49d   Thumb Code    16  cjson.o(.text)
    cJSON_IsNumber                           0x0802d4ad   Thumb Code    18  cjson.o(.text)
    cJSON_GetNumberValue                     0x0802d4bf   Thumb Code    22  cjson.o(.text)
    cJSON_Version                            0x0802d4d5   Thumb Code    22  cjson.o(.text)
    cJSON_InitHooks                          0x0802d513   Thumb Code    56  cjson.o(.text)
    cJSON_Delete                             0x0802d54b   Thumb Code    68  cjson.o(.text)
    cJSON_SetNumberHelper                    0x0802d67f   Thumb Code    92  cjson.o(.text)
    cJSON_free                               0x0802d6db   Thumb Code     8  cjson.o(.text)
    cJSON_SetValuestring                     0x0802d6e3   Thumb Code    78  cjson.o(.text)
    cJSON_ParseWithLengthOpts                0x0802df2d   Thumb Code   208  cjson.o(.text)
    cJSON_ParseWithOpts                      0x0802dffd   Thumb Code    32  cjson.o(.text)
    cJSON_Parse                              0x0802e01d   Thumb Code     6  cjson.o(.text)
    cJSON_ParseWithLength                    0x0802e023   Thumb Code     6  cjson.o(.text)
    cJSON_Print                              0x0802e2c5   Thumb Code     6  cjson.o(.text)
    cJSON_PrintUnformatted                   0x0802e2cb   Thumb Code     6  cjson.o(.text)
    cJSON_PrintBuffered                      0x0802e2d1   Thumb Code    80  cjson.o(.text)
    cJSON_PrintPreallocated                  0x0802e321   Thumb Code    64  cjson.o(.text)
    cJSON_GetArraySize                       0x0802e361   Thumb Code    26  cjson.o(.text)
    cJSON_GetArrayItem                       0x0802e37b   Thumb Code    12  cjson.o(.text)
    cJSON_GetObjectItem                      0x0802e3ff   Thumb Code     4  cjson.o(.text)
    cJSON_GetObjectItemCaseSensitive         0x0802e403   Thumb Code     4  cjson.o(.text)
    cJSON_HasObjectItem                      0x0802e407   Thumb Code    14  cjson.o(.text)
    cJSON_AddItemToArray                     0x0802e46f   Thumb Code     2  cjson.o(.text)
    cJSON_AddItemToObject                    0x0802e4c7   Thumb Code    14  cjson.o(.text)
    cJSON_AddItemToObjectCS                  0x0802e4d5   Thumb Code    14  cjson.o(.text)
    cJSON_AddItemReferenceToArray            0x0802e4e3   Thumb Code    30  cjson.o(.text)
    cJSON_AddItemReferenceToObject           0x0802e501   Thumb Code    40  cjson.o(.text)
    cJSON_CreateNull                         0x0802e529   Thumb Code    18  cjson.o(.text)
    cJSON_AddNullToObject                    0x0802e53b   Thumb Code    42  cjson.o(.text)
    cJSON_CreateTrue                         0x0802e565   Thumb Code    18  cjson.o(.text)
    cJSON_AddTrueToObject                    0x0802e577   Thumb Code    42  cjson.o(.text)
    cJSON_CreateFalse                        0x0802e5a1   Thumb Code    18  cjson.o(.text)
    cJSON_AddFalseToObject                   0x0802e5b3   Thumb Code    42  cjson.o(.text)
    cJSON_CreateBool                         0x0802e5dd   Thumb Code    26  cjson.o(.text)
    cJSON_AddBoolToObject                    0x0802e5f7   Thumb Code    44  cjson.o(.text)
    cJSON_CreateNumber                       0x0802e623   Thumb Code    98  cjson.o(.text)
    cJSON_AddNumberToObject                  0x0802e685   Thumb Code    64  cjson.o(.text)
    cJSON_CreateString                       0x0802e6c5   Thumb Code    44  cjson.o(.text)
    cJSON_AddStringToObject                  0x0802e6f1   Thumb Code    44  cjson.o(.text)
    cJSON_CreateRaw                          0x0802e71d   Thumb Code    44  cjson.o(.text)
    cJSON_AddRawToObject                     0x0802e749   Thumb Code    44  cjson.o(.text)
    cJSON_CreateObject                       0x0802e775   Thumb Code    18  cjson.o(.text)
    cJSON_AddObjectToObject                  0x0802e787   Thumb Code    42  cjson.o(.text)
    cJSON_CreateArray                        0x0802e7b1   Thumb Code    18  cjson.o(.text)
    cJSON_AddArrayToObject                   0x0802e7c3   Thumb Code    42  cjson.o(.text)
    cJSON_DetachItemViaPointer               0x0802e7ed   Thumb Code    58  cjson.o(.text)
    cJSON_DetachItemFromArray                0x0802e827   Thumb Code    26  cjson.o(.text)
    cJSON_DeleteItemFromArray                0x0802e841   Thumb Code    14  cjson.o(.text)
    cJSON_DetachItemFromObject               0x0802e84f   Thumb Code    18  cjson.o(.text)
    cJSON_DetachItemFromObjectCaseSensitive  0x0802e861   Thumb Code    18  cjson.o(.text)
    cJSON_DeleteItemFromObject               0x0802e873   Thumb Code    14  cjson.o(.text)
    cJSON_DeleteItemFromObjectCaseSensitive  0x0802e881   Thumb Code    14  cjson.o(.text)
    cJSON_InsertItemInArray                  0x0802e88f   Thumb Code    56  cjson.o(.text)
    cJSON_ReplaceItemViaPointer              0x0802e8c7   Thumb Code    82  cjson.o(.text)
    cJSON_ReplaceItemInArray                 0x0802e919   Thumb Code    30  cjson.o(.text)
    cJSON_ReplaceItemInObject                0x0802e985   Thumb Code     4  cjson.o(.text)
    cJSON_ReplaceItemInObjectCaseSensitive   0x0802e989   Thumb Code     4  cjson.o(.text)
    cJSON_CreateStringReference              0x0802e98d   Thumb Code    24  cjson.o(.text)
    cJSON_CreateObjectReference              0x0802e9a5   Thumb Code    24  cjson.o(.text)
    cJSON_CreateArrayReference               0x0802e9bd   Thumb Code    24  cjson.o(.text)
    cJSON_CreateIntArray                     0x0802e9d5   Thumb Code    98  cjson.o(.text)
    cJSON_CreateFloatArray                   0x0802ea37   Thumb Code    96  cjson.o(.text)
    cJSON_CreateDoubleArray                  0x0802ea97   Thumb Code    96  cjson.o(.text)
    cJSON_CreateStringArray                  0x0802eaf7   Thumb Code    88  cjson.o(.text)
    cJSON_Duplicate                          0x0802eb4f   Thumb Code   144  cjson.o(.text)
    cJSON_Minify                             0x0802ebdf   Thumb Code   158  cjson.o(.text)
    cJSON_IsInvalid                          0x0802ec7d   Thumb Code    20  cjson.o(.text)
    cJSON_IsFalse                            0x0802ec91   Thumb Code    14  cjson.o(.text)
    cJSON_IsTrue                             0x0802ec9f   Thumb Code    18  cjson.o(.text)
    cJSON_IsBool                             0x0802ecb1   Thumb Code    14  cjson.o(.text)
    cJSON_IsNull                             0x0802ecbf   Thumb Code    18  cjson.o(.text)
    cJSON_IsArray                            0x0802ecd1   Thumb Code    18  cjson.o(.text)
    cJSON_IsObject                           0x0802ece3   Thumb Code    18  cjson.o(.text)
    cJSON_IsRaw                              0x0802ecf5   Thumb Code    18  cjson.o(.text)
    cJSON_Compare                            0x0802ed07   Thumb Code   260  cjson.o(.text)
    cJSON_malloc                             0x0802ee0b   Thumb Code     6  cjson.o(.text)
    __aeabi_ldivmod                          0x0802f01d   Thumb Code    98  ldiv.o(.text)
    __rt_ctype_table                         0x0802f081   Thumb Code     4  ctype_o.o(.text)
    isspace                                  0x0802f089   Thumb Code    18  isspace_o.o(.text)
    tolower                                  0x0802f09b   Thumb Code    12  tolower.o(.text)
    __aeabi_memcpy                           0x0802f0a7   Thumb Code    36  memcpya.o(.text)
    __aeabi_memcpy4                          0x0802f0a7   Thumb Code     0  memcpya.o(.text)
    __aeabi_memcpy8                          0x0802f0a7   Thumb Code     0  memcpya.o(.text)
    __aeabi_memset                           0x0802f0cb   Thumb Code    14  memseta.o(.text)
    __aeabi_memset4                          0x0802f0cb   Thumb Code     0  memseta.o(.text)
    __aeabi_memset8                          0x0802f0cb   Thumb Code     0  memseta.o(.text)
    __aeabi_memclr                           0x0802f0d9   Thumb Code     4  memseta.o(.text)
    __aeabi_memclr4                          0x0802f0d9   Thumb Code     0  memseta.o(.text)
    __aeabi_memclr8                          0x0802f0d9   Thumb Code     0  memseta.o(.text)
    _memset$wrapper                          0x0802f0dd   Thumb Code    18  memseta.o(.text)
    strstr                                   0x0802f0ef   Thumb Code    36  strstr.o(.text)
    strchr                                   0x0802f113   Thumb Code    20  strchr.o(.text)
    strlen                                   0x0802f127   Thumb Code    14  strlen.o(.text)
    strcmp                                   0x0802f135   Thumb Code    28  strcmp.o(.text)
    memcmp                                   0x0802f151   Thumb Code    26  memcmp.o(.text)
    strcpy                                   0x0802f16b   Thumb Code    18  strcpy.o(.text)
    strncmp                                  0x0802f17d   Thumb Code    30  strncmp.o(.text)
    __0sscanf                                0x0802f19d   Thumb Code    48  __0sscanf.o(.text)
    _scanf_real                              0x0802f2fd   Thumb Code     0  scanf_fp.o(.text)
    _scanf_really_real                       0x0802f2fd   Thumb Code   556  scanf_fp.o(.text)
    __aeabi_dadd                             0x0802f535   Thumb Code   322  dadd.o(.text)
    __aeabi_dsub                             0x0802f677   Thumb Code     6  dadd.o(.text)
    __aeabi_drsub                            0x0802f67d   Thumb Code     6  dadd.o(.text)
    __aeabi_dmul                             0x0802f683   Thumb Code   228  dmul.o(.text)
    __aeabi_i2d                              0x0802f767   Thumb Code    34  dflti.o(.text)
    __aeabi_ui2d                             0x0802f789   Thumb Code    26  dfltui.o(.text)
    __aeabi_d2iz                             0x0802f7a3   Thumb Code    62  dfixi.o(.text)
    __aeabi_d2uiz                            0x0802f7e1   Thumb Code    50  dfixui.o(.text)
    __aeabi_f2d                              0x0802f813   Thumb Code    38  f2d.o(.text)
    __aeabi_cdcmpeq                          0x0802f839   Thumb Code     0  cdcmple.o(.text)
    __aeabi_cdcmple                          0x0802f839   Thumb Code    48  cdcmple.o(.text)
    __aeabi_cdrcmple                         0x0802f869   Thumb Code    48  cdrcmple.o(.text)
    __aeabi_uidiv                            0x0802f899   Thumb Code     0  uidiv.o(.text)
    __aeabi_uidivmod                         0x0802f899   Thumb Code    44  uidiv.o(.text)
    __aeabi_uldivmod                         0x0802f8c5   Thumb Code    98  uldiv.o(.text)
    __aeabi_llsl                             0x0802f927   Thumb Code    30  llshl.o(.text)
    _ll_shift_l                              0x0802f927   Thumb Code     0  llshl.o(.text)
    __aeabi_llsr                             0x0802f945   Thumb Code    32  llushr.o(.text)
    _ll_ushift_r                             0x0802f945   Thumb Code     0  llushr.o(.text)
    __aeabi_lasr                             0x0802f965   Thumb Code    36  llsshr.o(.text)
    _ll_sshift_r                             0x0802f965   Thumb Code     0  llsshr.o(.text)
    __vfscanf_char                           0x0802f995   Thumb Code    20  scanf_char.o(.text)
    _sgetc                                   0x0802f9b1   Thumb Code    30  _sgetc.o(.text)
    _sbackspace                              0x0802f9cf   Thumb Code    34  _sgetc.o(.text)
    __strtod_int                             0x0802fa27   Thumb Code    90  strtod.o(.text)
    __I$use$fp                               0x0802fa8d   Thumb Code     0  iusefp.o(.text)
    _double_round                            0x0802fa8d   Thumb Code    30  depilogue.o(.text)
    _double_epilogue                         0x0802faab   Thumb Code   156  depilogue.o(.text)
    __aeabi_ddiv                             0x0802fb47   Thumb Code   222  ddiv.o(.text)
    __aeabi_ul2d                             0x0802fc25   Thumb Code    24  dfltul.o(.text)
    __aeabi_d2ulz                            0x0802fc3d   Thumb Code    48  dfixul.o(.text)
    __aeabi_d2f                              0x0802fc6d   Thumb Code    56  d2f.o(.text)
    __scatterload                            0x0802fca5   Thumb Code    28  init.o(.text)
    __scatterload_rt2                        0x0802fca5   Thumb Code     0  init.o(.text)
    __vfscanf                                0x0802fcc9   Thumb Code   808  _scanf.o(.text)
    _float_round                             0x0802fff5   Thumb Code    18  fepilogue.o(.text)
    _float_epilogue                          0x08030007   Thumb Code    92  fepilogue.o(.text)
    __decompress                             0x08030063   Thumb Code     0  __dczerorl2.o(.text)
    __decompress1                            0x08030063   Thumb Code    86  __dczerorl2.o(.text)
    __0printf                                0x080300b9   Thumb Code    22  printfa.o(i.__0printf)
    __1printf                                0x080300b9   Thumb Code     0  printfa.o(i.__0printf)
    __2printf                                0x080300b9   Thumb Code     0  printfa.o(i.__0printf)
    __c89printf                              0x080300b9   Thumb Code     0  printfa.o(i.__0printf)
    printf                                   0x080300b9   Thumb Code     0  printfa.o(i.__0printf)
    __0sprintf                               0x080300d9   Thumb Code    34  printfa.o(i.__0sprintf)
    __1sprintf                               0x080300d9   Thumb Code     0  printfa.o(i.__0sprintf)
    __2sprintf                               0x080300d9   Thumb Code     0  printfa.o(i.__0sprintf)
    __c89sprintf                             0x080300d9   Thumb Code     0  printfa.o(i.__0sprintf)
    sprintf                                  0x080300d9   Thumb Code     0  printfa.o(i.__0sprintf)
    free                                     0x08030101   Thumb Code    88  mallocr.o(i.__free$realloc)
    __hardfp_fabs                            0x0803015d   Thumb Code    20  fabs.o(i.__hardfp_fabs)
    __hardfp_strtod                          0x08030171   Thumb Code    30  strtod.o(i.__hardfp_strtod)
    malloc                                   0x08030199   Thumb Code    64  mallocr.o(i.__malloc$realloc)
    __scatterload_copy                       0x080301e9   Thumb Code    14  handlers.o(i.__scatterload_copy)
    __scatterload_null                       0x080301f7   Thumb Code     2  handlers.o(i.__scatterload_null)
    __scatterload_zeroinit                   0x080301f9   Thumb Code    14  handlers.o(i.__scatterload_zeroinit)
    _is_digit                                0x0803038d   Thumb Code    14  scanf_fp.o(i._is_digit)
    realloc                                  0x08030b25   Thumb Code   102  mallocr.o(i.realloc)
    FSMC_DefaultTimingStruct                 0x08030bd8   Data          28  stm32f4xx_fsmc.o(.constdata)
    g_pcTagLeadIn                            0x08030bf4   Data           4  httpd.o(.constdata)
    g_pcTagLeadOut                           0x08030bf8   Data           4  httpd.o(.constdata)
    g_psDefaultFilenames                     0x08030bfc   Data          40  httpd.o(.constdata)
    file__device_shtml                       0x080355fc   Data          20  fs.o(.constdata)
    file__index_shtml                        0x08035610   Data          20  fs.o(.constdata)
    file__login_shtml                        0x08035624   Data          20  fs.o(.constdata)
    file__power_shtml                        0x08035638   Data          20  fs.o(.constdata)
    ethbroadcast                             0x0803565c   Data           6  etharp.o(.constdata)
    ethzero                                  0x08035662   Data           6  etharp.o(.constdata)
    ip_addr_any                              0x08035668   Data           4  ip_addr.o(.constdata)
    tcp_persist_backoff                      0x080356a4   Data           7  tcp.o(.constdata)
    tcp_state_str                            0x080356ac   Data          44  tcp.o(.constdata)
    tcp_backoff                              0x080356d8   Data          13  tcp.o(.constdata)
    tcp_pcb_lists                            0x080356e8   Data          16  tcp.o(.constdata)
    pvNullPointer                            0x080356f8   Data           4  sys_arch.o(.constdata)
    memtblsize                               0x0803573c   Data           8  malloc.o(.constdata)
    memblksize                               0x08035744   Data           8  malloc.o(.constdata)
    memsize                                  0x0803574c   Data           8  malloc.o(.constdata)
    OSUnMapTbl                               0x08035754   Data         256  os_core.o(.constdata)
    __ctype_table                            0x08035854   Data         129  ctype_o.o(.constdata)
    Region$$Table$$Base                      0x08035af8   Number         0  anon$$obj.o(Region$$Table)
    Region$$Table$$Limit                     0x08035b18   Number         0  anon$$obj.o(Region$$Table)
    SystemCoreClock                          0x20000010   Data           4  system_stm32f4xx.o(.data)
    AHBPrescTable                            0x20000014   Data          16  system_stm32f4xx.o(.data)
    g_cIp                                    0x20000024   Data           4  sw_global.o(.data)
    g_cPort                                  0x20000028   Data           2  sw_global.o(.data)
    g_cGateway                               0x2000002a   Data           4  sw_global.o(.data)
    g_cSysRst                                0x2000002e   Data           1  sw_global.o(.data)
    slave_rst_flag                           0x2000002f   Data           1  sw_global.o(.data)
    max_bright_proportion                    0x20000030   Data           1  sw_global.o(.data)
    slave_communication                      0x20000034   Data           4  sw_global.o(.data)
    checkself_flag                           0x20000038   Data           1  sw_global.o(.data)
    G_ItemFlag                               0x20000039   Data           1  sw_global.o(.data)
    G_ItemUpdateFlag                         0x2000003a   Data           1  sw_global.o(.data)
    G_TranFrameCnt                           0x2000003b   Data           1  sw_global.o(.data)
    G_DisplayFlag                            0x2000003c   Data           1  sw_global.o(.data)
    temporary_flag                           0x2000003d   Data           1  sw_global.o(.data)
    HostAddrH                                0x2000003e   Data           1  sw_global.o(.data)
    HostAddrL                                0x2000003f   Data           1  sw_global.o(.data)
    UDPResetFlag                             0x20000040   Data           1  sw_global.o(.data)
    G_MoZuType                               0x20000041   Data           1  sw_global.o(.data)
    G_BaudRate                               0x20000044   Data           4  sw_global.o(.data)
    IPAddress                                0x20000048   Data           4  sw_global.o(.data)
    NetMask                                  0x2000004c   Data           4  sw_global.o(.data)
    GetWay                                   0x20000050   Data           4  sw_global.o(.data)
    LocalPort                                0x20000054   Data           2  sw_global.o(.data)
    G_SlaveNum                               0x20000056   Data           1  sw_global.o(.data)
    KeyFlag                                  0x20000057   Data           1  sw_global.o(.data)
    G_DataSetFlag                            0x20000058   Data           1  sw_global.o(.data)
    G_UpCpuFlag                              0x20000059   Data           1  sw_global.o(.data)
    Keydebug                                 0x2000005a   Data           1  sw_global.o(.data)
    G_IDHost                                 0x2000005b   Data           1  sw_global.o(.data)
    host_Flag                                0x2000005c   Data           1  sw_global.o(.data)
    YuZhiFlag                                0x2000005d   Data           1  sw_global.o(.data)
    YuZhiXuHao                               0x20000060   Data           4  sw_global.o(.data)
    UsartTranCnt                             0x20000064   Data           2  sw_global.o(.data)
    UsartTranLength                          0x20000066   Data           2  sw_global.o(.data)
    UsartTranDataPot                         0x20000068   Data           4  sw_global.o(.data)
    RS485TranCnt                             0x2000006c   Data           2  sw_global.o(.data)
    RS485TranLength                          0x2000006e   Data           2  sw_global.o(.data)
    RS485TranDataPot                         0x20000070   Data           4  sw_global.o(.data)
    BrightMod                                0x20000074   Data           1  sw_global.o(.data)
    BrightValue                              0x20000078   Data           4  sw_global.o(.data)
    BrightPwm                                0x2000007c   Data           2  sw_global.o(.data)
    SUV_pwm                                  0x2000007e   Data           2  sw_global.o(.data)
    AnaSem_flag                              0x20000080   Data           1  sw_global.o(.data)
    Ana_flag                                 0x20000081   Data           1  sw_global.o(.data)
    screenflag                               0x20000082   Data           1  sw_global.o(.data)
    Period                                   0x20000084   Data           2  sw_global.o(.data)
    Prescaler                                0x20000086   Data           2  sw_global.o(.data)
    TCPorUDPFlag                             0x20000088   Data           1  sw_global.o(.data)
    g_cRemot_addr                            0x2000008c   Data           4  sw_global.o(.data)
    g_cSEND_BUF_SIZE                         0x20000090   Data           4  sw_global.o(.data)
    CtrlCentRecMsgQeueTab                    0x20000094   Data           8  sw_global.o(.data)
    CtrlCentRecMsgQeue                       0x2000009c   Data           4  sw_global.o(.data)
    UdpTranMsgQeueTab                        0x200000a0   Data           4  sw_global.o(.data)
    UdpTranMsgQeue                           0x200000a4   Data           4  sw_global.o(.data)
    UdpHearbeatQeueTab                       0x200000a8   Data           4  sw_global.o(.data)
    InfmBoard_ErrQeue                        0x200000ac   Data           4  sw_global.o(.data)
    InfmBoardLed_ErrQeue                     0x200000b0   Data           4  sw_global.o(.data)
    UsartTranSem                             0x200000b4   Data           4  sw_global.o(.data)
    RS485RecMsgQeueTab                       0x200000b8   Data           8  sw_global.o(.data)
    RS485RecMsgQeue                          0x200000c0   Data           4  sw_global.o(.data)
    RS485Sem                                 0x200000c4   Data           4  sw_global.o(.data)
    SDSem                                    0x200000c8   Data           4  sw_global.o(.data)
    HearbeatSem                              0x200000cc   Data           4  sw_global.o(.data)
    PlayListMsgQeue                          0x200000d0   Data           4  sw_global.o(.data)
    offset                                   0x200000d4   Data           4  sw_global.o(.data)
    Hostdata1                                0x200000d8   Data           1  sw_global.o(.data)
    Hostdata2                                0x200000d9   Data           1  sw_global.o(.data)
    hear_beat_flag                           0x200000da   Data           1  app.o(.data)
    read_fime_num                            0x200000dc   Data           1  ctrlcenter_app.o(.data)
    read_over_flag                           0x200000de   Data           2  ctrlcenter_app.o(.data)
    BrightAD                                 0x200000e8   Data           2  dis_app.o(.data)
    breakflag                                0x200000ea   Data           1  dis_app.o(.data)
    PlayNum                                  0x200000eb   Data           1  dis_app.o(.data)
    NOWPlayNum                               0x200000ec   Data           1  dis_app.o(.data)
    DMARxDscrTab                             0x200000f4   Data           4  lan8720.o(.data)
    DMATxDscrTab                             0x200000f8   Data           4  lan8720.o(.data)
    Rx_Buff                                  0x200000fc   Data           4  lan8720.o(.data)
    Tx_Buff                                  0x20000100   Data           4  lan8720.o(.data)
    ItemTab                                  0x20000104   Data           4  sw_controlcenter.o(.data)
    ItemNoTab                                0x20000108   Data           8  sw_controlcenter.o(.data)
    DoorStflag                               0x20000110   Data           1  sw_controlcenter.o(.data)
    LdrSt                                    0x20000111   Data           1  sw_controlcenter.o(.data)
    SCREEN_HANG_FH                           0x20000112   Data           2  sw_controlcenter.o(.data)
    TransferError                            0x20000117   Data           1  sdio_sdcard.o(.data)
    TransferEnd                              0x20000118   Data           1  sdio_sdcard.o(.data)
    tempbuff                                 0x20000120   Data           4  sdio_sdcard.o(.data)
    bright_calculate                         0x20000128   Data           1  user_tim3_pwm.o(.data)
    bright_level                             0x2000012c   Data           2  user_tim3_pwm.o(.data)
    last_bright_level                        0x2000012e   Data           2  user_tim3_pwm.o(.data)
    bright_level_flag                        0x20000138   Data           1  user_tim3_pwm.o(.data)
    RTC_TimeStruct                           0x20000139   Data           4  rtc.o(.data)
    RTC_DateStruct                           0x2000013d   Data           4  rtc.o(.data)
    g_tTime                                  0x20000141   Data           7  rtc.o(.data)
    ADC1ConvertedValue                       0x20000148   Data           2  ad.o(.data)
    DMATxDescToSet                           0x2000015c   Data           4  stm32f4x7_eth.o(.data)
    DMARxDescToGet                           0x20000160   Data           4  stm32f4x7_eth.o(.data)
    DMA_RX_FRAME_infos                       0x20000164   Data           4  stm32f4x7_eth.o(.data)
    __stdout                                 0x20000168   Data           4  usart.o(.data)
    TCPIP_THREAD_TASK_STK                    0x2000016c   Data           4  lwip_comm.o(.data)
    LWIP_DHCP_TASK_STK                       0x20000170   Data           4  lwip_comm.o(.data)
    tcp_server_flag                          0x20000174   Data           1  tcp_server_demo.o(.data)
    tcp_server_recvbuf                       0x20000180   Data           4  tcp_server_demo.o(.data)
    g_pfnSSIHandler                          0x20000184   Data           4  httpd.o(.data)
    g_iNumTags                               0x20000188   Data           4  httpd.o(.data)
    g_ppcTags                                0x2000018c   Data           4  httpd.o(.data)
    g_pCGIs                                  0x20000190   Data           4  httpd.o(.data)
    g_iNumCGIs                               0x20000194   Data           4  httpd.o(.data)
    g_pcSSIExtensions                        0x20000198   Data          16  httpd.o(.data)
    udp_flag                                 0x200001e8   Data           1  udp_demo.o(.data)
    udp_demo_recvbuf                         0x20000208   Data           4  udp_demo.o(.data)
    current_netif                            0x20000214   Data           4  ip.o(.data)
    current_header                           0x20000218   Data           4  ip.o(.data)
    current_iphdr_src                        0x2000021c   Data           4  ip.o(.data)
    current_iphdr_dest                       0x20000220   Data           4  ip.o(.data)
    ram_heap                                 0x2000022c   Data           4  mem.o(.data)
    memp_memory                              0x20000240   Data           4  memp.o(.data)
    netif_list                               0x20000248   Data           4  netif.o(.data)
    netif_default                            0x2000024c   Data           4  netif.o(.data)
    tcp_active_pcbs_changed                  0x20000254   Data           1  tcp.o(.data)
    tcp_ticks                                0x20000260   Data           4  tcp.o(.data)
    tcp_bound_pcbs                           0x20000264   Data           4  tcp.o(.data)
    tcp_listen_pcbs                          0x20000268   Data           4  tcp.o(.data)
    tcp_active_pcbs                          0x2000026c   Data           4  tcp.o(.data)
    tcp_tw_pcbs                              0x20000270   Data           4  tcp.o(.data)
    tcp_tmp_pcb                              0x20000274   Data           4  tcp.o(.data)
    tcp_input_pcb                            0x20000290   Data           4  tcp_in.o(.data)
    udp_pcbs                                 0x200002a0   Data           4  udp.o(.data)
    mallco_dev                               0x200002b8   Data          28  malloc.o(.data)
    OSCPUUsage                               0x200002d8   Data           1  os_core.o(.data)
    OSStatRdy                                0x200002d9   Data           1  os_core.o(.data)
    OSIntNesting                             0x200002da   Data           1  os_core.o(.data)
    OSLockNesting                            0x200002db   Data           1  os_core.o(.data)
    OSPrioCur                                0x200002dc   Data           1  os_core.o(.data)
    OSPrioHighRdy                            0x200002dd   Data           1  os_core.o(.data)
    OSRdyGrp                                 0x200002de   Data           1  os_core.o(.data)
    OSRunning                                0x200002df   Data           1  os_core.o(.data)
    OSTaskCtr                                0x200002e0   Data           1  os_core.o(.data)
    OSTickStepState                          0x200002e1   Data           1  os_core.o(.data)
    OSCtxSwCtr                               0x200002e4   Data           4  os_core.o(.data)
    OSEventFreeList                          0x200002e8   Data           4  os_core.o(.data)
    OSIdleCtrMax                             0x200002ec   Data           4  os_core.o(.data)
    OSIdleCtrRun                             0x200002f0   Data           4  os_core.o(.data)
    OSIdleCtr                                0x200002f4   Data           4  os_core.o(.data)
    OSTCBCur                                 0x200002f8   Data           4  os_core.o(.data)
    OSTCBFreeList                            0x200002fc   Data           4  os_core.o(.data)
    OSTCBHighRdy                             0x20000300   Data           4  os_core.o(.data)
    OSTCBList                                0x20000304   Data           4  os_core.o(.data)
    OSTime                                   0x20000308   Data           4  os_core.o(.data)
    OSRdyTbl                                 0x2000030c   Data           8  os_core.o(.data)
    OSFlagFreeList                           0x20000314   Data           4  os_core.o(.data)
    OSMemFreeList                            0x20000318   Data           4  os_core.o(.data)
    OSQFreeList                              0x2000031c   Data           4  os_core.o(.data)
    OSTmrFree                                0x20000320   Data           2  os_core.o(.data)
    OSTmrUsed                                0x20000322   Data           2  os_core.o(.data)
    OSTmrTime                                0x20000324   Data           4  os_core.o(.data)
    OSTmrSem                                 0x20000328   Data           4  os_core.o(.data)
    OSTmrSemSignal                           0x2000032c   Data           4  os_core.o(.data)
    OSTmrFreeList                            0x20000330   Data           4  os_core.o(.data)
    FLASH_SECTOR_COUNT                       0x2000033c   Data           2  diskio.o(.data)
    __microlib_freelist                      0x20000354   Data           4  mvars.o(.data)
    __microlib_freelist_initialised          0x20000358   Data           4  mvars.o(.data)
    task_led1_stk                            0x2000035c   Data         512  main.o(.bss)
    task_cch_stk                             0x2000055c   Data       16000  main.o(.bss)
    task_rpl_stk                             0x200043dc   Data       19200  main.o(.bss)
    task_dis_ctrl_stk                        0x20008edc   Data       12400  main.o(.bss)
    key_Code_stk                             0x2000bf4c   Data        2048  main.o(.bss)
    g_cIpWhiteList                           0x2000c74c   Data          20  sw_global.o(.bss)
    ItemBuffer                               0x2000c760   Data       12292  sw_global.o(.bss)
    G_ScreenSet                              0x2000f764   Data           9  sw_global.o(.bss)
    G_BoxSet                                 0x2000f76d   Data           9  sw_global.o(.bss)
    PlayListMsgQeueTab                       0x2000f778   Data          12  sw_global.o(.bss)
    resetok                                  0x2000f784   Data          10  sw_global.o(.bss)
    Itemlisttab                              0x2000f78e   Data         800  host_app.o(.bss)
    PlayListTab                              0x2000faae   Data         400  dis_app.o(.bss)
    SDIO_InitStructure                       0x2000fc40   Data          24  sdio_sdcard.o(.bss)
    SDIO_CmdInitStructure                    0x2000fc58   Data          20  sdio_sdcard.o(.bss)
    SDIO_DataInitStructure                   0x2000fc6c   Data          24  sdio_sdcard.o(.bss)
    SDCardInfo                               0x2000fca8   Data          88  sdio_sdcard.o(.bss)
    SDIO_DATA_BUFFER                         0x2000fd00   Data         512  sdio_sdcard.o(.bss)
    RX_Frame_Descriptor                      0x2000ff00   Data          12  stm32f4x7_eth.o(.bss)
    lwipdev                                  0x2000ff0c   Data          23  lwip_comm.o(.bss)
    lwip_netif                               0x2000ff24   Data          48  lwip_comm.o(.bss)
    TCPSERVER_TASK_STK                       0x2000ff54   Data        3200  tcp_server_demo.o(.bss)
    fs_memory                                0x20010fd4   Data         240  fs.o(.bss)
    UDP_TASK_STK                             0x200110c4   Data        4096  udp_demo.o(.bss)
    mem1base                                 0x20012248   Data       40960  malloc.o(.bss)
    mem1mapbase                              0x2001c248   Data        2560  malloc.o(.bss)
    OSEventTbl                               0x2001cc48   Data         480  os_core.o(.bss)
    OSTaskStatStk                            0x2001ce28   Data         512  os_core.o(.bss)
    OSTaskIdleStk                            0x2001d028   Data         512  os_core.o(.bss)
    OSTCBPrioTbl                             0x2001d228   Data         256  os_core.o(.bss)
    OSTCBTbl                                 0x2001d328   Data        1008  os_core.o(.bss)
    OSFlagTbl                                0x2001d718   Data          80  os_core.o(.bss)
    OSMemTbl                                 0x2001d768   Data         240  os_core.o(.bss)
    OSQTbl                                   0x2001d858   Data         480  os_core.o(.bss)
    OSTmrTbl                                 0x2001da38   Data         640  os_core.o(.bss)
    OSTmrTaskStk                             0x2001dcb8   Data         512  os_core.o(.bss)
    OSTmrWheelTbl                            0x2001deb8   Data          64  os_core.o(.bss)
    __heap_base                              0x2001df08   Data           0  startup_stm32f40_41xxx.o(HEAP)
    __heap_limit                             0x2001ef08   Data           0  startup_stm32f40_41xxx.o(HEAP)
    __initial_sp                             0x2001ff08   Data           0  startup_stm32f40_41xxx.o(STACK)
    mem2base                                 0x68000000   Data       614400  malloc.o(.ARM.__AT_0x68000000)
    mem2mapbase                              0x68096000   Data       38400  malloc.o(.ARM.__AT_0x68096000)



==============================================================================

Memory Map of the image

  Image Entry point : 0x08010189

  Load Region LR_IROM1 (Base: 0x08010000, Size: 0x00025e74, Max: 0x000ef800, ABSOLUTE, COMPRESSED[0x00025be4])

    Execution Region ER_IROM1 (Exec base: 0x08010000, Load base: 0x08010000, Size: 0x00025b18, Max: 0x000ef800, ABSOLUTE)

    Exec Addr    Load Addr    Size         Type   Attr      Idx    E Section Name        Object

    0x08010000   0x08010000   0x00000188   Data   RO         1405    RESET               startup_stm32f40_41xxx.o
    0x08010188   0x08010188   0x00000000   Code   RO         3405  * .ARM.Collect$$$$00000000  mc_w.l(entry.o)
    0x08010188   0x08010188   0x00000004   Code   RO         3773    .ARM.Collect$$$$00000001  mc_w.l(entry2.o)
    0x0801018c   0x0801018c   0x00000004   Code   RO         3776    .ARM.Collect$$$$00000004  mc_w.l(entry5.o)
    0x08010190   0x08010190   0x00000000   Code   RO         3778    .ARM.Collect$$$$00000008  mc_w.l(entry7b.o)
    0x08010190   0x08010190   0x00000000   Code   RO         3780    .ARM.Collect$$$$0000000A  mc_w.l(entry8b.o)
    0x08010190   0x08010190   0x00000008   Code   RO         3781    .ARM.Collect$$$$0000000B  mc_w.l(entry9a.o)
    0x08010198   0x08010198   0x00000000   Code   RO         3783    .ARM.Collect$$$$0000000D  mc_w.l(entry10a.o)
    0x08010198   0x08010198   0x00000000   Code   RO         3785    .ARM.Collect$$$$0000000F  mc_w.l(entry11a.o)
    0x08010198   0x08010198   0x00000004   Code   RO         3774    .ARM.Collect$$$$00002712  mc_w.l(entry2.o)
    0x0801019c   0x0801019c   0x00000010   Code   RO         1809    .emb_text           sys.o
    0x080101ac   0x080101ac   0x00000160   Code   RO            3    .text               main.o
    0x0801030c   0x0801030c   0x00000344   Code   RO          323    .text               stm32f4xx_it.o
    0x08010650   0x08010650   0x0000017c   Code   RO          387    .text               system_stm32f4xx.o
    0x080107cc   0x080107cc   0x0000013c   Code   RO          630    .text               app.o
    0x08010908   0x08010908   0x00000bc8   Code   RO          690    .text               ctrlcenter_app.o
    0x080114d0   0x080114d0   0x000008bc   Code   RO          736    .text               host_app.o
    0x08011d8c   0x08011d8c   0x00000804   Code   RO          770    .text               dis_app.o
    0x08012590   0x08012590   0x000002d4   Code   RO          800    .text               base64.o
    0x08012864   0x08012864   0x00000078   Code   RO          832    .text               led.o
    0x080128dc   0x080128dc   0x00000090   Code   RO          852    .text               timer.o
    0x0801296c   0x0801296c   0x000002f0   Code   RO          879    .text               lan8720.o
    0x08012c5c   0x08012c5c   0x000002e0   Code   RO          906    .text               sram.o
    0x08012f3c   0x08012f3c   0x000000c4   Code   RO          950    .text               bsp.o
    0x08013000   0x08013000   0x00001fa8   Code   RO          987    .text               sw_controlcenter.o
    0x08014fa8   0x08014fa8   0x00000028   Code   RO         1050    .text               wdg.o
    0x08014fd0   0x08014fd0   0x00001790   Code   RO         1070    .text               sdio_sdcard.o
    0x08016760   0x08016760   0x000008ac   Code   RO         1105    .text               sw_host.o
    0x0801700c   0x0801700c   0x00000060   Code   RO         1125    .text               user_crc.o
    0x0801706c   0x0801706c   0x00000388   Code   RO         1145    .text               user_tim3_pwm.o
    0x080173f4   0x080173f4   0x00000074   Code   RO         1178    .text               nvic.o
    0x08017468   0x08017468   0x000000c4   Code   RO         1227    .text               power.o
    0x0801752c   0x0801752c   0x00000278   Code   RO         1247    .text               rtc.o
    0x080177a4   0x080177a4   0x00000118   Code   RO         1274    .text               lsens.o
    0x080178bc   0x080178bc   0x0000008c   Code   RO         1295    .text               adc3.o
    0x08017948   0x08017948   0x0000010c   Code   RO         1315    .text               ad.o
    0x08017a54   0x08017a54   0x00000d30   Code   RO         1341    .text               bmp.o
    0x08018784   0x08018784   0x000002d0   Code   RO         1361    .text               i2c.o
    0x08018a54   0x08018a54   0x000002cc   Code   RO         1385    .text               key.o
    0x08018d20   0x08018d20   0x00000024   Code   RO         1406    .text               startup_stm32f40_41xxx.o
    0x08018d44   0x08018d44   0x000000b0   Code   RO         1412    .text               misc.o
    0x08018df4   0x08018df4   0x0000020c   Code   RO         1432    .text               stm32f4xx_gpio.o
    0x08019000   0x08019000   0x00000480   Code   RO         1452    .text               stm32f4xx_rcc.o
    0x08019480   0x08019480   0x0000007c   Code   RO         1474    .text               stm32f4xx_syscfg.o
    0x080194fc   0x080194fc   0x000009dc   Code   RO         1494    .text               stm32f4xx_tim.o
    0x08019ed8   0x08019ed8   0x00000358   Code   RO         1515    .text               stm32f4xx_usart.o
    0x0801a230   0x0801a230   0x00000a80   Code   RO         1535    .text               stm32f4x7_eth.o
    0x0801acb0   0x0801acb0   0x00000354   Code   RO         1561    .text               stm32f4xx_adc.o
    0x0801b004   0x0801b004   0x00000448   Code   RO         1581    .text               stm32f4xx_fsmc.o
    0x0801b44c   0x0801b44c   0x00000a4c   Code   RO         1604    .text               stm32f4xx_rtc.o
    0x0801be98   0x0801be98   0x000000e0   Code   RO         1625    .text               stm32f4xx_exti.o
    0x0801bf78   0x0801bf78   0x00000128   Code   RO         1645    .text               stm32f4xx_pwr.o
    0x0801c0a0   0x0801c0a0   0x00000320   Code   RO         1686    .text               stm32f4xx_dma.o
    0x0801c3c0   0x0801c3c0   0x000001b8   Code   RO         1706    .text               stm32f4xx_sdio.o
    0x0801c578   0x0801c578   0x00000040   Code   RO         1726    .text               stm32f4xx_crc.o
    0x0801c5b8   0x0801c5b8   0x0000003c   Code   RO         1746    .text               stm32f4xx_iwdg.o
    0x0801c5f4   0x0801c5f4   0x00000090   Code   RO         1786    .text               delay.o
    0x0801c684   0x0801c684   0x00000264   Code   RO         1827    .text               usart.o
    0x0801c8e8   0x0801c8e8   0x00000194   Code   RO         1861    .text               lwip_comm.o
    0x0801ca7c   0x0801ca7c   0x0000033c   Code   RO         1939    .text               tcp_server_demo.o
    0x0801cdb8   0x0801cdb8   0x00000e2c   Code   RO         1969    .text               httpd.o
    0x0801dbe4   0x0801dbe4   0x000000d8   Code   RO         2010    .text               fs.o
    0x0801dcbc   0x0801dcbc   0x00000720   Code   RO         2047    .text               httpd_cgi_ssi.o
    0x0801e3dc   0x0801e3dc   0x0000033c   Code   RO         2073    .text               udp_demo.o
    0x0801e718   0x0801e718   0x00000aa4   Code   RO         2107    .text               etharp.o
    0x0801f1bc   0x0801f1bc   0x000001dc   Code   RO         2143    .text               ethernetif.o
    0x0801f398   0x0801f398   0x00000330   Code   RO         2195    .text               icmp.o
    0x0801f6c8   0x0801f6c8   0x0000024c   Code   RO         2253    .text               inet_chksum.o
    0x0801f914   0x0801f914   0x00000334   Code   RO         2273    .text               ip.o
    0x0801fc48   0x0801fc48   0x0000024c   Code   RO         2315    .text               ip_addr.o
    0x0801fe94   0x0801fe94   0x0000082c   Code   RO         2347    .text               ip_frag.o
    0x080206c0   0x080206c0   0x00000010   Code   RO         2369    .text               def.o
    0x080206d0   0x080206d0   0x00000026   Code   RO         2418    .text               init.o
    0x080206f6   0x080206f6   0x00000002   PAD
    0x080206f8   0x080206f8   0x000005b0   Code   RO         2456    .text               mem.o
    0x08020ca8   0x08020ca8   0x00000198   Code   RO         2479    .text               memp.o
    0x08020e40   0x08020e40   0x00000254   Code   RO         2521    .text               netif.o
    0x08021094   0x08021094   0x00000d32   Code   RO         2552    .text               pbuf.o
    0x08021dc6   0x08021dc6   0x00000002   PAD
    0x08021dc8   0x08021dc8   0x000001f8   Code   RO         2573    .text               raw.o
    0x08021fc0   0x08021fc0   0x00000fe4   Code   RO         2609    .text               tcp.o
    0x08022fa4   0x08022fa4   0x0000111c   Code   RO         2642    .text               tcp_in.o
    0x080240c0   0x080240c0   0x0000100a   Code   RO         2673    .text               tcp_out.o
    0x080250ca   0x080250ca   0x00000002   PAD
    0x080250cc   0x080250cc   0x00000244   Code   RO         2694    .text               timers.o
    0x08025310   0x08025310   0x00000460   Code   RO         2716    .text               udp.o
    0x08025770   0x08025770   0x00000330   Code   RO         2743    .text               sys_arch.o
    0x08025aa0   0x08025aa0   0x0000098c   Code   RO         2770    .text               api_lib.o
    0x0802642c   0x0802642c   0x0000140c   Code   RO         2809    .text               api_msg.o
    0x08027838   0x08027838   0x00000310   Code   RO         2852    .text               netbuf.o
    0x08027b48   0x08027b48   0x0000142c   Code   RO         2906    .text               sockets.o
    0x08028f74   0x08028f74   0x00000330   Code   RO         2930    .text               tcpip.o
    0x080292a4   0x080292a4   0x000001ec   Code   RO         2961    .text               malloc.o
    0x08029490   0x08029490   0x00000174   Code   RO         2993    .text               os_cpu_c.o
    0x08029604   0x08029604   0x000000c8   Code   RO         3039    .text               os_cpu_a.o
    0x080296cc   0x080296cc   0x000006c0   Code   RO         3044    .text               os_core.o
    0x08029d8c   0x08029d8c   0x00000590   Code   RO         3088    .text               os_flag.o
    0x0802a31c   0x0802a31c   0x0000018c   Code   RO         3129    .text               os_mem.o
    0x0802a4a8   0x0802a4a8   0x00000518   Code   RO         3169    .text               os_q.o
    0x0802a9c0   0x0802a9c0   0x0000034c   Code   RO         3189    .text               os_sem.o
    0x0802ad0c   0x0802ad0c   0x00000680   Code   RO         3209    .text               os_task.o
    0x0802b38c   0x0802b38c   0x00000160   Code   RO         3230    .text               os_time.o
    0x0802b4ec   0x0802b4ec   0x0000054c   Code   RO         3250    .text               os_tmr.o
    0x0802ba38   0x0802ba38   0x00001938   Code   RO         3270    .text               ff.o
    0x0802d370   0x0802d370   0x00000110   Code   RO         3302    .text               diskio.o
    0x0802d480   0x0802d480   0x00001b9c   Code   RO         3352    .text               cjson.o
    0x0802f01c   0x0802f01c   0x00000062   Code   RO         3408    .text               mc_w.l(ldiv.o)
    0x0802f07e   0x0802f07e   0x00000002   PAD
    0x0802f080   0x0802f080   0x00000008   Code   RO         3410    .text               mc_w.l(ctype_o.o)
    0x0802f088   0x0802f088   0x00000012   Code   RO         3432    .text               mc_w.l(isspace_o.o)
    0x0802f09a   0x0802f09a   0x0000000c   Code   RO         3438    .text               mc_w.l(tolower.o)
    0x0802f0a6   0x0802f0a6   0x00000024   Code   RO         3440    .text               mc_w.l(memcpya.o)
    0x0802f0ca   0x0802f0ca   0x00000024   Code   RO         3442    .text               mc_w.l(memseta.o)
    0x0802f0ee   0x0802f0ee   0x00000024   Code   RO         3444    .text               mc_w.l(strstr.o)
    0x0802f112   0x0802f112   0x00000014   Code   RO         3446    .text               mc_w.l(strchr.o)
    0x0802f126   0x0802f126   0x0000000e   Code   RO         3448    .text               mc_w.l(strlen.o)
    0x0802f134   0x0802f134   0x0000001c   Code   RO         3450    .text               mc_w.l(strcmp.o)
    0x0802f150   0x0802f150   0x0000001a   Code   RO         3452    .text               mc_w.l(memcmp.o)
    0x0802f16a   0x0802f16a   0x00000012   Code   RO         3454    .text               mc_w.l(strcpy.o)
    0x0802f17c   0x0802f17c   0x0000001e   Code   RO         3456    .text               mc_w.l(strncmp.o)
    0x0802f19a   0x0802f19a   0x00000002   PAD
    0x0802f19c   0x0802f19c   0x00000038   Code   RO         3749    .text               mc_w.l(__0sscanf.o)
    0x0802f1d4   0x0802f1d4   0x00000360   Code   RO         3751    .text               mc_w.l(scanf_fp.o)
    0x0802f534   0x0802f534   0x0000014e   Code   RO         3755    .text               mf_w.l(dadd.o)
    0x0802f682   0x0802f682   0x000000e4   Code   RO         3757    .text               mf_w.l(dmul.o)
    0x0802f766   0x0802f766   0x00000022   Code   RO         3759    .text               mf_w.l(dflti.o)
    0x0802f788   0x0802f788   0x0000001a   Code   RO         3761    .text               mf_w.l(dfltui.o)
    0x0802f7a2   0x0802f7a2   0x0000003e   Code   RO         3763    .text               mf_w.l(dfixi.o)
    0x0802f7e0   0x0802f7e0   0x00000032   Code   RO         3765    .text               mf_w.l(dfixui.o)
    0x0802f812   0x0802f812   0x00000026   Code   RO         3767    .text               mf_w.l(f2d.o)
    0x0802f838   0x0802f838   0x00000030   Code   RO         3769    .text               mf_w.l(cdcmple.o)
    0x0802f868   0x0802f868   0x00000030   Code   RO         3771    .text               mf_w.l(cdrcmple.o)
    0x0802f898   0x0802f898   0x0000002c   Code   RO         3787    .text               mc_w.l(uidiv.o)
    0x0802f8c4   0x0802f8c4   0x00000062   Code   RO         3789    .text               mc_w.l(uldiv.o)
    0x0802f926   0x0802f926   0x0000001e   Code   RO         3791    .text               mc_w.l(llshl.o)
    0x0802f944   0x0802f944   0x00000020   Code   RO         3793    .text               mc_w.l(llushr.o)
    0x0802f964   0x0802f964   0x00000024   Code   RO         3795    .text               mc_w.l(llsshr.o)
    0x0802f988   0x0802f988   0x00000028   Code   RO         3799    .text               mc_w.l(scanf_char.o)
    0x0802f9b0   0x0802f9b0   0x00000040   Code   RO         3801    .text               mc_w.l(_sgetc.o)
    0x0802f9f0   0x0802f9f0   0x0000009c   Code   RO         3803    .text               mc_w.l(strtod.o)
    0x0802fa8c   0x0802fa8c   0x00000000   Code   RO         3805    .text               mc_w.l(iusefp.o)
    0x0802fa8c   0x0802fa8c   0x000000ba   Code   RO         3806    .text               mf_w.l(depilogue.o)
    0x0802fb46   0x0802fb46   0x000000de   Code   RO         3808    .text               mf_w.l(ddiv.o)
    0x0802fc24   0x0802fc24   0x00000018   Code   RO         3810    .text               mf_w.l(dfltul.o)
    0x0802fc3c   0x0802fc3c   0x00000030   Code   RO         3812    .text               mf_w.l(dfixul.o)
    0x0802fc6c   0x0802fc6c   0x00000038   Code   RO         3814    .text               mf_w.l(d2f.o)
    0x0802fca4   0x0802fca4   0x00000024   Code   RO         3816    .text               mc_w.l(init.o)
    0x0802fcc8   0x0802fcc8   0x0000032c   Code   RO         3820    .text               mc_w.l(_scanf.o)
    0x0802fff4   0x0802fff4   0x0000006e   Code   RO         3822    .text               mf_w.l(fepilogue.o)
    0x08030062   0x08030062   0x00000056   Code   RO         3835    .text               mc_w.l(__dczerorl2.o)
    0x080300b8   0x080300b8   0x00000020   Code   RO         3693    i.__0printf         mc_w.l(printfa.o)
    0x080300d8   0x080300d8   0x00000028   Code   RO         3695    i.__0sprintf        mc_w.l(printfa.o)
    0x08030100   0x08030100   0x0000005c   Code   RO         3725    i.__free$realloc    mc_w.l(mallocr.o)
    0x0803015c   0x0803015c   0x00000014   Code   RO         3393    i.__hardfp_fabs     m_wm.l(fabs.o)
    0x08030170   0x08030170   0x00000028   Code   RO         3399    i.__hardfp_strtod   m_wm.l(strtod.o)
    0x08030198   0x08030198   0x00000050   Code   RO         3726    i.__malloc$realloc  mc_w.l(mallocr.o)
    0x080301e8   0x080301e8   0x0000000e   Code   RO         3829    i.__scatterload_copy  mc_w.l(handlers.o)
    0x080301f6   0x080301f6   0x00000002   Code   RO         3830    i.__scatterload_null  mc_w.l(handlers.o)
    0x080301f8   0x080301f8   0x0000000e   Code   RO         3831    i.__scatterload_zeroinit  mc_w.l(handlers.o)
    0x08030206   0x08030206   0x00000002   PAD
    0x08030208   0x08030208   0x00000184   Code   RO         3700    i._fp_digits        mc_w.l(printfa.o)
    0x0803038c   0x0803038c   0x0000000e   Code   RO         3753    i._is_digit         mc_w.l(scanf_fp.o)
    0x0803039a   0x0803039a   0x00000002   PAD
    0x0803039c   0x0803039c   0x000006dc   Code   RO         3701    i._printf_core      mc_w.l(printfa.o)
    0x08030a78   0x08030a78   0x00000024   Code   RO         3702    i._printf_post_padding  mc_w.l(printfa.o)
    0x08030a9c   0x08030a9c   0x0000002e   Code   RO         3703    i._printf_pre_padding  mc_w.l(printfa.o)
    0x08030aca   0x08030aca   0x0000000a   Code   RO         3705    i._sputc            mc_w.l(printfa.o)
    0x08030ad4   0x08030ad4   0x00000050   Code   RO         3727    i.internal_alloc    mc_w.l(mallocr.o)
    0x08030b24   0x08030b24   0x0000006c   Code   RO         3728    i.realloc           mc_w.l(mallocr.o)
    0x08030b90   0x08030b90   0x00000045   Data   RO          801    .constdata          base64.o
    0x08030bd5   0x08030bd5   0x00000003   PAD
    0x08030bd8   0x08030bd8   0x0000001c   Data   RO         1582    .constdata          stm32f4xx_fsmc.o
    0x08030bf4   0x08030bf4   0x00000030   Data   RO         1971    .constdata          httpd.o
    0x08030c24   0x08030c24   0x000016cf   Data   RO         2012    .constdata          fs.o
    0x080322f3   0x080322f3   0x00001881   Data   RO         2013    .constdata          fs.o
    0x08033b74   0x08033b74   0x00000d75   Data   RO         2014    .constdata          fs.o
    0x080348e9   0x080348e9   0x00000d10   Data   RO         2015    .constdata          fs.o
    0x080355f9   0x080355f9   0x00000003   PAD
    0x080355fc   0x080355fc   0x00000014   Data   RO         2016    .constdata          fs.o
    0x08035610   0x08035610   0x00000014   Data   RO         2017    .constdata          fs.o
    0x08035624   0x08035624   0x00000014   Data   RO         2018    .constdata          fs.o
    0x08035638   0x08035638   0x00000014   Data   RO         2019    .constdata          fs.o
    0x0803564c   0x0803564c   0x00000010   Data   RO         2048    .constdata          httpd_cgi_ssi.o
    0x0803565c   0x0803565c   0x0000000c   Data   RO         2109    .constdata          etharp.o
    0x08035668   0x08035668   0x00000004   Data   RO         2317    .constdata          ip_addr.o
    0x0803566c   0x0803566c   0x00000038   Data   RO         2481    .constdata          memp.o
    0x080356a4   0x080356a4   0x00000054   Data   RO         2610    .constdata          tcp.o
    0x080356f8   0x080356f8   0x00000004   Data   RO         2744    .constdata          sys_arch.o
    0x080356fc   0x080356fc   0x00000040   Data   RO         2908    .constdata          sockets.o
    0x0803573c   0x0803573c   0x00000018   Data   RO         2966    .constdata          malloc.o
    0x08035754   0x08035754   0x00000100   Data   RO         3052    .constdata          os_core.o
    0x08035854   0x08035854   0x00000081   Data   RO         3411    .constdata          mc_w.l(ctype_o.o)
    0x080358d5   0x080358d5   0x00000003   PAD
    0x080358d8   0x080358d8   0x00000004   Data   RO         3412    .constdata          mc_w.l(ctype_o.o)
    0x080358dc   0x080358dc   0x00000041   Data   RO          802    .conststring        base64.o
    0x0803591d   0x0803591d   0x00000003   PAD
    0x08035920   0x08035920   0x00000072   Data   RO         1972    .conststring        httpd.o
    0x08035992   0x08035992   0x00000002   PAD
    0x08035994   0x08035994   0x0000004a   Data   RO         2049    .conststring        httpd_cgi_ssi.o
    0x080359de   0x080359de   0x00000002   PAD
    0x080359e0   0x080359e0   0x00000044   Data   RO         2110    .conststring        etharp.o
    0x08035a24   0x08035a24   0x00000075   Data   RO         2611    .conststring        tcp.o
    0x08035a99   0x08035a99   0x00000003   PAD
    0x08035a9c   0x08035a9c   0x00000055   Data   RO         2674    .conststring        tcp_out.o
    0x08035af1   0x08035af1   0x00000003   PAD
    0x08035af4   0x08035af4   0x00000002   Data   RO         2050    .conststrlit        httpd_cgi_ssi.o
    0x08035af6   0x08035af6   0x00000002   PAD
    0x08035af8   0x08035af8   0x00000020   Data   RO         3827    Region$$Table       anon$$obj.o


    Execution Region RW_IRAM1 (Exec base: 0x20000000, Load base: 0x08035b18, Size: 0x0001ff08, Max: 0x00020000, ABSOLUTE, COMPRESSED[0x000000cc])

    Exec Addr    Load Addr    Size         Type   Attr      Idx    E Section Name        Object

    0x20000000   COMPRESSED   0x00000010   Data   RW          324    .data               stm32f4xx_it.o
    0x20000010   COMPRESSED   0x00000014   Data   RW          388    .data               system_stm32f4xx.o
    0x20000024   COMPRESSED   0x00000004   Data   RW          423    .data               sw_global.o
    0x20000028   COMPRESSED   0x00000002   Data   RW          424    .data               sw_global.o
    0x2000002a   COMPRESSED   0x00000004   Data   RW          425    .data               sw_global.o
    0x2000002e   COMPRESSED   0x00000001   Data   RW          426    .data               sw_global.o
    0x2000002f   COMPRESSED   0x00000001   Data   RW          430    .data               sw_global.o
    0x20000030   COMPRESSED   0x00000001   Data   RW          431    .data               sw_global.o
    0x20000031   COMPRESSED   0x00000003   PAD
    0x20000034   COMPRESSED   0x00000004   Data   RW          432    .data               sw_global.o
    0x20000038   COMPRESSED   0x00000001   Data   RW          433    .data               sw_global.o
    0x20000039   COMPRESSED   0x00000001   Data   RW          434    .data               sw_global.o
    0x2000003a   COMPRESSED   0x00000001   Data   RW          435    .data               sw_global.o
    0x2000003b   COMPRESSED   0x00000001   Data   RW          438    .data               sw_global.o
    0x2000003c   COMPRESSED   0x00000001   Data   RW          439    .data               sw_global.o
    0x2000003d   COMPRESSED   0x00000001   Data   RW          440    .data               sw_global.o
    0x2000003e   COMPRESSED   0x00000001   Data   RW          443    .data               sw_global.o
    0x2000003f   COMPRESSED   0x00000001   Data   RW          444    .data               sw_global.o
    0x20000040   COMPRESSED   0x00000001   Data   RW          445    .data               sw_global.o
    0x20000041   COMPRESSED   0x00000001   Data   RW          446    .data               sw_global.o
    0x20000042   COMPRESSED   0x00000002   PAD
    0x20000044   COMPRESSED   0x00000004   Data   RW          447    .data               sw_global.o
    0x20000048   COMPRESSED   0x00000004   Data   RW          448    .data               sw_global.o
    0x2000004c   COMPRESSED   0x00000004   Data   RW          449    .data               sw_global.o
    0x20000050   COMPRESSED   0x00000004   Data   RW          450    .data               sw_global.o
    0x20000054   COMPRESSED   0x00000002   Data   RW          451    .data               sw_global.o
    0x20000056   COMPRESSED   0x00000001   Data   RW          452    .data               sw_global.o
    0x20000057   COMPRESSED   0x00000001   Data   RW          453    .data               sw_global.o
    0x20000058   COMPRESSED   0x00000001   Data   RW          454    .data               sw_global.o
    0x20000059   COMPRESSED   0x00000001   Data   RW          455    .data               sw_global.o
    0x2000005a   COMPRESSED   0x00000001   Data   RW          456    .data               sw_global.o
    0x2000005b   COMPRESSED   0x00000001   Data   RW          457    .data               sw_global.o
    0x2000005c   COMPRESSED   0x00000001   Data   RW          458    .data               sw_global.o
    0x2000005d   COMPRESSED   0x00000001   Data   RW          459    .data               sw_global.o
    0x2000005e   COMPRESSED   0x00000002   PAD
    0x20000060   COMPRESSED   0x00000004   Data   RW          460    .data               sw_global.o
    0x20000064   COMPRESSED   0x00000002   Data   RW          463    .data               sw_global.o
    0x20000066   COMPRESSED   0x00000002   Data   RW          464    .data               sw_global.o
    0x20000068   COMPRESSED   0x00000004   Data   RW          465    .data               sw_global.o
    0x2000006c   COMPRESSED   0x00000002   Data   RW          466    .data               sw_global.o
    0x2000006e   COMPRESSED   0x00000002   Data   RW          467    .data               sw_global.o
    0x20000070   COMPRESSED   0x00000004   Data   RW          468    .data               sw_global.o
    0x20000074   COMPRESSED   0x00000001   Data   RW          469    .data               sw_global.o
    0x20000075   COMPRESSED   0x00000003   PAD
    0x20000078   COMPRESSED   0x00000004   Data   RW          470    .data               sw_global.o
    0x2000007c   COMPRESSED   0x00000002   Data   RW          471    .data               sw_global.o
    0x2000007e   COMPRESSED   0x00000002   Data   RW          472    .data               sw_global.o
    0x20000080   COMPRESSED   0x00000001   Data   RW          473    .data               sw_global.o
    0x20000081   COMPRESSED   0x00000001   Data   RW          474    .data               sw_global.o
    0x20000082   COMPRESSED   0x00000001   Data   RW          475    .data               sw_global.o
    0x20000083   COMPRESSED   0x00000001   PAD
    0x20000084   COMPRESSED   0x00000002   Data   RW          481    .data               sw_global.o
    0x20000086   COMPRESSED   0x00000002   Data   RW          482    .data               sw_global.o
    0x20000088   COMPRESSED   0x00000001   Data   RW          487    .data               sw_global.o
    0x20000089   COMPRESSED   0x00000003   PAD
    0x2000008c   COMPRESSED   0x00000004   Data   RW          489    .data               sw_global.o
    0x20000090   COMPRESSED   0x00000004   Data   RW          490    .data               sw_global.o
    0x20000094   COMPRESSED   0x00000008   Data   RW          492    .data               sw_global.o
    0x2000009c   COMPRESSED   0x00000004   Data   RW          493    .data               sw_global.o
    0x200000a0   COMPRESSED   0x00000004   Data   RW          494    .data               sw_global.o
    0x200000a4   COMPRESSED   0x00000004   Data   RW          495    .data               sw_global.o
    0x200000a8   COMPRESSED   0x00000004   Data   RW          496    .data               sw_global.o
    0x200000ac   COMPRESSED   0x00000004   Data   RW          497    .data               sw_global.o
    0x200000b0   COMPRESSED   0x00000004   Data   RW          501    .data               sw_global.o
    0x200000b4   COMPRESSED   0x00000004   Data   RW          502    .data               sw_global.o
    0x200000b8   COMPRESSED   0x00000008   Data   RW          503    .data               sw_global.o
    0x200000c0   COMPRESSED   0x00000004   Data   RW          504    .data               sw_global.o
    0x200000c4   COMPRESSED   0x00000004   Data   RW          506    .data               sw_global.o
    0x200000c8   COMPRESSED   0x00000004   Data   RW          507    .data               sw_global.o
    0x200000cc   COMPRESSED   0x00000004   Data   RW          508    .data               sw_global.o
    0x200000d0   COMPRESSED   0x00000004   Data   RW          511    .data               sw_global.o
    0x200000d4   COMPRESSED   0x00000004   Data   RW          514    .data               sw_global.o
    0x200000d8   COMPRESSED   0x00000001   Data   RW          516    .data               sw_global.o
    0x200000d9   COMPRESSED   0x00000001   Data   RW          517    .data               sw_global.o
    0x200000da   COMPRESSED   0x00000001   Data   RW          631    .data               app.o
    0x200000db   COMPRESSED   0x00000001   PAD
    0x200000dc   COMPRESSED   0x0000000c   Data   RW          691    .data               ctrlcenter_app.o
    0x200000e8   COMPRESSED   0x00000002   Data   RW          772    .data               dis_app.o
    0x200000ea   COMPRESSED   0x00000003   Data   RW          773    .data               dis_app.o
    0x200000ed   COMPRESSED   0x00000003   PAD
    0x200000f0   COMPRESSED   0x00000004   Data   RW          803    .data               base64.o
    0x200000f4   COMPRESSED   0x00000010   Data   RW          880    .data               lan8720.o
    0x20000104   COMPRESSED   0x0000000c   Data   RW          991    .data               sw_controlcenter.o
    0x20000110   COMPRESSED   0x00000001   Data   RW          992    .data               sw_controlcenter.o
    0x20000111   COMPRESSED   0x00000001   Data   RW          994    .data               sw_controlcenter.o
    0x20000112   COMPRESSED   0x00000002   Data   RW          996    .data               sw_controlcenter.o
    0x20000114   COMPRESSED   0x00000010   Data   RW         1072    .data               sdio_sdcard.o
    0x20000124   COMPRESSED   0x00000004   PAD
    0x20000128   COMPRESSED   0x00000010   Data   RW         1146    .data               user_tim3_pwm.o
    0x20000138   COMPRESSED   0x00000001   Data   RW         1147    .data               user_tim3_pwm.o
    0x20000139   COMPRESSED   0x0000000f   Data   RW         1248    .data               rtc.o
    0x20000148   COMPRESSED   0x00000002   Data   RW         1316    .data               ad.o
    0x2000014a   COMPRESSED   0x00000010   Data   RW         1453    .data               stm32f4xx_rcc.o
    0x2000015a   COMPRESSED   0x00000002   PAD
    0x2000015c   COMPRESSED   0x0000000c   Data   RW         1537    .data               stm32f4x7_eth.o
    0x20000168   COMPRESSED   0x00000004   Data   RW         1829    .data               usart.o
    0x2000016c   COMPRESSED   0x00000008   Data   RW         1863    .data               lwip_comm.o
    0x20000174   COMPRESSED   0x00000010   Data   RW         1941    .data               tcp_server_demo.o
    0x20000184   COMPRESSED   0x00000024   Data   RW         1973    .data               httpd.o
    0x200001a8   COMPRESSED   0x00000040   Data   RW         2051    .data               httpd_cgi_ssi.o
    0x200001e8   COMPRESSED   0x00000024   Data   RW         2075    .data               udp_demo.o
    0x2000020c   COMPRESSED   0x00000001   Data   RW         2111    .data               etharp.o
    0x2000020d   COMPRESSED   0x00000003   PAD
    0x20000210   COMPRESSED   0x00000014   Data   RW         2274    .data               ip.o
    0x20000224   COMPRESSED   0x00000008   Data   RW         2348    .data               ip_frag.o
    0x2000022c   COMPRESSED   0x00000014   Data   RW         2457    .data               mem.o
    0x20000240   COMPRESSED   0x00000004   Data   RW         2484    .data               memp.o
    0x20000244   COMPRESSED   0x0000000c   Data   RW         2522    .data               netif.o
    0x20000250   COMPRESSED   0x00000004   Data   RW         2574    .data               raw.o
    0x20000254   COMPRESSED   0x00000024   Data   RW         2612    .data               tcp.o
    0x20000278   COMPRESSED   0x0000001c   Data   RW         2644    .data               tcp_in.o
    0x20000294   COMPRESSED   0x00000008   Data   RW         2695    .data               timers.o
    0x2000029c   COMPRESSED   0x00000008   Data   RW         2717    .data               udp.o
    0x200002a4   COMPRESSED   0x00000008   Data   RW         2909    .data               sockets.o
    0x200002ac   COMPRESSED   0x0000000c   Data   RW         2931    .data               tcpip.o
    0x200002b8   COMPRESSED   0x0000001c   Data   RW         2967    .data               malloc.o
    0x200002d4   COMPRESSED   0x00000002   Data   RW         2995    .data               os_cpu_c.o
    0x200002d6   COMPRESSED   0x00000002   PAD
    0x200002d8   COMPRESSED   0x0000003c   Data   RW         3053    .data               os_core.o
    0x20000314   COMPRESSED   0x00000004   Data   RW         3054    .data               os_core.o
    0x20000318   COMPRESSED   0x00000004   Data   RW         3055    .data               os_core.o
    0x2000031c   COMPRESSED   0x00000004   Data   RW         3056    .data               os_core.o
    0x20000320   COMPRESSED   0x00000002   Data   RW         3057    .data               os_core.o
    0x20000322   COMPRESSED   0x00000002   Data   RW         3058    .data               os_core.o
    0x20000324   COMPRESSED   0x00000004   Data   RW         3059    .data               os_core.o
    0x20000328   COMPRESSED   0x00000004   Data   RW         3060    .data               os_core.o
    0x2000032c   COMPRESSED   0x00000004   Data   RW         3061    .data               os_core.o
    0x20000330   COMPRESSED   0x00000004   Data   RW         3062    .data               os_core.o
    0x20000334   COMPRESSED   0x00000008   Data   RW         3271    .data               ff.o
    0x2000033c   COMPRESSED   0x00000002   Data   RW         3303    .data               diskio.o
    0x2000033e   COMPRESSED   0x00000002   PAD
    0x20000340   COMPRESSED   0x00000014   Data   RW         3354    .data               cjson.o
    0x20000354   COMPRESSED   0x00000004   Data   RW         3797    .data               mc_w.l(mvars.o)
    0x20000358   COMPRESSED   0x00000004   Data   RW         3798    .data               mc_w.l(mvars.o)
    0x2000035c        -       0x0000c3f0   Zero   RW            4    .bss                main.o
    0x2000c74c        -       0x00000014   Zero   RW          414    .bss                sw_global.o
    0x2000c760        -       0x00003004   Zero   RW          415    .bss                sw_global.o
    0x2000f764        -       0x00000009   Zero   RW          416    .bss                sw_global.o
    0x2000f76d        -       0x00000009   Zero   RW          417    .bss                sw_global.o
    0x2000f776   COMPRESSED   0x00000002   PAD
    0x2000f778        -       0x0000000c   Zero   RW          418    .bss                sw_global.o
    0x2000f784        -       0x0000000a   Zero   RW          421    .bss                sw_global.o
    0x2000f78e        -       0x00000320   Zero   RW          737    .bss                host_app.o
    0x2000faae        -       0x00000190   Zero   RW          771    .bss                dis_app.o
    0x2000fc3e   COMPRESSED   0x00000002   PAD
    0x2000fc40        -       0x000002c0   Zero   RW         1071    .bss                sdio_sdcard.o
    0x2000ff00        -       0x0000000c   Zero   RW         1536    .bss                stm32f4x7_eth.o
    0x2000ff0c        -       0x00000048   Zero   RW         1862    .bss                lwip_comm.o
    0x2000ff54        -       0x00000c80   Zero   RW         1940    .bss                tcp_server_demo.o
    0x20010bd4        -       0x00000400   Zero   RW         1970    .bss                httpd.o
    0x20010fd4        -       0x000000f0   Zero   RW         2011    .bss                fs.o
    0x200110c4        -       0x00001000   Zero   RW         2074    .bss                udp_demo.o
    0x200120c4        -       0x000000c8   Zero   RW         2108    .bss                etharp.o
    0x2001218c        -       0x00000010   Zero   RW         2316    .bss                ip_addr.o
    0x2001219c        -       0x00000038   Zero   RW         2480    .bss                memp.o
    0x200121d4        -       0x00000014   Zero   RW         2643    .bss                tcp_in.o
    0x200121e8        -       0x00000060   Zero   RW         2907    .bss                sockets.o
    0x20012248        -       0x0000a000   Zero   RW         2964    .bss                malloc.o
    0x2001c248        -       0x00000a00   Zero   RW         2965    .bss                malloc.o
    0x2001cc48        -       0x00000ad0   Zero   RW         3045    .bss                os_core.o
    0x2001d718        -       0x00000050   Zero   RW         3046    .bss                os_core.o
    0x2001d768        -       0x000000f0   Zero   RW         3047    .bss                os_core.o
    0x2001d858        -       0x000001e0   Zero   RW         3048    .bss                os_core.o
    0x2001da38        -       0x00000280   Zero   RW         3049    .bss                os_core.o
    0x2001dcb8        -       0x00000200   Zero   RW         3050    .bss                os_core.o
    0x2001deb8        -       0x00000040   Zero   RW         3051    .bss                os_core.o
    0x2001def8        -       0x0000000f   Zero   RW         3353    .bss                cjson.o
    0x2001df07   COMPRESSED   0x00000001   PAD
    0x2001df08        -       0x00001000   Zero   RW         1404    HEAP                startup_stm32f40_41xxx.o
    0x2001ef08        -       0x00001000   Zero   RW         1403    STACK               startup_stm32f40_41xxx.o



  Load Region LR$$.ARM.__AT_0x68000000 (Base: 0x68000000, Size: 0x00000000, Max: 0x00096000, ABSOLUTE)

    Execution Region ER$$.ARM.__AT_0x68000000 (Exec base: 0x68000000, Load base: 0x68000000, Size: 0x00096000, Max: 0x00096000, ABSOLUTE, UNINIT)

    Exec Addr    Load Addr    Size         Type   Attr      Idx    E Section Name        Object

    0x68000000        -       0x00096000   Zero   RW         2962    .ARM.__AT_0x68000000  malloc.o



  Load Region LR$$.ARM.__AT_0x68096000 (Base: 0x68096000, Size: 0x00000000, Max: 0x00009600, ABSOLUTE)

    Execution Region ER$$.ARM.__AT_0x68096000 (Exec base: 0x68096000, Load base: 0x68096000, Size: 0x00009600, Max: 0x00009600, ABSOLUTE, UNINIT)

    Exec Addr    Load Addr    Size         Type   Attr      Idx    E Section Name        Object

    0x68096000        -       0x00009600   Zero   RW         2963    .ARM.__AT_0x68096000  malloc.o


==============================================================================

Image component sizes


      Code (inc. data)   RO Data    RW Data    ZI Data      Debug   Object Name

       268         20          0          2          0       1449   ad.o
       140          4          0          0          0        829   adc3.o
      2444        822          0          0          0      18029   api_lib.o
      5132       1220          0          0          0      11895   api_msg.o
       316         32          0          1          0      27861   app.o
       724          8        134          4          0       7853   base64.o
      3376         66          0          0          0       8673   bmp.o
       196         30          0          0          0       4487   bsp.o
      7068        188          0         20         15      47041   cjson.o
      3016        532          0         12          0       8348   ctrlcenter_app.o
        16          0          0          0          0       1460   def.o
       144          4          0          0          0       1811   delay.o
      2052        268          0          5        400       5262   dis_app.o
       272         10          0          2          0       3274   diskio.o
      2724        594         80          1        200      10945   etharp.o
       476        132          0          0          0       4834   ethernetif.o
      6456         38          0          8          0      29912   ff.o
       216         10      18981          0        240       4134   fs.o
      2236        192          0          0        800       6278   host_app.o
      3628        734        162         36       1024      13362   httpd.o
      1824        140         92         64          0       8106   httpd_cgi_ssi.o
       720          4          0          0          0       3757   i2c.o
       816        374          0          0          0       2478   icmp.o
         0          0          0          0          0       5696   inet.o
       588        104          0          0          0       3405   inet_chksum.o
        38          0          0          0          0       4600   init.o
       820        156          0         20          0       7051   ip.o
       588        112          4          0         16       9367   ip_addr.o
      2092        464          0          8          0       7364   ip_frag.o
       716         92          0          0          0       2612   key.o
       752         40          0         16          0       3757   lan8720.o
       120         14          0          0          0        587   led.o
       280         12          0          0          0       1987   lsens.o
       404         40          0          8         72      16848   lwip_comm.o
       352        112          0          0      50160     415601   main.o
       492         10         24         28     696320       5476   malloc.o
      1456        532          0         20          0       4258   mem.o
       408        196         56          4         56       3256   memp.o
       176         12          0          0          0       2129   misc.o
       784        342          0          0          0       4229   netbuf.o
       596        118          0         12          0       6651   netif.o
       116          0          0          0          0        625   nvic.o
      1728         78        256         92       4784      17490   os_core.o
       200         32          0          0          0        320   os_cpu_a.o
       372          8          0          2          0      12606   os_cpu_c.o
      1424         38          0          0          0       7522   os_flag.o
       396         18          0          0          0       3256   os_mem.o
      1304         36          0          0          0       6113   os_q.o
       844         66          0          0          0       4282   os_sem.o
      1664         66          0          0          0       8519   os_task.o
       352         28          0          0          0       1942   os_time.o
      1356        132          0          0          0       5809   os_tmr.o
      3378       1232          0          0          0      10035   pbuf.o
       196         22          0          0          0       1533   power.o
       504        132          0          4          0       3589   raw.o
       632         82          0         15          0       3509   rtc.o
      6032        122          0         16        704      26919   sdio_sdcard.o
      5164        650         64          8         96      18490   sockets.o
       736         22          0          0          0       1952   sram.o
        36          8        392          0       8192        824   startup_stm32f40_41xxx.o
      2688         80          0         12         12      20976   stm32f4x7_eth.o
       852         20          0          0          0      11098   stm32f4xx_adc.o
        64          6          0          0          0       1918   stm32f4xx_crc.o
       800         32          0          0          0       7145   stm32f4xx_dma.o
       224         10          0          0          0       2579   stm32f4xx_exti.o
      1096         10         28          0          0       6306   stm32f4xx_fsmc.o
       524         44          0          0          0       4649   stm32f4xx_gpio.o
       836         94          0         16          0     231006   stm32f4xx_it.o
        60          6          0          0          0       1441   stm32f4xx_iwdg.o
       296         12          0          0          0       3863   stm32f4xx_pwr.o
      1152         48          0         16          0      13544   stm32f4xx_rcc.o
      2636         48          0          0          0      16418   stm32f4xx_rtc.o
       440         14          0          0          0       7712   stm32f4xx_sdio.o
       124         16          0          0          0       1965   stm32f4xx_syscfg.o
      2524         52          0          0          0      24178   stm32f4xx_tim.o
       856         32          0          0          0       8468   stm32f4xx_usart.o
      8104       1032          0         16          0      20462   sw_controlcenter.o
         0          0          0        168      12352       5312   sw_global.o
      2220        140          0          0          0       3808   sw_host.o
        16          0          0          0          0        484   sys.o
       816        166          4          0          0       6566   sys_arch.o
       380         36          0         20          0       1895   system_stm32f4xx.o
      4068        996        201         36          0      22773   tcp.o
      4380        810          0         28         20      15219   tcp_in.o
      4106        956         85          0          0      11043   tcp_out.o
       828         36          0         16       3200       6875   tcp_server_demo.o
       816        186          0         12          0      10124   tcpip.o
       144          8          0          0          0        912   timer.o
       580        172          0          8          0       3523   timers.o
      1120        192          0          8          0       7320   udp.o
       828         96          0         36       4096       9629   udp_demo.o
       612         44          0          4          0       4093   usart.o
        96          0          0          0          0       1289   user_crc.o
       904         74          0         17          0       3411   user_tim3_pwm.o
        40          0          0          0          0        590   wdg.o

    ----------------------------------------------------------------------
    126592      16018      20616        852     782764    1370881   Object Totals
         0          0         32          0          0          0   (incl. Generated)
         6          0         21         31          5          0   (incl. Padding)

    ----------------------------------------------------------------------

      Code (inc. data)   RO Data    RW Data    ZI Data      Debug   Library Member Name

        20          0          0          0          0        124   fabs.o
        40         10          0          0          0        128   strtod.o
        56          8          0          0          0         84   __0sscanf.o
        86          0          0          0          0          0   __dczerorl2.o
       812          4          0          0          0        112   _scanf.o
        64          0          0          0          0         84   _sgetc.o
         8          4        133          0          0         68   ctype_o.o
         0          0          0          0          0          0   entry.o
         0          0          0          0          0          0   entry10a.o
         0          0          0          0          0          0   entry11a.o
         8          4          0          0          0          0   entry2.o
         4          0          0          0          0          0   entry5.o
         0          0          0          0          0          0   entry7b.o
         0          0          0          0          0          0   entry8b.o
         8          4          0          0          0          0   entry9a.o
        30          0          0          0          0          0   handlers.o
        36          8          0          0          0         68   init.o
        18          0          0          0          0         76   isspace_o.o
         0          0          0          0          0          0   iusefp.o
        98          0          0          0          0         84   ldiv.o
        30          0          0          0          0         68   llshl.o
        36          0          0          0          0         68   llsshr.o
        32          0          0          0          0         68   llushr.o
       360         30          0          0          0        356   mallocr.o
        26          0          0          0          0         80   memcmp.o
        36          0          0          0          0         68   memcpya.o
        36          0          0          0          0        108   memseta.o
         0          0          0          8          0          0   mvars.o
      2308         96          0          0          0        604   printfa.o
        40          8          0          0          0         84   scanf_char.o
       878         12          0          0          0        216   scanf_fp.o
        20          0          0          0          0         68   strchr.o
        28          0          0          0          0         76   strcmp.o
        18          0          0          0          0         68   strcpy.o
        14          0          0          0          0         68   strlen.o
        30          0          0          0          0         80   strncmp.o
        36          0          0          0          0         80   strstr.o
       156         12          0          0          0        120   strtod.o
        12          0          0          0          0         68   tolower.o
        44          0          0          0          0         80   uidiv.o
        98          0          0          0          0         92   uldiv.o
        48          0          0          0          0         68   cdcmple.o
        48          0          0          0          0         68   cdrcmple.o
        56          0          0          0          0         88   d2f.o
       334          0          0          0          0        148   dadd.o
       222          0          0          0          0        100   ddiv.o
       186          0          0          0          0        176   depilogue.o
        62          0          0          0          0         80   dfixi.o
        50          0          0          0          0         76   dfixui.o
        48          0          0          0          0         68   dfixul.o
        34          0          0          0          0         76   dflti.o
        26          0          0          0          0         76   dfltui.o
        24          0          0          0          0         76   dfltul.o
       228          0          0          0          0         96   dmul.o
        38          0          0          0          0         68   f2d.o
       110          0          0          0          0        168   fepilogue.o

    ----------------------------------------------------------------------
      7048        200        136          8          0       4780   Library Totals
         8          0          3          0          0          0   (incl. Padding)

    ----------------------------------------------------------------------

      Code (inc. data)   RO Data    RW Data    ZI Data      Debug   Library Name

        60         10          0          0          0        252   m_wm.l
      5466        190        133          8          0       3096   mc_w.l
      1514          0          0          0          0       1432   mf_w.l

    ----------------------------------------------------------------------
      7048        200        136          8          0       4780   Library Totals

    ----------------------------------------------------------------------

==============================================================================


      Code (inc. data)   RO Data    RW Data    ZI Data      Debug   

    133640      16218      20752        860     782764    1352449   Grand Totals
    133640      16218      20752        204     782764    1352449   ELF Image Totals (compressed)
    133640      16218      20752        204          0          0   ROM Totals

==============================================================================

    Total RO  Size (Code + RO Data)               154392 ( 150.77kB)
    Total RW  Size (RW Data + ZI Data)            783624 ( 765.26kB)
    Total ROM Size (Code + RO Data + RW Data)     154596 ( 150.97kB)

==============================================================================

