<html>
<body>
<pre>
<h1>µVision Build Log</h1>
<h2>Tool Versions:</h2>
IDE-Version: ¶ÃVision V5.25.0.0
Copyright (C) 2017 ARM Ltd and ARM Germany GmbH. All rights reserved.
License Information: z Microsoft, Microsoft, LIC=32B1Q-NSBMM-30YNC-75F3V-TD5AN-VRKA2
 
Tool Versions:
Toolchain:       MDK-ARM Plus  Version: 5.25.0.0
Toolchain Path:  D:\Keil\ARM\ARMCC\Bin
C Compiler:      Armcc.exe V5.06 update 6 (build 750)
Assembler:       Armasm.exe V5.06 update 6 (build 750)
Linker/Locator:  ArmLink.exe V5.06 update 6 (build 750)
Library Manager: ArmAr.exe V5.06 update 6 (build 750)
Hex Converter:   FromElf.exe V5.06 update 6 (build 750)
CPU DLL:         SARMCM3.DLL V5.25.0.0
Dialog DLL:      DCM.DLL V1.17.0.0
Target DLL:      Segger\JL2CM3.dll V2.99.28.0
Dialog DLL:      TCM.DLL V1.34.0.0
 
<h2>Project:</h2>
D:\“¶¿÷“„\3_7ÀÕºÏ÷˜¥”∞Â\ÀÕºÏ÷˜∞ÂV1.2\USER\LWIP.uvprojx
Project File Date:  03/20/2024

<h2>Output:</h2>
*** Using Compiler 'V5.06 update 6 (build 750)', folder: 'D:\Keil\ARM\ARMCC\Bin'
*** Note: Rebuilding project, since 'Options->Output->Create Batch File' is selected.
Rebuild target 'LWIP'
compiling main.c...
compiling stm32f4xx_it.c...
compiling system_stm32f4xx.c...
compiling sw_global.c...
compiling dispose.c...
compiling IpWhiteList.c...
compiling Code.c...
compiling app.c...
compiling ctrlcenter_app.c...
compiling host_app.c...
..\APP\host_app.c(305): warning:  #177-D: variable "i"  was declared but never referenced
        INT8U  err,i;
..\APP\host_app.c(306): warning:  #177-D: variable "temp"  was declared but never referenced
        INT16U temp;//j,
..\APP\host_app.c(559): warning:  #177-D: variable "i"  was declared but never referenced
        INT8U  err,i;
..\APP\host_app.c(560): warning:  #177-D: variable "temp"  was declared but never referenced
        INT16U temp;//j,
..\APP\host_app.c: 4 warnings, 0 errors
compiling dis_app.c...
compiling Base64.c...
..\APP\Base64.c(8): warning:  #177-D: variable "base64_lookup"  was declared but never referenced
  static const uint8_t base64_lookup[256] = {
..\APP\Base64.c: 1 warning, 0 errors
compiling led.c...
compiling timer.c...
compiling LAN8720.c...
compiling sram.c...
compiling stmflash.c...
compiling bsp.c...
compiling sw_controlcenter.c...
compiling sw_crc16.c...
compiling wdg.c...
compiling sdio_sdcard.c...
compiling sw_host.c...
compiling user_crc.c...
compiling user_tim3_pwm.c...
compiling nvic.c...
compiling ds18b20.c...
compiling power.c...
compiling rtc.c...
compiling lsens.c...
compiling adc3.c...
compiling AD.c...
compiling bmp.c...
compiling i2c.c...
compiling key.c...
assembling startup_stm32f40_41xxx.s...
compiling misc.c...
compiling stm32f4xx_gpio.c...
compiling stm32f4xx_rcc.c...
compiling stm32f4xx_syscfg.c...
compiling stm32f4xx_tim.c...
compiling stm32f4xx_usart.c...
compiling stm32f4x7_eth.c...
compiling stm32f4xx_adc.c...
compiling stm32f4xx_fsmc.c...
compiling stm32f4xx_rtc.c...
compiling stm32f4xx_exti.c...
compiling stm32f4xx_pwr.c...
compiling stm32f4xx_flash.c...
compiling stm32f4xx_dma.c...
compiling stm32f4xx_sdio.c...
compiling stm32f4xx_crc.c...
compiling stm32f4xx_iwdg.c...
compiling stm32f4xx_spi.c...
compiling delay.c...
compiling sys.c...
compiling usart.c...
compiling lwip_comm.c...
compiling tcp_server_demo.c...
compiling httpd.c...
compiling fs.c...
compiling httpd_cgi_ssi.c...
compiling udp_demo.c...
compiling etharp.c...
compiling ethernetif.c...
compiling autoip.c...
compiling icmp.c...
compiling igmp.c...
compiling inet.c...
compiling inet_chksum.c...
compiling ip.c...
compiling ip_addr.c...
compiling ip_frag.c...
compiling def.c...
compiling dhcp.c...
compiling dns.c...
compiling init.c...
compiling mem.c...
compiling memp.c...
compiling netif.c...
compiling pbuf.c...
compiling raw.c...
compiling stats.c...
compiling tcp.c...
compiling tcp_in.c...
compiling tcp_out.c...
compiling timers.c...
compiling udp.c...
compiling sys_arch.c...
compiling api_lib.c...
compiling api_msg.c...
compiling err.c...
compiling netbuf.c...
compiling netdb.c...
compiling netifapi.c...
compiling sockets.c...
compiling tcpip.c...
compiling malloc.c...
compiling os_cpu_c.c...
compiling os_dbg.c...
assembling os_cpu_a.asm...
compiling os_core.c...
compiling os_flag.c...
compiling os_mbox.c...
compiling os_mem.c...
compiling os_mutex.c...
compiling os_q.c...
compiling os_sem.c...
compiling os_task.c...
compiling os_time.c...
compiling os_tmr.c...
compiling ff.c...
compiling diskio.c...
compiling iap.c...
compiling cJSON.c...
linking...
Program Size: Code=133640 RO-data=20752 RW-data=860 ZI-data=782764  
FromELF: creating hex file...
"..\OBJ\F407.axf" - 0 Error(s), 5 Warning(s).

<h2>Software Packages used:</h2>

Package Vendor: Keil
                https://www.keil.com/pack/Keil.STM32F4xx_DFP.2.17.1.pack
                Keil.STM32F4xx_DFP.2.17.1
                STMicroelectronics STM32F4 Series Device Support, Drivers and Examples

<h2>Collection of Component include folders:</h2>
  .\RTE\_LWIP
  D:\Keil\ARM\PACK\Keil\STM32F4xx_DFP\2.17.1\Drivers\CMSIS\Device\ST\STM32F4xx\Include

<h2>Collection of Component Files used:</h2>
Build Time Elapsed:  00:01:16
</pre>
</body>
</html>
