C51 COMPILER V9.60.0.0   KEY                                                               11/13/2023 20:29:42 PAGE 1   


C51 COMPILER V9.60.0.0, COMPILATION OF MODULE KEY
OBJECT MODULE PLACED IN .\Objects\key.obj
COMPILER INVOKED BY: D:\Keil_v5\Keil_5\C51\BIN\C51.EXE api\key.c OPTIMIZE(8,SPEED) BROWSE INCDIR(.\user;.\api) DEBUG OBJ
                    -ECTEXTEND PRINT(.\Listings\key.lst) TABS(2) OBJECT(.\Objects\key.obj)

line level    source

   1          #include "key.h"
   2          #include "timer.h"
   3          
   4          sbit KEY1 = P0^0;
   5          sbit KEY2 = P0^1;
   6          sbit KEY3 = P0^2;
   7          sbit KEY4 = P0^3;
   8          
   9          //»ñÈ¡¼üÖµ
  10          unsigned char Get_KeyValue(void)
  11          {
  12   1        unsigned char keyValue = 0;
  13   1        if(KEY1 == 0) {
  14   2          Delay_ms(10);
  15   2          if(KEY1 == 0) {
  16   3            keyValue = 1;
  17   3            while(KEY1 == 0)
  18   3            {}
  19   3          }
  20   2        }
  21   1        if(KEY2 == 0) {
  22   2          Delay_ms(10);
  23   2          if(KEY2 == 0) {
  24   3            keyValue = 2;
  25   3            while(KEY2 == 0)
  26   3            {}
  27   3          }
  28   2        }
  29   1        if(KEY3 == 0) {
  30   2          Delay_ms(10);
  31   2          if(KEY3 == 0) {
  32   3            keyValue = 3;
  33   3            while(KEY3 == 0)
  34   3            {}
  35   3          }
  36   2        }
  37   1        if(KEY4 == 0) {
  38   2          Delay_ms(10);
  39   2          if(KEY4 == 0) {
  40   3            keyValue = 4;
  41   3            while(KEY4 == 0)
  42   3            {}
  43   3          }
  44   2        }
  45   1        return keyValue;
  46   1      }


MODULE INFORMATION:   STATIC OVERLAYABLE
   CODE SIZE        =     81    ----
   CONSTANT SIZE    =   ----    ----
   XDATA SIZE       =   ----    ----
   PDATA SIZE       =   ----    ----
   DATA SIZE        =   ----       1
C51 COMPILER V9.60.0.0   KEY                                                               11/13/2023 20:29:42 PAGE 2   

   IDATA SIZE       =   ----    ----
   BIT SIZE         =   ----    ----
END OF MODULE INFORMATION.


C51 COMPILATION COMPLETE.  0 WARNING(S),  0 ERROR(S)
