BL51 BANKED LINKER/LOCATER V6.22.2.0                                                    11/13/2023  20:36:46  PAGE 1


BL51 BANKED LINKER/LOCATER V6.22.2.0, INVOKED BY:
D:\KEIL_V5\KEIL_5\C51\BIN\BL51.EXE .\Objects\STARTUP.obj, .\Objects\main.obj, .\Objects\timer.obj, .\Objects\usart.obj, 
>> .\Objects\LU90614.obj, .\Objects\lcd_driver.obj, .\Objects\font.obj, .\Objects\key.obj TO .\Objects\test PRINT (.\Lis
>> tings\test.m51) RAMSIZE (256)


MEMORY MODEL: SMALL WITH FLOATING POINT ARITHMETIC


INPUT MODULES INCLUDED:
  .\Objects\STARTUP.obj (?C_STARTUP)
  .\Objects\main.obj (MAIN)
  .\Objects\timer.obj (TIMER)
  .\Objects\usart.obj (USART)
  .\Objects\LU90614.obj (LU90614)
  .\Objects\lcd_driver.obj (LCD_DRIVER)
  .\Objects\font.obj (FONT)
  .\Objects\key.obj (KEY)
  D:\KEIL_V5\KEIL_5\C51\LIB\C51FPS.LIB (?C?FPADD)
  D:\KEIL_V5\KEIL_5\C51\LIB\C51FPS.LIB (?C?FPDIV)
  D:\KEIL_V5\KEIL_5\C51\LIB\C51FPS.LIB (?C?FCAST)
  D:\KEIL_V5\KEIL_5\C51\LIB\C51FPS.LIB (?C?CASTF)
  D:\KEIL_V5\KEIL_5\C51\LIB\C51FPS.LIB (PRINTF)
  D:\KEIL_V5\KEIL_5\C51\LIB\C51FPS.LIB (?C?FPGETOPN)
  D:\KEIL_V5\KEIL_5\C51\LIB\C51FPS.LIB (?C?FPROUND)
  D:\KEIL_V5\KEIL_5\C51\LIB\C51FPS.LIB (?C?FPCONVERT)
  D:\KEIL_V5\KEIL_5\C51\LIB\C51FPS.LIB (?C?FPMUL)
  D:\KEIL_V5\KEIL_5\C51\LIB\C51FPS.LIB (?C?FTNPWR)
  D:\KEIL_V5\KEIL_5\C51\LIB\C51S.LIB (?C_INIT)
  D:\KEIL_V5\KEIL_5\C51\LIB\C51S.LIB (?C?COPY)
  D:\KEIL_V5\KEIL_5\C51\LIB\C51S.LIB (?C?CLDPTR)
  D:\KEIL_V5\KEIL_5\C51\LIB\C51S.LIB (?C?CLDOPTR)
  D:\KEIL_V5\KEIL_5\C51\LIB\C51S.LIB (?C?CSTPTR)
  D:\KEIL_V5\KEIL_5\C51\LIB\C51S.LIB (?C?LNEG)
  D:\KEIL_V5\KEIL_5\C51\LIB\C51S.LIB (?C?PLDIIDATA)
  D:\KEIL_V5\KEIL_5\C51\LIB\C51S.LIB (?C?CCASE)


LINK MAP OF MODULE:  .\Objects\test (?C_STARTUP)


            TYPE    BASE      LENGTH    RELOCATION   SEGMENT NAME
            -----------------------------------------------------

            * * * * * * *   D A T A   M E M O R Y   * * * * * * *
            REG     0000H     0008H     ABSOLUTE     "REG BANK 0"
            DATA    0008H     0011H     UNIT         ?DT?_LCD_SHOWPICTURE?LCD_DRIVER
            DATA    0019H     0006H     UNIT         ?DT?_LCD_CLEARRECT?LCD_DRIVER
                    001FH     0001H                  *** GAP ***
            BIT     0020H.0   0001H.1   UNIT         _BIT_GROUP_
                    0021H.1   0000H.7                *** GAP ***
            DATA    0022H     0031H     UNIT         _DATA_GROUP_
            DATA    0053H     0004H     UNIT         ?DT?TIMER
            DATA    0057H     0004H     UNIT         ?DT?LCD_DRIVER
            DATA    005BH     0003H     UNIT         ?DT?_UART_SENDSTRING?USART
            DATA    005EH     0002H     UNIT         ?DT?MAIN
            IDATA   0060H     0001H     UNIT         ?STACK

BL51 BANKED LINKER/LOCATER V6.22.2.0                                                  11/13/2023  20:36:46  PAGE 2


            * * * * * * *  X D A T A   M E M O R Y  * * * * * * *
            XDATA   0000H     0025H     UNIT         ?XD?USART

            * * * * * * *   C O D E   M E M O R Y   * * * * * * *
            CODE    0000H     0003H     ABSOLUTE     
            CODE    0003H     0008H     UNIT         ?PR?_UART_SENDDATA?USART
            CODE    000BH     0003H     ABSOLUTE     
            CODE    000EH     0034H     UNIT         ?PR?USART2_TICK?USART
                    0042H     0001H                  *** GAP ***
            CODE    0043H     0003H     ABSOLUTE     
            CODE    0046H     135EH     UNIT         ?CO?FONT
            CODE    13A4H     0691H     UNIT         ?C?LIB_CODE
            CODE    1A35H     046FH     UNIT         ?PR?PRINTF?PRINTF
            CODE    1EA4H     012CH     UNIT         ?PR?LCD_CONFIG?LCD_DRIVER
            CODE    1FD0H     0115H     UNIT         ?PR?READ_BODY_TEMPERATURE?LU90614
            CODE    20E5H     010CH     UNIT         ?PR?_LCD_SHOWSMG?LCD_DRIVER
            CODE    21F1H     00F5H     UNIT         ?PR?_LCD_SHOWSTRING?LCD_DRIVER
            CODE    22E6H     00F2H     UNIT         ?PR?CHANGE_MODE?MAIN
            CODE    23D8H     00B0H     UNIT         ?PR?MEASURE_BODY?MAIN
            CODE    2488H     008CH     UNIT         ?C_C51STARTUP
            CODE    2514H     008BH     UNIT         ?PR?_LCD_SHOWPICTURE?LCD_DRIVER
            CODE    259FH     0070H     UNIT         ?PR?MAIN?MAIN
            CODE    260FH     005CH     UNIT         ?PR?_LCD_CLEARRECT?LCD_DRIVER
            CODE    266BH     0057H     UNIT         ?PR?USART2_HANDLER?USART
            CODE    26C2H     0052H     UNIT         ?CO?MAIN
            CODE    2714H     0051H     UNIT         ?PR?GET_KEYVALUE?KEY
            CODE    2765H     004AH     UNIT         ?C_INITSEG
            CODE    27AFH     0045H     UNIT         ?PR?TIMER0_INT?TIMER
            CODE    27F4H     003DH     UNIT         ?PR?_LCD_ADDRESS_SET?LCD_DRIVER
            CODE    2831H     0037H     UNIT         ?PR?_LCD_CLEAR?LCD_DRIVER
            CODE    2868H     0028H     UNIT         ?PR?_UART_SENDSTRING?USART
            CODE    2890H     0028H     UNIT         ?PR?_UART2_SENDSTRING?USART
            CODE    28B8H     0022H     UNIT         ?PR?_LCD_WRIT_BUS?LCD_DRIVER
            CODE    28DAH     0019H     UNIT         ?PR?UART2INIT?USART
            CODE    28F3H     0017H     UNIT         ?PR?UARTINIT?USART
            CODE    290AH     0015H     UNIT         ?PR?_DELAY_MS?TIMER
            CODE    291FH     0013H     UNIT         ?PR?TIMER0INIT?TIMER
            CODE    2932H     0013H     UNIT         ?CO?LU90614
            CODE    2945H     0010H     UNIT         ?PR?_LCD_WR_DATA?LCD_DRIVER
            CODE    2955H     0010H     UNIT         ?PR?LCD_INIT?LCD_DRIVER
            CODE    2965H     000FH     UNIT         ?PR?_LCD_WR_DATA8?LCD_DRIVER
            CODE    2974H     000DH     UNIT         ?PR?LCD_GPIOCONFIG?LCD_DRIVER
            CODE    2981H     000CH     UNIT         ?PR?_UART2_SENDDATA?USART
            CODE    298DH     0008H     UNIT         ?PR?_PUTCHAR?USART
            CODE    2995H     0005H     UNIT         ?PR?_LCD_WR_REG?LCD_DRIVER
            CODE    299AH     0003H     UNIT         ?PR?LU90614_INIT?LU90614



OVERLAY MAP OF MODULE:   .\Objects\test (?C_STARTUP)


SEGMENT                                      BIT_GROUP          DATA_GROUP 
  +--> CALLED SEGMENT                     START    LENGTH     START    LENGTH
-----------------------------------------------------------------------------
?C_C51STARTUP                             -----    -----      -----    -----
  +--> ?PR?MAIN?MAIN
BL51 BANKED LINKER/LOCATER V6.22.2.0                                                  11/13/2023  20:36:46  PAGE 3


  +--> ?C_INITSEG

?PR?MAIN?MAIN                             -----    -----      -----    -----
  +--> ?PR?TIMER0INIT?TIMER
  +--> ?PR?UARTINIT?USART
  +--> ?PR?LU90614_INIT?LU90614
  +--> ?PR?LCD_INIT?LCD_DRIVER
  +--> ?CO?MAIN
  +--> ?PR?_LCD_SHOWSTRING?LCD_DRIVER
  +--> ?PR?_LCD_SHOWSMG?LCD_DRIVER
  +--> ?PR?GET_KEYVALUE?KEY
  +--> ?PR?CHANGE_MODE?MAIN
  +--> ?PR?MEASURE_BODY?MAIN

?PR?LU90614_INIT?LU90614                  -----    -----      -----    -----
  +--> ?PR?UART2INIT?USART

?PR?LCD_INIT?LCD_DRIVER                   -----    -----      -----    -----
  +--> ?PR?LCD_GPIOCONFIG?LCD_DRIVER
  +--> ?PR?LCD_CONFIG?LCD_DRIVER
  +--> ?PR?_LCD_CLEAR?LCD_DRIVER

?PR?LCD_CONFIG?LCD_DRIVER                 -----    -----      -----    -----
  +--> ?PR?_DELAY_MS?TIMER
  +--> ?PR?_LCD_WR_REG?LCD_DRIVER
  +--> ?PR?_LCD_WR_DATA8?LCD_DRIVER

?PR?_LCD_WR_REG?LCD_DRIVER                -----    -----      -----    -----
  +--> ?PR?_LCD_WRIT_BUS?LCD_DRIVER

?PR?_LCD_WR_DATA8?LCD_DRIVER              -----    -----      -----    -----
  +--> ?PR?_LCD_WR_REG?LCD_DRIVER
  +--> ?PR?_LCD_WRIT_BUS?LCD_DRIVER

?PR?_LCD_CLEAR?LCD_DRIVER                 -----    -----      0022H    0002H
  +--> ?PR?_LCD_ADDRESS_SET?LCD_DRIVER
  +--> ?PR?_LCD_WR_DATA?LCD_DRIVER

?PR?_LCD_ADDRESS_SET?LCD_DRIVER           -----    -----      003FH    0008H
  +--> ?PR?_LCD_WR_REG?LCD_DRIVER
  +--> ?PR?_LCD_WR_DATA?LCD_DRIVER

?PR?_LCD_WR_DATA?LCD_DRIVER               -----    -----      -----    -----
  +--> ?PR?_LCD_WRIT_BUS?LCD_DRIVER

?PR?_LCD_SHOWSTRING?LCD_DRIVER            -----    -----      0022H    0010H
  +--> ?PR?_LCD_ADDRESS_SET?LCD_DRIVER
  +--> ?CO?FONT
  +--> ?PR?_LCD_WR_DATA?LCD_DRIVER

?PR?_LCD_SHOWSMG?LCD_DRIVER               -----    -----      002FH    0010H
  +--> ?PR?_LCD_ADDRESS_SET?LCD_DRIVER
  +--> ?CO?FONT
  +--> ?PR?_LCD_WR_DATA?LCD_DRIVER

?PR?GET_KEYVALUE?KEY                      -----    -----      0022H    0001H
  +--> ?PR?_DELAY_MS?TIMER
BL51 BANKED LINKER/LOCATER V6.22.2.0                                                  11/13/2023  20:36:46  PAGE 4



?PR?CHANGE_MODE?MAIN                      -----    -----      -----    -----
  +--> ?CO?MAIN
  +--> ?PR?_LCD_SHOWSTRING?LCD_DRIVER

?PR?MEASURE_BODY?MAIN                     -----    -----      0022H    000DH
  +--> ?CO?MAIN
  +--> ?PR?PRINTF?PRINTF
  +--> ?PR?READ_BODY_TEMPERATURE?LU90614
  +--> ?PR?_DELAY_MS?TIMER
  +--> ?PR?_LCD_SHOWSMG?LCD_DRIVER

?PR?PRINTF?PRINTF                         0020H.0  0001H.1    0037H    001CH
  +--> ?PR?_PUTCHAR?USART

?PR?READ_BODY_TEMPERATURE?LU90614         -----    -----      002FH    0008H
  +--> ?CO?LU90614
  +--> ?PR?_UART2_SENDSTRING?USART
  +--> ?PR?_DELAY_MS?TIMER
  +--> ?PR?PRINTF?PRINTF

?PR?_UART2_SENDSTRING?USART               -----    -----      0037H    0003H
  +--> ?PR?_UART2_SENDDATA?USART

*** NEW ROOT ***************************************************

?PR?TIMER0_INT?TIMER                      -----    -----      -----    -----
  +--> ?PR?USART2_TICK?USART



SYMBOL TABLE OF MODULE:  .\Objects\test (?C_STARTUP)

  VALUE           TYPE          NAME
  ----------------------------------

  -------         MODULE        ?C_STARTUP
  C:2488H         SEGMENT       ?C_C51STARTUP
  I:0060H         SEGMENT       ?STACK
  C:0000H         PUBLIC        ?C_STARTUP
  D:00E0H         SYMBOL        ACC
  D:00F0H         SYMBOL        B
  D:0083H         SYMBOL        DPH
  D:0082H         SYMBOL        DPL
  N:0000H         SYMBOL        IBPSTACK
  N:0100H         SYMBOL        IBPSTACKTOP
  N:0080H         SYMBOL        IDATALEN
  C:248BH         SYMBOL        IDATALOOP
  N:0000H         SYMBOL        PBPSTACK
  N:0100H         SYMBOL        PBPSTACKTOP
  N:0000H         SYMBOL        PDATALEN
  N:0000H         SYMBOL        PDATASTART
  N:0000H         SYMBOL        PPAGE
  N:0000H         SYMBOL        PPAGEENABLE
  D:00A0H         SYMBOL        PPAGE_SFR
  D:0081H         SYMBOL        SP
  C:2488H         SYMBOL        STARTUP1
BL51 BANKED LINKER/LOCATER V6.22.2.0                                                  11/13/2023  20:36:46  PAGE 5


  N:0000H         SYMBOL        XBPSTACK
  N:0000H         SYMBOL        XBPSTACKTOP
  N:0000H         SYMBOL        XDATALEN
  N:0000H         SYMBOL        XDATASTART
  C:0000H         LINE#         126
  C:2488H         LINE#         133
  C:248AH         LINE#         134
  C:248BH         LINE#         135
  C:248CH         LINE#         136
  C:248EH         LINE#         185
  C:2491H         LINE#         196
  -------         ENDMOD        ?C_STARTUP

  -------         MODULE        MAIN
  C:0000H         SYMBOL        _ICE_DUMMY_
  D:0092H         PUBLIC        P1M0
  D:0093H         PUBLIC        P0M1
  D:0096H         PUBLIC        P2M0
  D:0091H         PUBLIC        P1M1
  D:0080H         PUBLIC        P0
  D:0095H         PUBLIC        P2M1
  D:0090H         PUBLIC        P1
  D:00B4H         PUBLIC        P4M0
  D:00A0H         PUBLIC        P2
  D:00B3H         PUBLIC        P4M1
  D:00B0H         PUBLIC        P3
  D:00C0H         PUBLIC        P4
  D:00C8H         PUBLIC        P5
  B:00A8H.7       PUBLIC        EA
  D:00E8H         PUBLIC        P6
  D:00F8H         PUBLIC        P7
  D:00A8H         PUBLIC        IE
  D:00B8H         PUBLIC        IP
  D:00D8H         PUBLIC        CCON
  C:259FH         PUBLIC        main
  D:0098H         PUBLIC        SCON
  D:0088H         PUBLIC        TCON
  C:270CH         SYMBOL        _?ix1000
  D:005EH         PUBLIC        mode_val
  C:23D8H         PUBLIC        Measure_body
  D:005FH         PUBLIC        key_val
  C:22E6H         PUBLIC        change_mode
  D:00D0H         PUBLIC        PSW
  D:0094H         PUBLIC        P0M0
  -------         PROC          MAIN
  C:259FH         LINE#         8
  C:259FH         LINE#         10
  C:25A1H         LINE#         12
  C:25A4H         LINE#         13
  C:25A7H         LINE#         14
  C:25AAH         LINE#         15
  C:25ADH         LINE#         16
  C:25AFH         LINE#         17
  C:25B1H         LINE#         18
  C:25B3H         LINE#         19
  C:25B9H         LINE#         20
  C:25BFH         LINE#         21
BL51 BANKED LINKER/LOCATER V6.22.2.0                                                  11/13/2023  20:36:46  PAGE 6


  C:25C5H         LINE#         22
  C:25C8H         LINE#         23
  C:25E5H         LINE#         24
  C:2602H         LINE#         27
  C:2602H         LINE#         28
  C:2607H         LINE#         29
  C:260AH         LINE#         30
  C:260DH         LINE#         31
  -------         ENDPROC       MAIN
  -------         PROC          CHANGE_MODE
  C:22E6H         LINE#         39
  C:22E6H         LINE#         40
  C:22F6H         LINE#         41
  C:22F8H         LINE#         42
  C:22F8H         LINE#         43
  C:22F8H         LINE#         45
  C:22F8H         LINE#         48
  C:230EH         LINE#         49
  C:230EH         LINE#         50
  C:2329H         LINE#         51
  C:2337H         LINE#         52
  C:233AH         LINE#         53
  C:233AH         LINE#         54
  C:2355H         LINE#         55
  C:2363H         LINE#         56
  C:2365H         LINE#         57
  C:2365H         LINE#         58
  C:2380H         LINE#         59
  C:238EH         LINE#         60
  C:2390H         LINE#         61
  C:2390H         LINE#         62
  C:23ABH         LINE#         63
  C:23C8H         LINE#         64
  C:23C8H         LINE#         65
  C:23C8H         LINE#         66
  C:23C8H         LINE#         67
  C:23D5H         LINE#         68
  C:23D7H         LINE#         69
  C:23D7H         LINE#         70
  -------         ENDPROC       CHANGE_MODE
  -------         PROC          MEASURE_BODY
  -------         DO            
  D:0022H         SYMBOL        body_val
  D:002AH         SYMBOL        i
  D:002BH         SYMBOL        sum
  -------         ENDDO         
  C:23D8H         LINE#         74
  C:23D8H         LINE#         75
  C:23EBH         LINE#         77
  C:23F4H         LINE#         78
  C:2401H         LINE#         79
  C:240EH         LINE#         80
  C:241AH         LINE#         81
  C:242BH         LINE#         82
  C:2432H         LINE#         83
  C:2436H         LINE#         84
  C:2436H         LINE#         86
BL51 BANKED LINKER/LOCATER V6.22.2.0                                                  11/13/2023  20:36:46  PAGE 7


  C:2450H         LINE#         87
  C:246AH         LINE#         88
  -------         ENDPROC       MEASURE_BODY
  -------         ENDMOD        MAIN

  -------         MODULE        TIMER
  C:0000H         SYMBOL        _ICE_DUMMY_
  D:0080H         PUBLIC        P0
  D:0090H         PUBLIC        P1
  C:27AFH         PUBLIC        timer0_int
  D:00A0H         PUBLIC        P2
  D:00B0H         PUBLIC        P3
  D:00C0H         PUBLIC        P4
  D:00C8H         PUBLIC        P5
  D:00E8H         PUBLIC        P6
  D:00F8H         PUBLIC        P7
  D:00A8H         PUBLIC        IE
  D:00B8H         PUBLIC        IP
  D:00D8H         PUBLIC        CCON
  C:290AH         PUBLIC        _Delay_ms
  D:0098H         PUBLIC        SCON
  D:0089H         PUBLIC        TMOD
  D:0088H         PUBLIC        TCON
  D:008EH         PUBLIC        AUXR
  B:00A8H.1       PUBLIC        ET0
  B:0088H.5       PUBLIC        TF0
  C:291FH         PUBLIC        Timer0Init
  D:008CH         PUBLIC        TH0
  D:008AH         PUBLIC        TL0
  D:0053H         PUBLIC        delay_ms
  B:0088H.4       PUBLIC        TR0
  D:00D0H         PUBLIC        PSW
  -------         PROC          _DELAY_MS
  D:0006H         SYMBOL        xus
  C:290AH         LINE#         6
  C:290AH         LINE#         7
  C:290AH         LINE#         8
  C:290EH         LINE#         9
  C:2913H         LINE#         10
  C:291EH         LINE#         12
  -------         ENDPROC       _DELAY_MS
  -------         PROC          TIMER0INIT
  C:291FH         LINE#         17
  C:291FH         LINE#         18
  C:291FH         LINE#         19
  C:2922H         LINE#         20
  C:2925H         LINE#         21
  C:2928H         LINE#         22
  C:292BH         LINE#         23
  C:292DH         LINE#         24
  C:292FH         LINE#         25
  C:2931H         LINE#         27
  -------         ENDPROC       TIMER0INIT
  -------         PROC          TIMER0_INT
  C:27AFH         LINE#         31
  C:27CCH         LINE#         33
  C:27CEH         LINE#         34
BL51 BANKED LINKER/LOCATER V6.22.2.0                                                  11/13/2023  20:36:46  PAGE 8


  C:27D6H         LINE#         35
  C:27D9H         LINE#         36
  -------         ENDPROC       TIMER0_INT
  -------         ENDMOD        TIMER

  -------         MODULE        USART
  C:0000H         SYMBOL        _ICE_DUMMY_
  D:0080H         PUBLIC        P0
  D:0090H         PUBLIC        P1
  X:0000H         PUBLIC        UART2_RecvOver
  D:00A0H         PUBLIC        P2
  D:00B0H         PUBLIC        P3
  D:00C0H         PUBLIC        P4
  D:00C8H         PUBLIC        P5
  D:00E8H         PUBLIC        P6
  C:2868H         PUBLIC        _Uart_SendString
  D:00F8H         PUBLIC        P7
  C:0003H         PUBLIC        _Uart_SendData
  X:0001H         PUBLIC        UART2_RecvCnt
  D:00A8H         PUBLIC        IE
  D:00B8H         PUBLIC        IP
  B:0098H.1       PUBLIC        TI
  D:00D8H         PUBLIC        CCON
  C:266BH         PUBLIC        usart2_handler
  D:0099H         PUBLIC        SBUF
  D:0098H         PUBLIC        SCON
  C:28F3H         PUBLIC        UartInit
  D:0089H         PUBLIC        TMOD
  D:0088H         PUBLIC        TCON
  X:0002H         PUBLIC        byte
  C:2890H         PUBLIC        _Uart2_SendString
  C:2981H         PUBLIC        _Uart2_SendData
  D:00AFH         PUBLIC        IE2
  D:008EH         PUBLIC        AUXR
  B:00A8H.3       PUBLIC        ET1
  D:008DH         PUBLIC        TH1
  D:00D6H         PUBLIC        T2H
  D:008BH         PUBLIC        TL1
  D:00D7H         PUBLIC        T2L
  B:0088H.6       PUBLIC        TR1
  D:009BH         PUBLIC        S2BUF
  D:009AH         PUBLIC        S2CON
  C:28DAH         PUBLIC        Uart2Init
  X:0003H         PUBLIC        UART2_RecvBuff
  X:0023H         PUBLIC        UART2_RecvTick
  C:000EH         PUBLIC        usart2_tick
  D:00D0H         PUBLIC        PSW
  C:298DH         PUBLIC        _putchar
  -------         PROC          UARTINIT
  C:28F3H         LINE#         3
  C:28F3H         LINE#         4
  C:28F3H         LINE#         5
  C:28F6H         LINE#         6
  C:28F9H         LINE#         7
  C:28FCH         LINE#         8
  C:28FFH         LINE#         9
  C:2902H         LINE#         10
BL51 BANKED LINKER/LOCATER V6.22.2.0                                                  11/13/2023  20:36:46  PAGE 9


  C:2905H         LINE#         11
  C:2907H         LINE#         12
  C:2909H         LINE#         13
  -------         ENDPROC       UARTINIT
  -------         PROC          _UART_SENDDATA
  D:0007H         SYMBOL        byte
  C:0003H         LINE#         23
  C:0003H         LINE#         24
  C:0003H         LINE#         25
  C:0005H         LINE#         26
  C:0008H         LINE#         27
  C:000AH         LINE#         28
  -------         ENDPROC       _UART_SENDDATA
  -------         PROC          _PUTCHAR
  D:0007H         SYMBOL        c
  C:298DH         LINE#         31
  C:298DH         LINE#         32
  C:298DH         LINE#         33
  C:298FH         LINE#         34
  C:2992H         LINE#         35
  C:2994H         LINE#         36
  C:2994H         LINE#         37
  -------         ENDPROC       _PUTCHAR
  -------         PROC          _UART_SENDSTRING
  D:005BH         SYMBOL        str
  D:0004H         SYMBOL        len
  C:2868H         LINE#         40
  C:286EH         LINE#         41
  C:286EH         LINE#         42
  C:2878H         LINE#         43
  C:288FH         LINE#         44
  -------         ENDPROC       _UART_SENDSTRING
  -------         PROC          UART2INIT
  C:28DAH         LINE#         48
  C:28DAH         LINE#         49
  C:28DAH         LINE#         50
  C:28DDH         LINE#         51
  C:28E0H         LINE#         52
  C:28E3H         LINE#         53
  C:28E6H         LINE#         54
  C:28E9H         LINE#         55
  C:28ECH         LINE#         56
  C:28EFH         LINE#         57
  C:28F2H         LINE#         58
  -------         ENDPROC       UART2INIT
  -------         PROC          _UART2_SENDDATA
  D:0007H         SYMBOL        byte
  C:2981H         LINE#         63
  C:2981H         LINE#         64
  C:2981H         LINE#         65
  C:2983H         LINE#         66
  C:2989H         LINE#         67
  C:298CH         LINE#         68
  -------         ENDPROC       _UART2_SENDDATA
  -------         PROC          _UART2_SENDSTRING
  D:0037H         SYMBOL        str
  D:0004H         SYMBOL        len
BL51 BANKED LINKER/LOCATER V6.22.2.0                                                  11/13/2023  20:36:46  PAGE 10


  C:2890H         LINE#         71
  C:2896H         LINE#         72
  C:2896H         LINE#         73
  C:28A0H         LINE#         74
  C:28B7H         LINE#         75
  -------         ENDPROC       _UART2_SENDSTRING
  -------         PROC          USART2_HANDLER
  C:266BH         LINE#         86
  C:267AH         LINE#         87
  C:267FH         LINE#         88
  C:2682H         LINE#         89
  C:2688H         LINE#         90
  C:2690H         LINE#         91
  C:2696H         LINE#         92
  C:26AEH         LINE#         93
  C:26B5H         LINE#         94
  C:26B5H         LINE#         95
  C:26B5H         LINE#         96
  -------         ENDPROC       USART2_HANDLER
  -------         PROC          USART2_TICK
  C:000EH         LINE#         100
  C:000EH         LINE#         101
  C:001DH         LINE#         102
  C:0029H         LINE#         103
  C:0038H         LINE#         104
  C:003CH         LINE#         105
  C:0041H         LINE#         106
  C:0041H         LINE#         107
  C:0041H         LINE#         108
  -------         ENDPROC       USART2_TICK
  -------         ENDMOD        USART

  -------         MODULE        LU90614
  C:0000H         SYMBOL        _ICE_DUMMY_
  D:0080H         PUBLIC        P0
  D:0090H         PUBLIC        P1
  D:00A0H         PUBLIC        P2
  D:00B0H         PUBLIC        P3
  D:00C0H         PUBLIC        P4
  D:00C8H         PUBLIC        P5
  D:00E8H         PUBLIC        P6
  D:00F8H         PUBLIC        P7
  D:00A8H         PUBLIC        IE
  D:00B8H         PUBLIC        IP
  D:00D8H         PUBLIC        CCON
  D:0098H         PUBLIC        SCON
  D:0088H         PUBLIC        TCON
  C:299AH         PUBLIC        LU90614_init
  C:293FH         SYMBOL        _?ix1000
  C:1FD0H         PUBLIC        read_body_temperature
  D:00D0H         PUBLIC        PSW
  -------         PROC          LU90614_INIT
  C:299AH         LINE#         7
  C:299AH         LINE#         8
  -------         ENDPROC       LU90614_INIT
  -------         PROC          READ_BODY_TEMPERATURE
  -------         DO            
BL51 BANKED LINKER/LOCATER V6.22.2.0                                                  11/13/2023  20:36:46  PAGE 11


  D:002FH         SYMBOL        wait_time
  D:0030H         SYMBOL        check
  D:0007H         SYMBOL        cnt
  D:0031H         SYMBOL        read_cmd
  -------         ENDDO         
  C:1FD0H         LINE#         12
  C:1FD0H         LINE#         13
  C:1FD5H         LINE#         14
  C:1FE6H         LINE#         16
  C:1FF3H         LINE#         18
  C:1FF9H         LINE#         19
  C:1FFFH         LINE#         20
  C:2001H         LINE#         21
  C:200CH         LINE#         22
  C:200FH         LINE#         23
  C:200FH         LINE#         24
  C:200FH         LINE#         25
  C:2017H         LINE#         26
  C:2018H         LINE#         27
  C:2018H         LINE#         28
  C:2018H         LINE#         29
  C:201AH         LINE#         30
  C:201AH         LINE#         32
  C:2028H         LINE#         33
  C:2037H         LINE#         34
  C:203AH         LINE#         35
  C:2049H         LINE#         36
  C:204EH         LINE#         37
  C:2054H         LINE#         38
  C:2058H         LINE#         39
  C:205BH         LINE#         40
  C:205BH         LINE#         41
  C:20A3H         LINE#         42
  C:20A8H         LINE#         43
  C:20AEH         LINE#         44
  C:20B2H         LINE#         45
  C:20E4H         LINE#         48
  -------         ENDPROC       READ_BODY_TEMPERATURE
  -------         ENDMOD        LU90614

  -------         MODULE        LCD_DRIVER
  C:0000H         SYMBOL        _ICE_DUMMY_
  D:0080H         PUBLIC        P0
  C:20E5H         PUBLIC        _LCD_ShowSmg
  D:0090H         PUBLIC        P1
  D:00A0H         PUBLIC        P2
  D:00B0H         PUBLIC        P3
  D:00C0H         PUBLIC        P4
  D:00C8H         PUBLIC        P5
  D:00E8H         PUBLIC        P6
  D:00F8H         PUBLIC        P7
  C:27F4H         PUBLIC        _LCD_Address_Set
  B:00C0H.0       PUBLIC        LCD_SDA
  C:1EA4H         PUBLIC        LCD_Config
  B:00C0H.4       PUBLIC        LCD_BLK
  D:00A8H         PUBLIC        IE
  C:296FH         PUBLIC        _LCD_WR_DATA8
BL51 BANKED LINKER/LOCATER V6.22.2.0                                                  11/13/2023  20:36:46  PAGE 12


  B:00C0H.3       PUBLIC        LCD_SCL
  D:00B8H         PUBLIC        IP
  C:2995H         PUBLIC        _LCD_WR_REG
  C:2831H         PUBLIC        _LCD_Clear
  D:00D8H         PUBLIC        CCON
  D:0057H         PUBLIC        LCD_BackColor
  B:00A0H.0       PUBLIC        LCD_RST
  C:260FH         PUBLIC        _LCD_ClearRect
  D:0098H         PUBLIC        SCON
  D:0088H         PUBLIC        TCON
  D:0059H         PUBLIC        LCD_Color
  C:2514H         PUBLIC        _LCD_ShowPicture
  B:00C0H.2       PUBLIC        LCD_DC
  C:2974H         PUBLIC        LCD_GPIOConfig
  C:2955H         PUBLIC        LCD_Init
  B:00C0H.1       PUBLIC        LCD_CS
  C:21F1H         PUBLIC        _LCD_ShowString
  C:2945H         PUBLIC        _LCD_WR_DATA
  C:28B8H         PUBLIC        _LCD_Writ_Bus
  D:00D0H         PUBLIC        PSW
  -------         PROC          _LCD_WRIT_BUS
  D:0007H         SYMBOL        dat
  -------         DO            
  D:0006H         SYMBOL        i
  -------         ENDDO         
  C:28B8H         LINE#         12
  C:28B8H         LINE#         13
  C:28B8H         LINE#         15
  C:28C4H         LINE#         16
  C:28C4H         LINE#         17
  C:28C6H         LINE#         18
  C:28CAH         LINE#         19
  C:28CEH         LINE#         21
  C:28D0H         LINE#         22
  C:28D2H         LINE#         23
  C:28D6H         LINE#         24
  C:28D9H         LINE#         25
  -------         ENDPROC       _LCD_WRIT_BUS
  -------         PROC          L?0083
  -------         ENDPROC       L?0083
  -------         PROC          _LCD_WR_DATA8
  D:0007H         SYMBOL        dat
  C:296FH         LINE#         33
  C:296FH         LINE#         34
  C:296FH         LINE#         35
  C:2971H         LINE#         36
  -------         ENDPROC       _LCD_WR_DATA8
  -------         PROC          _LCD_WR_DATA
  D:0004H         SYMBOL        dat
  C:2945H         LINE#         45
  C:2949H         LINE#         46
  C:2949H         LINE#         47
  C:294BH         LINE#         48
  C:2950H         LINE#         49
  -------         ENDPROC       _LCD_WR_DATA
  -------         PROC          _LCD_WR_REG
  D:0007H         SYMBOL        dat
BL51 BANKED LINKER/LOCATER V6.22.2.0                                                  11/13/2023  20:36:46  PAGE 13


  C:2995H         LINE#         58
  C:2995H         LINE#         59
  C:2995H         LINE#         60
  C:2997H         LINE#         61
  -------         ENDPROC       _LCD_WR_REG
  -------         PROC          LCD_GPIOCONFIG
  C:2974H         LINE#         65
  C:2974H         LINE#         66
  C:2974H         LINE#         68
  C:297AH         LINE#         69
  C:297EH         LINE#         71
  C:2980H         LINE#         72
  -------         ENDPROC       LCD_GPIOCONFIG
  -------         PROC          LCD_CONFIG
  C:1EA4H         LINE#         74
  C:1EA4H         LINE#         75
  C:1EA4H         LINE#         76
  C:1EA6H         LINE#         77
  C:1EADH         LINE#         78
  C:1EAFH         LINE#         79
  C:1EB6H         LINE#         80
  C:1EB8H         LINE#         83
  C:1EBDH         LINE#         84
  C:1EBDH         LINE#         85
  C:1EC2H         LINE#         86
  C:1EC2H         LINE#         87
  C:1EC2H         LINE#         89
  C:1EC7H         LINE#         90
  C:1ECCH         LINE#         91
  C:1ED1H         LINE#         92
  C:1ED6H         LINE#         93
  C:1EDBH         LINE#         94
  C:1EE0H         LINE#         95
  C:1EE5H         LINE#         96
  C:1EEAH         LINE#         97
  C:1EEFH         LINE#         98
  C:1EF4H         LINE#         99
  C:1EF9H         LINE#         100
  C:1EFEH         LINE#         101
  C:1F03H         LINE#         102
  C:1F08H         LINE#         103
  C:1F0DH         LINE#         104
  C:1F12H         LINE#         105
  C:1F17H         LINE#         106
  C:1F1CH         LINE#         107
  C:1F21H         LINE#         108
  C:1F26H         LINE#         109
  C:1F2BH         LINE#         110
  C:1F30H         LINE#         111
  C:1F35H         LINE#         112
  C:1F3AH         LINE#         113
  C:1F3FH         LINE#         114
  C:1F41H         LINE#         115
  C:1F41H         LINE#         116
  C:1F44H         LINE#         117
  C:1F49H         LINE#         118
  C:1F4EH         LINE#         119
BL51 BANKED LINKER/LOCATER V6.22.2.0                                                  11/13/2023  20:36:46  PAGE 14


  C:1F53H         LINE#         120
  C:1F58H         LINE#         121
  C:1F5DH         LINE#         122
  C:1F62H         LINE#         123
  C:1F67H         LINE#         124
  C:1F6CH         LINE#         125
  C:1F71H         LINE#         126
  C:1F76H         LINE#         127
  C:1F7BH         LINE#         128
  C:1F80H         LINE#         129
  C:1F82H         LINE#         130
  C:1F82H         LINE#         131
  C:1F85H         LINE#         132
  C:1F8AH         LINE#         133
  C:1F8FH         LINE#         134
  C:1F94H         LINE#         135
  C:1F99H         LINE#         136
  C:1F9EH         LINE#         137
  C:1FA3H         LINE#         138
  C:1FA8H         LINE#         139
  C:1FADH         LINE#         140
  C:1FB2H         LINE#         141
  C:1FB7H         LINE#         142
  C:1FBCH         LINE#         143
  C:1FC1H         LINE#         144
  C:1FC6H         LINE#         145
  C:1FCBH         LINE#         146
  -------         ENDPROC       LCD_CONFIG
  -------         PROC          LCD_INIT
  C:2955H         LINE#         149
  C:2955H         LINE#         150
  C:2955H         LINE#         151
  C:2958H         LINE#         152
  C:295BH         LINE#         153
  C:2962H         LINE#         155
  C:2964H         LINE#         156
  -------         ENDPROC       LCD_INIT
  -------         PROC          _LCD_ADDRESS_SET
  D:003FH         SYMBOL        x1
  D:0082H         SYMBOL        y1
  D:0002H         SYMBOL        x2
  D:0045H         SYMBOL        y2
  C:27F4H         LINE#         164
  C:27FCH         LINE#         165
  C:27FCH         LINE#         166
  C:27FCH         LINE#         167
  C:27FCH         LINE#         168
  C:2801H         LINE#         169
  C:2808H         LINE#         170
  C:280FH         LINE#         171
  C:2814H         LINE#         172
  C:2820H         LINE#         173
  C:282CH         LINE#         174
  -------         ENDPROC       _LCD_ADDRESS_SET
  -------         PROC          _LCD_CLEAR
  D:0022H         SYMBOL        Color
  -------         DO            
BL51 BANKED LINKER/LOCATER V6.22.2.0                                                  11/13/2023  20:36:46  PAGE 15


  D:0002H         SYMBOL        i
  D:0082H         SYMBOL        j
  -------         ENDDO         
  C:2831H         LINE#         223
  C:2835H         LINE#         224
  C:2835H         LINE#         226
  C:2847H         LINE#         227
  C:2849H         LINE#         228
  C:2849H         LINE#         229
  C:284CH         LINE#         230
  C:284CH         LINE#         231
  C:2853H         LINE#         232
  C:285CH         LINE#         233
  C:2867H         LINE#         234
  -------         ENDPROC       _LCD_CLEAR
  -------         PROC          _LCD_SHOWSTRING
  D:0022H         SYMBOL        x
  D:0024H         SYMBOL        y
  D:0026H         SYMBOL        fc
  D:0028H         SYMBOL        bc
  D:002AH         SYMBOL        p
  -------         DO            
  D:002DH         SYMBOL        i
  D:002FH         SYMBOL        j
  D:0031H         SYMBOL        temp
  -------         ENDDO         
  C:21F1H         LINE#         248
  C:21FDH         LINE#         249
  C:21FDH         LINE#         250
  C:2206H         LINE#         251
  C:2208H         LINE#         252
  C:2216H         LINE#         253
  C:2235H         LINE#         254
  C:2240H         LINE#         255
  C:224BH         LINE#         256
  C:2250H         LINE#         257
  C:225BH         LINE#         258
  C:225BH         LINE#         259
  C:2260H         LINE#         260
  C:2287H         LINE#         261
  C:228CH         LINE#         262
  C:22A8H         LINE#         263
  C:22AEH         LINE#         265
  C:22B5H         LINE#         266
  C:22C6H         LINE#         267
  C:22D7H         LINE#         268
  C:22E2H         LINE#         269
  C:22E5H         LINE#         270
  -------         ENDPROC       _LCD_SHOWSTRING
  -------         PROC          _LCD_SHOWSMG
  D:002FH         SYMBOL        x
  D:0031H         SYMBOL        y
  D:0033H         SYMBOL        fc
  D:0035H         SYMBOL        bc
  D:0037H         SYMBOL        p
  -------         DO            
  D:003AH         SYMBOL        i
BL51 BANKED LINKER/LOCATER V6.22.2.0                                                  11/13/2023  20:36:46  PAGE 16


  D:003CH         SYMBOL        j
  D:003EH         SYMBOL        temp
  -------         ENDDO         
  C:20E5H         LINE#         274
  C:20F1H         LINE#         275
  C:20F1H         LINE#         276
  C:20FAH         LINE#         277
  C:20FCH         LINE#         278
  C:210AH         LINE#         279
  C:2129H         LINE#         280
  C:2134H         LINE#         281
  C:213FH         LINE#         282
  C:2144H         LINE#         283
  C:214FH         LINE#         284
  C:214FH         LINE#         285
  C:2154H         LINE#         286
  C:2169H         LINE#         287
  C:2181H         LINE#         289
  C:2191H         LINE#         290
  C:2196H         LINE#         291
  C:21B2H         LINE#         292
  C:21B8H         LINE#         294
  C:21BFH         LINE#         295
  C:21D0H         LINE#         296
  C:21E2H         LINE#         297
  C:21EDH         LINE#         298
  C:21F0H         LINE#         299
  -------         ENDPROC       _LCD_SHOWSMG
  -------         PROC          _LCD_SHOWPICTURE
  D:0006H         SYMBOL        col
  D:0004H         SYMBOL        page
  D:000CH         SYMBOL        width
  D:000EH         SYMBOL        high
  D:0010H         SYMBOL        p
  -------         DO            
  D:0013H         SYMBOL        i
  D:0015H         SYMBOL        j
  D:0017H         SYMBOL        color
  -------         ENDDO         
  C:2514H         LINE#         310
  C:2518H         LINE#         311
  C:2518H         LINE#         313
  C:251DH         LINE#         314
  C:2544H         LINE#         315
  C:2554H         LINE#         316
  C:2554H         LINE#         317
  C:2564H         LINE#         318
  C:2564H         LINE#         319
  C:2579H         LINE#         320
  C:257FH         LINE#         321
  C:258AH         LINE#         322
  C:2594H         LINE#         323
  C:259EH         LINE#         324
  -------         ENDPROC       _LCD_SHOWPICTURE
  -------         PROC          _LCD_CLEARRECT
  D:0001H         SYMBOL        x_start
  D:001AH         SYMBOL        y_start
BL51 BANKED LINKER/LOCATER V6.22.2.0                                                  11/13/2023  20:36:46  PAGE 17


  D:001BH         SYMBOL        width
  D:001CH         SYMBOL        high
  D:001DH         SYMBOL        color
  -------         DO            
  D:0002H         SYMBOL        i
  D:0082H         SYMBOL        j
  -------         ENDDO         
  C:260FH         LINE#         327
  C:2615H         LINE#         328
  C:2615H         LINE#         330
  C:263FH         LINE#         331
  C:264BH         LINE#         332
  C:264BH         LINE#         333
  C:2659H         LINE#         334
  C:2659H         LINE#         335
  C:2660H         LINE#         336
  C:2663H         LINE#         337
  C:266AH         LINE#         338
  -------         ENDPROC       _LCD_CLEARRECT
  -------         ENDMOD        LCD_DRIVER

  -------         MODULE        FONT
  C:0000H         SYMBOL        _ICE_DUMMY_
  D:0080H         PUBLIC        P0
  D:0090H         PUBLIC        P1
  D:00A0H         PUBLIC        P2
  D:00B0H         PUBLIC        P3
  D:00C0H         PUBLIC        P4
  D:00C8H         PUBLIC        P5
  D:00E8H         PUBLIC        P6
  D:00F8H         PUBLIC        P7
  D:00A8H         PUBLIC        IE
  D:00B8H         PUBLIC        IP
  D:00D8H         PUBLIC        CCON
  D:0098H         PUBLIC        SCON
  D:0088H         PUBLIC        TCON
  C:0DB4H         PUBLIC        zf_8_16
  C:0046H         PUBLIC        smg
  C:0054H         PUBLIC        smg_32_64
  C:0D54H         PUBLIC        zf
  D:00D0H         PUBLIC        PSW
  -------         ENDMOD        FONT

  -------         MODULE        KEY
  C:0000H         SYMBOL        _ICE_DUMMY_
  D:0080H         PUBLIC        P0
  D:0090H         PUBLIC        P1
  D:00A0H         PUBLIC        P2
  D:00B0H         PUBLIC        P3
  D:00C0H         PUBLIC        P4
  D:00C8H         PUBLIC        P5
  D:00E8H         PUBLIC        P6
  D:00F8H         PUBLIC        P7
  D:00A8H         PUBLIC        IE
  D:00B8H         PUBLIC        IP
  B:0080H.0       PUBLIC        KEY1
  B:0080H.1       PUBLIC        KEY2
BL51 BANKED LINKER/LOCATER V6.22.2.0                                                  11/13/2023  20:36:46  PAGE 18


  B:0080H.2       PUBLIC        KEY3
  B:0080H.3       PUBLIC        KEY4
  D:00D8H         PUBLIC        CCON
  C:2714H         PUBLIC        Get_KeyValue
  D:0098H         PUBLIC        SCON
  D:0088H         PUBLIC        TCON
  D:00D0H         PUBLIC        PSW
  -------         PROC          GET_KEYVALUE
  -------         DO            
  D:0022H         SYMBOL        keyValue
  -------         ENDDO         
  C:2714H         LINE#         10
  C:2714H         LINE#         11
  C:2714H         LINE#         12
  C:2717H         LINE#         13
  C:271AH         LINE#         14
  C:2720H         LINE#         15
  C:2723H         LINE#         16
  C:2726H         LINE#         17
  C:2729H         LINE#         18
  C:2729H         LINE#         19
  C:2729H         LINE#         20
  C:2729H         LINE#         21
  C:272CH         LINE#         22
  C:2733H         LINE#         23
  C:2736H         LINE#         24
  C:2739H         LINE#         25
  C:273CH         LINE#         26
  C:273CH         LINE#         27
  C:273CH         LINE#         28
  C:273CH         LINE#         29
  C:273FH         LINE#         30
  C:2746H         LINE#         31
  C:2749H         LINE#         32
  C:274CH         LINE#         33
  C:274FH         LINE#         34
  C:274FH         LINE#         35
  C:274FH         LINE#         36
  C:274FH         LINE#         37
  C:2752H         LINE#         38
  C:2759H         LINE#         39
  C:275CH         LINE#         40
  C:275FH         LINE#         41
  C:2762H         LINE#         42
  C:2762H         LINE#         43
  C:2762H         LINE#         44
  C:2762H         LINE#         45
  C:2764H         LINE#         46
  -------         ENDPROC       GET_KEYVALUE
  -------         ENDMOD        KEY

  -------         MODULE        ?C?FPADD
  C:13ABH         PUBLIC        ?C?FPADD
  C:13A7H         PUBLIC        ?C?FPSUB
  -------         ENDMOD        ?C?FPADD

  -------         MODULE        ?C?FPDIV
BL51 BANKED LINKER/LOCATER V6.22.2.0                                                  11/13/2023  20:36:46  PAGE 19


  C:149FH         PUBLIC        ?C?FPDIV
  -------         ENDMOD        ?C?FPDIV

  -------         MODULE        ?C?FCAST
  C:1546H         PUBLIC        ?C?FCASTC
  C:1541H         PUBLIC        ?C?FCASTI
  C:153CH         PUBLIC        ?C?FCASTL
  -------         ENDMOD        ?C?FCAST

  -------         MODULE        ?C?CASTF
  C:157AH         PUBLIC        ?C?CASTF
  -------         ENDMOD        ?C?CASTF

  -------         MODULE        PRINTF
  D:0037H         PUBLIC        ?_PRINTF?BYTE
  D:0037H         PUBLIC        ?_SPRINTF?BYTE
  C:1A97H         PUBLIC        _PRINTF
  C:1A91H         PUBLIC        _SPRINTF
  -------         ENDMOD        PRINTF

  -------         MODULE        ?C?FPROUND
  C:15FBH         PUBLIC        ?C?FPROUND
  -------         ENDMOD        ?C?FPROUND

  -------         MODULE        ?C?FPCONVERT
  C:162AH         PUBLIC        ?C?FPCONVERT
  -------         ENDMOD        ?C?FPCONVERT

  -------         MODULE        ?C?FPMUL
  C:172DH         PUBLIC        ?C?FPMUL
  -------         ENDMOD        ?C?FPMUL

  -------         MODULE        ?C?FTNPWR
  C:1863H         PUBLIC        ?C?FTNPWR
  -------         ENDMOD        ?C?FTNPWR

  -------         MODULE        ?C?COPY
  C:1973H         PUBLIC        ?C?COPY
  -------         ENDMOD        ?C?COPY

  -------         MODULE        ?C?CLDPTR
  C:1999H         PUBLIC        ?C?CLDPTR
  -------         ENDMOD        ?C?CLDPTR

  -------         MODULE        ?C?CLDOPTR
  C:19B2H         PUBLIC        ?C?CLDOPTR
  -------         ENDMOD        ?C?CLDOPTR

  -------         MODULE        ?C?CSTPTR
  C:19DFH         PUBLIC        ?C?CSTPTR
  -------         ENDMOD        ?C?CSTPTR

  -------         MODULE        ?C?LNEG
  C:19F1H         PUBLIC        ?C?LNEG
  -------         ENDMOD        ?C?LNEG

  -------         MODULE        ?C?PLDIIDATA
BL51 BANKED LINKER/LOCATER V6.22.2.0                                                  11/13/2023  20:36:46  PAGE 20


  C:19FFH         PUBLIC        ?C?PLDIIDATA
  -------         ENDMOD        ?C?PLDIIDATA

  -------         MODULE        ?C?CCASE
  C:1A0FH         PUBLIC        ?C?CCASE
  -------         ENDMOD        ?C?CCASE

*** WARNING L16: UNCALLED SEGMENT, IGNORED FOR OVERLAY PROCESS
    SEGMENT: ?PR?_UART_SENDSTRING?USART

*** WARNING L16: UNCALLED SEGMENT, IGNORED FOR OVERLAY PROCESS
    SEGMENT: ?PR?_LCD_SHOWPICTURE?LCD_DRIVER

*** WARNING L16: UNCALLED SEGMENT, IGNORED FOR OVERLAY PROCESS
    SEGMENT: ?PR?_LCD_CLEARRECT?LCD_DRIVER

Program Size: data=95.1 xdata=37 code=10652
LINK/LOCATE RUN COMPLETE.  3 WARNING(S),  0 ERROR(S)
