Component: ARM Compiler 5.06 update 6 (build 750) Tool: armlink [4d35ed]

==============================================================================

Section Cross References

    stm32f10x_it.o(i.HardFault_Handler) refers to printfa.o(i.__0printf) for __2printf
    stm32f10x_it.o(i.HardFault_Handler) refers to delay.o(i.Delay_ms) for Delay_ms
    system_stm32f10x.o(i.SetSysClock) refers to system_stm32f10x.o(i.SetSysClockTo72) for SetSysClockTo72
    system_stm32f10x.o(i.SystemCoreClockUpdate) refers to system_stm32f10x.o(.data) for SystemCoreClock
    system_stm32f10x.o(i.SystemInit) refers to system_stm32f10x.o(i.SetSysClock) for SetSysClock
    main.o(i.main) refers to delay.o(i.sys_tick_init) for sys_tick_init
    main.o(i.main) refers to usart.o(i.usart_init) for usart_init
    main.o(i.main) refers to usart.o(i.uart4_init) for uart4_init
    main.o(i.main) refers to led.o(i.RGB_init) for RGB_init
    main.o(i.main) refers to led.o(i.led_init) for led_init
    main.o(i.main) refers to timer.o(i.timer2_init) for timer2_init
    main.o(i.main) refers to rs485.o(i.RS485_init) for RS485_init
    main.o(i.main) refers to key.o(i.key_init) for key_init
    main.o(i.main) refers to printfa.o(i.__0printf) for __2printf
    main.o(i.main) refers to delay.o(i.led_time_scale) for led_time_scale
    main.o(i.main) refers to delay.o(i.dataanalysis_time_scale) for dataanalysis_time_scale
    main.o(i.main) refers to delay.o(i.getdata_time_scale) for getdata_time_scale
    main.o(i.main) refers to delay.o(i.modbus_time_scale) for modbus_time_scale
    startup_stm32f10x_hd.o(RESET) refers to startup_stm32f10x_hd.o(STACK) for __initial_sp
    startup_stm32f10x_hd.o(RESET) refers to startup_stm32f10x_hd.o(.text) for Reset_Handler
    startup_stm32f10x_hd.o(RESET) refers to stm32f10x_it.o(i.NMI_Handler) for NMI_Handler
    startup_stm32f10x_hd.o(RESET) refers to stm32f10x_it.o(i.HardFault_Handler) for HardFault_Handler
    startup_stm32f10x_hd.o(RESET) refers to stm32f10x_it.o(i.MemManage_Handler) for MemManage_Handler
    startup_stm32f10x_hd.o(RESET) refers to stm32f10x_it.o(i.BusFault_Handler) for BusFault_Handler
    startup_stm32f10x_hd.o(RESET) refers to stm32f10x_it.o(i.UsageFault_Handler) for UsageFault_Handler
    startup_stm32f10x_hd.o(RESET) refers to stm32f10x_it.o(i.SVC_Handler) for SVC_Handler
    startup_stm32f10x_hd.o(RESET) refers to stm32f10x_it.o(i.DebugMon_Handler) for DebugMon_Handler
    startup_stm32f10x_hd.o(RESET) refers to stm32f10x_it.o(i.PendSV_Handler) for PendSV_Handler
    startup_stm32f10x_hd.o(RESET) refers to delay.o(i.SysTick_Handler) for SysTick_Handler
    startup_stm32f10x_hd.o(RESET) refers to interrupt.o(i.EXTI0_IRQHandler) for EXTI0_IRQHandler
    startup_stm32f10x_hd.o(RESET) refers to interrupt.o(i.EXTI4_IRQHandler) for EXTI4_IRQHandler
    startup_stm32f10x_hd.o(RESET) refers to interrupt.o(i.EXTI9_5_IRQHandler) for EXTI9_5_IRQHandler
    startup_stm32f10x_hd.o(RESET) refers to interrupt.o(i.TIM2_IRQHandler) for TIM2_IRQHandler
    startup_stm32f10x_hd.o(RESET) refers to usart.o(i.USART1_IRQHandler) for USART1_IRQHandler
    startup_stm32f10x_hd.o(RESET) refers to usart.o(i.USART2_IRQHandler) for USART2_IRQHandler
    startup_stm32f10x_hd.o(RESET) refers to usart.o(i.UART4_IRQHandler) for UART4_IRQHandler
    startup_stm32f10x_hd.o(.text) refers to system_stm32f10x.o(i.SystemInit) for SystemInit
    startup_stm32f10x_hd.o(.text) refers to entry.o(.ARM.Collect$$$$00000000) for __main
    key.o(i.key1_interrupt_init) refers to stm32f10x_rcc.o(i.RCC_APB2PeriphClockCmd) for RCC_APB2PeriphClockCmd
    key.o(i.key1_interrupt_init) refers to stm32f10x_gpio.o(i.GPIO_EXTILineConfig) for GPIO_EXTILineConfig
    key.o(i.key1_interrupt_init) refers to stm32f10x_exti.o(i.EXTI_Init) for EXTI_Init
    key.o(i.key1_interrupt_init) refers to misc.o(i.NVIC_PriorityGroupConfig) for NVIC_PriorityGroupConfig
    key.o(i.key1_interrupt_init) refers to misc.o(i.NVIC_Init) for NVIC_Init
    key.o(i.key2_interrupt_init) refers to stm32f10x_rcc.o(i.RCC_APB2PeriphClockCmd) for RCC_APB2PeriphClockCmd
    key.o(i.key2_interrupt_init) refers to stm32f10x_gpio.o(i.GPIO_EXTILineConfig) for GPIO_EXTILineConfig
    key.o(i.key2_interrupt_init) refers to stm32f10x_exti.o(i.EXTI_Init) for EXTI_Init
    key.o(i.key2_interrupt_init) refers to misc.o(i.NVIC_PriorityGroupConfig) for NVIC_PriorityGroupConfig
    key.o(i.key2_interrupt_init) refers to misc.o(i.NVIC_Init) for NVIC_Init
    key.o(i.key3_interrupt_init) refers to stm32f10x_rcc.o(i.RCC_APB2PeriphClockCmd) for RCC_APB2PeriphClockCmd
    key.o(i.key3_interrupt_init) refers to stm32f10x_gpio.o(i.GPIO_EXTILineConfig) for GPIO_EXTILineConfig
    key.o(i.key3_interrupt_init) refers to stm32f10x_exti.o(i.EXTI_Init) for EXTI_Init
    key.o(i.key3_interrupt_init) refers to misc.o(i.NVIC_PriorityGroupConfig) for NVIC_PriorityGroupConfig
    key.o(i.key3_interrupt_init) refers to misc.o(i.NVIC_Init) for NVIC_Init
[...]
    Removing stm32f10x_tim.o(i.TIM_SelectOnePulseMode), (18 bytes).
    Removing stm32f10x_tim.o(i.TIM_SelectOutputTrigger), (18 bytes).
    Removing stm32f10x_tim.o(i.TIM_SelectSlaveMode), (18 bytes).
    Removing stm32f10x_tim.o(i.TIM_SetAutoreload), (4 bytes).
    Removing stm32f10x_tim.o(i.TIM_SetClockDivision), (18 bytes).
    Removing stm32f10x_tim.o(i.TIM_SetCompare1), (4 bytes).
    Removing stm32f10x_tim.o(i.TIM_SetCompare2), (4 bytes).
    Removing stm32f10x_tim.o(i.TIM_SetCompare3), (4 bytes).
    Removing stm32f10x_tim.o(i.TIM_SetCompare4), (6 bytes).
    Removing stm32f10x_tim.o(i.TIM_SetCounter), (4 bytes).
    Removing stm32f10x_tim.o(i.TIM_SetIC1Prescaler), (18 bytes).
    Removing stm32f10x_tim.o(i.TIM_SetIC2Prescaler), (26 bytes).
    Removing stm32f10x_tim.o(i.TIM_SetIC3Prescaler), (18 bytes).
    Removing stm32f10x_tim.o(i.TIM_SetIC4Prescaler), (26 bytes).
    Removing stm32f10x_tim.o(i.TIM_TIxExternalClockConfig), (62 bytes).
    Removing stm32f10x_tim.o(i.TIM_TimeBaseStructInit), (18 bytes).
    Removing stm32f10x_tim.o(i.TIM_UpdateDisableConfig), (24 bytes).
    Removing stm32f10x_tim.o(i.TIM_UpdateRequestConfig), (24 bytes).
    Removing stm32f10x_usart.o(.rev16_text), (4 bytes).
    Removing stm32f10x_usart.o(.revsh_text), (4 bytes).
    Removing stm32f10x_usart.o(.rrx_text), (6 bytes).
    Removing stm32f10x_usart.o(i.USART_ClearFlag), (18 bytes).
    Removing stm32f10x_usart.o(i.USART_ClockInit), (34 bytes).
    Removing stm32f10x_usart.o(i.USART_ClockStructInit), (12 bytes).
    Removing stm32f10x_usart.o(i.USART_DMACmd), (18 bytes).
    Removing stm32f10x_usart.o(i.USART_DeInit), (156 bytes).
    Removing stm32f10x_usart.o(i.USART_HalfDuplexCmd), (24 bytes).
    Removing stm32f10x_usart.o(i.USART_IrDACmd), (24 bytes).
    Removing stm32f10x_usart.o(i.USART_IrDAConfig), (18 bytes).
    Removing stm32f10x_usart.o(i.USART_LINBreakDetectLengthConfig), (18 bytes).
    Removing stm32f10x_usart.o(i.USART_LINCmd), (24 bytes).
    Removing stm32f10x_usart.o(i.USART_OneBitMethodCmd), (24 bytes).
    Removing stm32f10x_usart.o(i.USART_OverSampling8Cmd), (22 bytes).
    Removing stm32f10x_usart.o(i.USART_ReceiverWakeUpCmd), (24 bytes).
    Removing stm32f10x_usart.o(i.USART_SendBreak), (10 bytes).
    Removing stm32f10x_usart.o(i.USART_SetAddress), (18 bytes).
    Removing stm32f10x_usart.o(i.USART_SetGuardTime), (16 bytes).
    Removing stm32f10x_usart.o(i.USART_SetPrescaler), (16 bytes).
    Removing stm32f10x_usart.o(i.USART_SmartCardCmd), (24 bytes).
    Removing stm32f10x_usart.o(i.USART_SmartCardNACKCmd), (24 bytes).
    Removing stm32f10x_usart.o(i.USART_StructInit), (24 bytes).
    Removing stm32f10x_usart.o(i.USART_WakeUpConfig), (18 bytes).
    Removing stm32f10x_wwdg.o(.rev16_text), (4 bytes).
    Removing stm32f10x_wwdg.o(.revsh_text), (4 bytes).
    Removing stm32f10x_wwdg.o(.rrx_text), (6 bytes).
    Removing stm32f10x_wwdg.o(i.WWDG_ClearFlag), (12 bytes).
    Removing stm32f10x_wwdg.o(i.WWDG_DeInit), (22 bytes).
    Removing stm32f10x_wwdg.o(i.WWDG_Enable), (16 bytes).
    Removing stm32f10x_wwdg.o(i.WWDG_EnableIT), (12 bytes).
    Removing stm32f10x_wwdg.o(i.WWDG_GetFlagStatus), (12 bytes).
    Removing stm32f10x_wwdg.o(i.WWDG_SetCounter), (16 bytes).
    Removing stm32f10x_wwdg.o(i.WWDG_SetPrescaler), (24 bytes).
    Removing stm32f10x_wwdg.o(i.WWDG_SetWindowValue), (40 bytes).
    Removing delay.o(.rev16_text), (4 bytes).
    Removing delay.o(.revsh_text), (4 bytes).
    Removing delay.o(.rrx_text), (6 bytes).
    Removing delay.o(i.Delay_s), (36 bytes).
    Removing delay.o(i.Delay_us), (32 bytes).
    Removing timer.o(.rev16_text), (4 bytes).
    Removing timer.o(.revsh_text), (4 bytes).
    Removing timer.o(.rrx_text), (6 bytes).
    Removing timer.o(i.pwm_set_compare1), (20 bytes).
    Removing timer.o(i.time3_init), (152 bytes).
    Removing mqttconnectclient.o(i.MQTTDeserialize_connack), (118 bytes).
    Removing mqttconnectclient.o(i.MQTTSerialize_disconnect), (18 bytes).
    Removing mqttconnectclient.o(i.MQTTSerialize_pingreq), (18 bytes).
    Removing mqttconnectclient.o(i.MQTTSerialize_zero), (76 bytes).
    Removing mqttconnectserver.o(i.MQTTDeserialize_connect), (298 bytes).
    Removing mqttconnectserver.o(i.MQTTPacket_checkVersion), (92 bytes).
    Removing mqttconnectserver.o(i.MQTTSerialize_connack), (118 bytes).
    Removing mqttdeserializepublish.o(i.MQTTDeserialize_ack), (108 bytes).
    Removing mqttdeserializepublish.o(i.MQTTDeserialize_publish), (168 bytes).
    Removing mqttformat.o(i.MQTTPacket_getName), (16 bytes).
    Removing mqttformat.o(i.MQTTStringFormat_ack), (100 bytes).
    Removing mqttformat.o(i.MQTTStringFormat_connack), (72 bytes).
    Removing mqttformat.o(i.MQTTStringFormat_connect), (192 bytes).
    Removing mqttformat.o(i.MQTTStringFormat_publish), (84 bytes).
    Removing mqttformat.o(i.MQTTStringFormat_suback), (84 bytes).
    Removing mqttformat.o(i.MQTTStringFormat_subscribe), (120 bytes).
    Removing mqttformat.o(i.MQTTStringFormat_unsubscribe), (104 bytes).
    Removing mqttformat.o(.conststring), (383 bytes).
    Removing mqttformat.o(.data), (60 bytes).
    Removing mqttpacket.o(i.MQTTPacket_decode), (88 bytes).
    Removing mqttpacket.o(i.MQTTPacket_decodeBuf), (28 bytes).
    Removing mqttpacket.o(i.MQTTPacket_decodenb), (104 bytes).
    Removing mqttpacket.o(i.MQTTPacket_equals), (66 bytes).
    Removing mqttpacket.o(i.MQTTPacket_read), (102 bytes).
    Removing mqttpacket.o(i.MQTTPacket_readnb), (204 bytes).
    Removing mqttpacket.o(i.bufchar), (40 bytes).
    Removing mqttpacket.o(i.getLenStringLen), (18 bytes).
    Removing mqttpacket.o(i.readChar), (14 bytes).
    Removing mqttpacket.o(i.readInt), (26 bytes).
    Removing mqttpacket.o(i.readMQTTLenString), (58 bytes).
    Removing mqttpacket.o(.data), (4 bytes).
    Removing mqttserializepublish.o(i.MQTTSerialize_ack), (114 bytes).
    Removing mqttserializepublish.o(i.MQTTSerialize_puback), (24 bytes).
    Removing mqttserializepublish.o(i.MQTTSerialize_pubcomp), (24 bytes).
    Removing mqttserializepublish.o(i.MQTTSerialize_pubrel), (26 bytes).
    Removing mqttsubscribeclient.o(i.MQTTDeserialize_suback), (146 bytes).
    Removing mqttsubscribeclient.o(i.MQTTSerialize_subscribe), (176 bytes).
    Removing mqttsubscribeclient.o(i.MQTTSerialize_subscribeLength), (46 bytes).
    Removing mqttsubscribeserver.o(i.MQTTDeserialize_subscribe), (166 bytes).
    Removing mqttsubscribeserver.o(i.MQTTSerialize_suback), (120 bytes).
    Removing mqttunsubscribeclient.o(i.MQTTDeserialize_unsuback), (46 bytes).
    Removing mqttunsubscribeclient.o(i.MQTTSerialize_unsubscribe), (166 bytes).
    Removing mqttunsubscribeclient.o(i.MQTTSerialize_unsubscribeLength), (46 bytes).
    Removing mqttunsubscribeserver.o(i.MQTTDeserialize_unsubscribe), (144 bytes).
    Removing mqttunsubscribeserver.o(i.MQTTSerialize_unsuback), (86 bytes).
    Removing cjson.o(i.add_item_to_array), (54 bytes).
    Removing cjson.o(i.add_item_to_object), (122 bytes).
    Removing cjson.o(i.buffer_skip_whitespace), (72 bytes).
    Removing cjson.o(i.cJSON_AddArrayToObject), (48 bytes).
    Removing cjson.o(i.cJSON_AddBoolToObject), (52 bytes).
    Removing cjson.o(i.cJSON_AddFalseToObject), (48 bytes).
    Removing cjson.o(i.cJSON_AddItemReferenceToArray), (36 bytes).
    Removing cjson.o(i.cJSON_AddItemReferenceToObject), (48 bytes).
    Removing cjson.o(i.cJSON_AddItemToArray), (16 bytes).
    Removing cjson.o(i.cJSON_AddItemToObject), (32 bytes).
    Removing cjson.o(i.cJSON_AddItemToObjectCS), (32 bytes).
    Removing cjson.o(i.cJSON_AddNullToObject), (48 bytes).
    Removing cjson.o(i.cJSON_AddNumberToObject), (60 bytes).
    Removing cjson.o(i.cJSON_AddObjectToObject), (48 bytes).
    Removing cjson.o(i.cJSON_AddRawToObject), (52 bytes).
    Removing cjson.o(i.cJSON_AddStringToObject), (52 bytes).
    Removing cjson.o(i.cJSON_AddTrueToObject), (48 bytes).
    Removing cjson.o(i.cJSON_Compare), (384 bytes).
    Removing cjson.o(i.cJSON_CreateArray), (24 bytes).
    Removing cjson.o(i.cJSON_CreateArrayReference), (36 bytes).
    Removing cjson.o(i.cJSON_CreateBool), (32 bytes).
    Removing cjson.o(i.cJSON_CreateDoubleArray), (106 bytes).
    Removing cjson.o(i.cJSON_CreateFalse), (24 bytes).
    Removing cjson.o(i.cJSON_CreateFloatArray), (110 bytes).
    Removing cjson.o(i.cJSON_CreateIntArray), (110 bytes).
    Removing cjson.o(i.cJSON_CreateNull), (24 bytes).
    Removing cjson.o(i.cJSON_CreateNumber), (100 bytes).
    Removing cjson.o(i.cJSON_CreateObject), (24 bytes).
    Removing cjson.o(i.cJSON_CreateObjectReference), (36 bytes).
    Removing cjson.o(i.cJSON_CreateRaw), (52 bytes).
    Removing cjson.o(i.cJSON_CreateString), (52 bytes).
    Removing cjson.o(i.cJSON_CreateStringArray), (100 bytes).
    Removing cjson.o(i.cJSON_CreateStringReference), (36 bytes).
    Removing cjson.o(i.cJSON_CreateTrue), (24 bytes).
    Removing cjson.o(i.cJSON_Delete), (88 bytes).
    Removing cjson.o(i.cJSON_DeleteItemFromArray), (22 bytes).
    Removing cjson.o(i.cJSON_DeleteItemFromObject), (22 bytes).
    Removing cjson.o(i.cJSON_DeleteItemFromObjectCaseSensitive), (22 bytes).
    Removing cjson.o(i.cJSON_DetachItemFromArray), (34 bytes).
    Removing cjson.o(i.cJSON_DetachItemFromObject), (26 bytes).
    Removing cjson.o(i.cJSON_DetachItemFromObjectCaseSensitive), (26 bytes).
    Removing cjson.o(i.cJSON_DetachItemViaPointer), (64 bytes).
    Removing cjson.o(i.cJSON_Duplicate), (192 bytes).
    Removing cjson.o(i.cJSON_GetArrayItem), (24 bytes).
    Removing cjson.o(i.cJSON_GetArraySize), (28 bytes).
    Removing cjson.o(i.cJSON_GetErrorPtr), (16 bytes).
    Removing cjson.o(i.cJSON_GetNumberValue), (28 bytes).
    Removing cjson.o(i.cJSON_GetObjectItem), (18 bytes).
    Removing cjson.o(i.cJSON_GetObjectItemCaseSensitive), (18 bytes).
    Removing cjson.o(i.cJSON_GetStringValue), (20 bytes).
    Removing cjson.o(i.cJSON_HasObjectItem), (24 bytes).
    Removing cjson.o(i.cJSON_InitHooks), (100 bytes).
    Removing cjson.o(i.cJSON_InsertItemInArray), (70 bytes).
    Removing cjson.o(i.cJSON_IsArray), (22 bytes).
    Removing cjson.o(i.cJSON_IsBool), (24 bytes).
    Removing cjson.o(i.cJSON_IsFalse), (20 bytes).
    Removing cjson.o(i.cJSON_IsInvalid), (20 bytes).
    Removing cjson.o(i.cJSON_IsNull), (22 bytes).
    Removing cjson.o(i.cJSON_IsNumber), (22 bytes).
    Removing cjson.o(i.cJSON_IsObject), (22 bytes).
    Removing cjson.o(i.cJSON_IsRaw), (22 bytes).
    Removing cjson.o(i.cJSON_IsString), (22 bytes).
    Removing cjson.o(i.cJSON_IsTrue), (22 bytes).
    Removing cjson.o(i.cJSON_Minify), (154 bytes).
    Removing cjson.o(i.cJSON_New_Item), (28 bytes).
    Removing cjson.o(i.cJSON_Parse), (16 bytes).
    Removing cjson.o(i.cJSON_ParseWithLength), (20 bytes).
    Removing cjson.o(i.cJSON_ParseWithLengthOpts), (212 bytes).
    Removing cjson.o(i.cJSON_ParseWithOpts), (40 bytes).
    Removing cjson.o(i.cJSON_Print), (20 bytes).
    Removing cjson.o(i.cJSON_PrintBuffered), (96 bytes).
    Removing cjson.o(i.cJSON_PrintPreallocated), (68 bytes).
    Removing cjson.o(i.cJSON_PrintUnformatted), (20 bytes).
    Removing cjson.o(i.cJSON_ReplaceItemInArray), (42 bytes).
    Removing cjson.o(i.cJSON_ReplaceItemInObject), (22 bytes).
    Removing cjson.o(i.cJSON_ReplaceItemInObjectCaseSensitive), (22 bytes).
    Removing cjson.o(i.cJSON_ReplaceItemViaPointer), (100 bytes).
    Removing cjson.o(i.cJSON_SetNumberHelper), (84 bytes).
    Removing cjson.o(i.cJSON_SetValuestring), (100 bytes).
    Removing cjson.o(i.cJSON_Version), (40 bytes).
    Removing cjson.o(i.cJSON_free), (20 bytes).
    Removing cjson.o(i.cJSON_malloc), (20 bytes).
    Removing cjson.o(i.cJSON_strdup), (56 bytes).
    Removing cjson.o(i.case_insensitive_strcmp), (72 bytes).
    Removing cjson.o(i.cast_away_const), (2 bytes).
    Removing cjson.o(i.compare_double), (132 bytes).
    Removing cjson.o(i.create_reference), (60 bytes).
    Removing cjson.o(i.ensure), (184 bytes).
    Removing cjson.o(i.get_array_item), (30 bytes).
    Removing cjson.o(i.get_decimal_point), (4 bytes).
    Removing cjson.o(i.get_object_item), (82 bytes).
    Removing cjson.o(i.minify_string), (116 bytes).
    Removing cjson.o(i.parse_array), (248 bytes).
    Removing cjson.o(i.parse_hex4), (90 bytes).
    Removing cjson.o(i.parse_number), (312 bytes).
    Removing cjson.o(i.parse_object), (318 bytes).
    Removing cjson.o(i.parse_string), (396 bytes).
    Removing cjson.o(i.parse_value), (316 bytes).
    Removing cjson.o(i.print), (180 bytes).
    Removing cjson.o(i.print_array), (178 bytes).
    Removing cjson.o(i.print_number), (340 bytes).
    Removing cjson.o(i.print_object), (372 bytes).
    Removing cjson.o(i.print_string), (16 bytes).
    Removing cjson.o(i.print_string_ptr), (372 bytes).
    Removing cjson.o(i.print_value), (260 bytes).
    Removing cjson.o(i.replace_item_in_object), (96 bytes).
    Removing cjson.o(i.skip_multiline_comment), (50 bytes).
    Removing cjson.o(i.skip_oneline_comment), (42 bytes).
    Removing cjson.o(i.skip_utf8_bom), (60 bytes).
    Removing cjson.o(i.suffix_object), (6 bytes).
    Removing cjson.o(i.update_offset), (36 bytes).
    Removing cjson.o(i.utf16_literal_to_utf8), (300 bytes).
    Removing cjson.o(.bss), (15 bytes).
    Removing cjson.o(.data), (20 bytes).
    Removing dflti.o(.text), (34 bytes).
    Removing dfixi.o(.text), (62 bytes).
    Removing f2d.o(.text), (38 bytes).
    Removing cdcmple.o(.text), (48 bytes).
    Removing dfltul.o(.text), (24 bytes).
    Removing d2f.o(.text), (56 bytes).
    Removing fepilogue.o(.text), (110 bytes).

760 unused section(s) (total 47018 bytes) removed from the image.

==============================================================================

Image Symbol Table

    Local Symbols

    Symbol Name                              Value     Ov Type        Size  Object(Section)

    ../clib/microlib/ctype/ctype.c           0x00000000   Number         0  isspace_c.o ABSOLUTE
    ../clib/microlib/ctype/ctype.c           0x00000000   Number         0  ctype_c.o ABSOLUTE
    ../clib/microlib/ctype/tolower.c         0x00000000   Number         0  tolower.o ABSOLUTE
    ../clib/microlib/division.c              0x00000000   Number         0  uidiv.o ABSOLUTE
    ../clib/microlib/division.c              0x00000000   Number         0  uldiv.o ABSOLUTE
    ../clib/microlib/init/entry.s            0x00000000   Number         0  entry8a.o ABSOLUTE
    ../clib/microlib/init/entry.s            0x00000000   Number         0  entry7b.o ABSOLUTE
    ../clib/microlib/init/entry.s            0x00000000   Number         0  entry7a.o ABSOLUTE
    ../clib/microlib/init/entry.s            0x00000000   Number         0  entry5.o ABSOLUTE
    ../clib/microlib/init/entry.s            0x00000000   Number         0  entry2.o ABSOLUTE
    ../clib/microlib/init/entry.s            0x00000000   Number         0  entry9b.o ABSOLUTE
    ../clib/microlib/init/entry.s            0x00000000   Number         0  entry11b.o ABSOLUTE
    ../clib/microlib/init/entry.s            0x00000000   Number         0  entry10a.o ABSOLUTE
    ../clib/microlib/init/entry.s            0x00000000   Number         0  entry10b.o ABSOLUTE
    ../clib/microlib/init/entry.s            0x00000000   Number         0  entry11a.o ABSOLUTE
    ../clib/microlib/init/entry.s            0x00000000   Number         0  entry8b.o ABSOLUTE
    ../clib/microlib/init/entry.s            0x00000000   Number         0  entry.o ABSOLUTE
    ../clib/microlib/init/entry.s            0x00000000   Number         0  entry9a.o ABSOLUTE
    ../clib/microlib/longlong.c              0x00000000   Number         0  llushr.o ABSOLUTE
    ../clib/microlib/longlong.c              0x00000000   Number         0  llsshr.o ABSOLUTE
    ../clib/microlib/longlong.c              0x00000000   Number         0  llshl.o ABSOLUTE
    ../clib/microlib/malloc/malloc.c         0x00000000   Number         0  mallocra.o ABSOLUTE
    ../clib/microlib/malloc/malloc.c         0x00000000   Number         0  malloca.o ABSOLUTE
    ../clib/microlib/malloc/malloc.c         0x00000000   Number         0  mallocr.o ABSOLUTE
    ../clib/microlib/malloc/malloc.c         0x00000000   Number         0  malloc.o ABSOLUTE
    ../clib/microlib/malloc/mvars.c          0x00000000   Number         0  mvars.o ABSOLUTE
    ../clib/microlib/printf/printf.c         0x00000000   Number         0  printf4.o ABSOLUTE
    ../clib/microlib/printf/printf.c         0x00000000   Number         0  printf8.o ABSOLUTE
    ../clib/microlib/printf/printf.c         0x00000000   Number         0  printf1.o ABSOLUTE
    ../clib/microlib/printf/printf.c         0x00000000   Number         0  printf7.o ABSOLUTE
    ../clib/microlib/printf/printf.c         0x00000000   Number         0  printf6.o ABSOLUTE
    ../clib/microlib/printf/printf.c         0x00000000   Number         0  printf5.o ABSOLUTE
    ../clib/microlib/printf/printf.c         0x00000000   Number         0  printf0.o ABSOLUTE
    ../clib/microlib/printf/printf.c         0x00000000   Number         0  printfb.o ABSOLUTE
    ../clib/microlib/printf/printf.c         0x00000000   Number         0  printf3.o ABSOLUTE
    ../clib/microlib/printf/printf.c         0x00000000   Number         0  printfa.o ABSOLUTE
    ../clib/microlib/printf/printf.c         0x00000000   Number         0  printf2.o ABSOLUTE
    ../clib/microlib/printf/stubs.s          0x00000000   Number         0  stubs.o ABSOLUTE
    ../clib/microlib/stdio/streams.c         0x00000000   Number         0  stdout.o ABSOLUTE
    ../clib/microlib/string/memcmp.c         0x00000000   Number         0  memcmp.o ABSOLUTE
    ../clib/microlib/string/memcpy.c         0x00000000   Number         0  memcpyb.o ABSOLUTE
    ../clib/microlib/string/memcpy.c         0x00000000   Number         0  memcpya.o ABSOLUTE
    ../clib/microlib/string/memcpy.c         0x00000000   Number         0  memcpy.o ABSOLUTE
    ../clib/microlib/string/memcpy.c         0x00000000   Number         0  memcpyc.o ABSOLUTE
    ../clib/microlib/string/memset.c         0x00000000   Number         0  memset.o ABSOLUTE
    ../clib/microlib/string/memset.c         0x00000000   Number         0  memseta.o ABSOLUTE
    ../clib/microlib/string/strcmp.c         0x00000000   Number         0  strcmp.o ABSOLUTE
    ../clib/microlib/string/strcpy.c         0x00000000   Number         0  strcpy.o ABSOLUTE
    ../clib/microlib/string/strlen.c         0x00000000   Number         0  strlen.o ABSOLUTE
    ../clib/microlib/string/strncmp.c        0x00000000   Number         0  strncmp.o ABSOLUTE
    ../clib/microlib/string/strstr.c         0x00000000   Number         0  strstr.o ABSOLUTE
    ../clib/microlib/stubs.s                 0x00000000   Number         0  iusefp.o ABSOLUTE
    ../clib/scanf.c                          0x00000000   Number         0  _scanf.o ABSOLUTE
    ../clib/scanf.c                          0x00000000   Number         0  _scanf_longlong.o ABSOLUTE
    ../clib/scanf.c                          0x00000000   Number         0  _scanf_int.o ABSOLUTE
    ../clib/scanf.c                          0x00000000   Number         0  sscanf.o ABSOLUTE
    ../clib/scanf.c                          0x00000000   Number         0  _scanf_str.o ABSOLUTE
    ../clib/scanf.c                          0x00000000   Number         0  scanf_fp.o ABSOLUTE
    ../clib/scanf.c                          0x00000000   Number         0  scanf_char.o ABSOLUTE
    ../clib/scanf.c                          0x00000000   Number         0  _sgetc.o ABSOLUTE
    ../clib/scanf.c                          0x00000000   Number         0  strtod.o ABSOLUTE
    ../clib/scanf.c                          0x00000000   Number         0  _chval.o ABSOLUTE
    ../fplib/microlib/d2f.c                  0x00000000   Number         0  d2f.o ABSOLUTE
    ../fplib/microlib/f2d.c                  0x00000000   Number         0  f2d.o ABSOLUTE
    ../fplib/microlib/fpadd.c                0x00000000   Number         0  dadd.o ABSOLUTE
    ../fplib/microlib/fpdiv.c                0x00000000   Number         0  ddiv.o ABSOLUTE
    ../fplib/microlib/fpepilogue.c           0x00000000   Number         0  fepilogue.o ABSOLUTE
    ../fplib/microlib/fpepilogue.c           0x00000000   Number         0  depilogue.o ABSOLUTE
    ../fplib/microlib/fpfix.c                0x00000000   Number         0  dfixi.o ABSOLUTE
    ../fplib/microlib/fpfix.c                0x00000000   Number         0  dfixul.o ABSOLUTE
    ../fplib/microlib/fpflt.c                0x00000000   Number         0  dflti.o ABSOLUTE
    ../fplib/microlib/fpflt.c                0x00000000   Number         0  dfltul.o ABSOLUTE
    ../fplib/microlib/fpmul.c                0x00000000   Number         0  dmul.o ABSOLUTE
    ../mathlib/fabs.c                        0x00000000   Number         0  fabs.o ABSOLUTE
    ../mathlib/strtod.c                      0x00000000   Number         0  strtod.o ABSOLUTE
    ..\Cjson\cJSON.c                         0x00000000   Number         0  cjson.o ABSOLUTE
    ..\MQTT\MQTTConnectClient.c              0x00000000   Number         0  mqttconnectclient.o ABSOLUTE
    ..\MQTT\MQTTConnectServer.c              0x00000000   Number         0  mqttconnectserver.o ABSOLUTE
    ..\MQTT\MQTTDeserializePublish.c         0x00000000   Number         0  mqttdeserializepublish.o ABSOLUTE
    ..\MQTT\MQTTFormat.c                     0x00000000   Number         0  mqttformat.o ABSOLUTE
    ..\MQTT\MQTTPacket.c                     0x00000000   Number         0  mqttpacket.o ABSOLUTE
    ..\MQTT\MQTTSerializePublish.c           0x00000000   Number         0  mqttserializepublish.o ABSOLUTE
    ..\MQTT\MQTTSubscribeClient.c            0x00000000   Number         0  mqttsubscribeclient.o ABSOLUTE
    ..\MQTT\MQTTSubscribeServer.c            0x00000000   Number         0  mqttsubscribeserver.o ABSOLUTE
    ..\MQTT\MQTTUnsubscribeClient.c          0x00000000   Number         0  mqttunsubscribeclient.o ABSOLUTE
    ..\MQTT\MQTTUnsubscribeServer.c          0x00000000   Number         0  mqttunsubscribeserver.o ABSOLUTE
    ..\System\Delay.c                        0x00000000   Number         0  delay.o ABSOLUTE
    ..\System\timer.c                        0x00000000   Number         0  timer.o ABSOLUTE
    ..\\System\\Delay.c                      0x00000000   Number         0  delay.o ABSOLUTE
    ..\\System\\timer.c                      0x00000000   Number         0  timer.o ABSOLUTE
    ..\\lib\\src\\misc.c                     0x00000000   Number         0  misc.o ABSOLUTE
    ..\\lib\\src\\stm32f10x_adc.c            0x00000000   Number         0  stm32f10x_adc.o ABSOLUTE
    ..\\lib\\src\\stm32f10x_bkp.c            0x00000000   Number         0  stm32f10x_bkp.o ABSOLUTE
    ..\\lib\\src\\stm32f10x_can.c            0x00000000   Number         0  stm32f10x_can.o ABSOLUTE
    ..\\lib\\src\\stm32f10x_cec.c            0x00000000   Number         0  stm32f10x_cec.o ABSOLUTE
    ..\\lib\\src\\stm32f10x_crc.c            0x00000000   Number         0  stm32f10x_crc.o ABSOLUTE
    ..\\lib\\src\\stm32f10x_dac.c            0x00000000   Number         0  stm32f10x_dac.o ABSOLUTE
    ..\\lib\\src\\stm32f10x_dbgmcu.c         0x00000000   Number         0  stm32f10x_dbgmcu.o ABSOLUTE
    ..\\lib\\src\\stm32f10x_dma.c            0x00000000   Number         0  stm32f10x_dma.o ABSOLUTE
    ..\\lib\\src\\stm32f10x_exti.c           0x00000000   Number         0  stm32f10x_exti.o ABSOLUTE
    ..\\lib\\src\\stm32f10x_flash.c          0x00000000   Number         0  stm32f10x_flash.o ABSOLUTE
    ..\\lib\\src\\stm32f10x_fsmc.c           0x00000000   Number         0  stm32f10x_fsmc.o ABSOLUTE
    ..\\lib\\src\\stm32f10x_gpio.c           0x00000000   Number         0  stm32f10x_gpio.o ABSOLUTE
    ..\\lib\\src\\stm32f10x_i2c.c            0x00000000   Number         0  stm32f10x_i2c.o ABSOLUTE
    ..\\lib\\src\\stm32f10x_iwdg.c           0x00000000   Number         0  stm32f10x_iwdg.o ABSOLUTE
    ..\\lib\\src\\stm32f10x_pwr.c            0x00000000   Number         0  stm32f10x_pwr.o ABSOLUTE
    ..\\lib\\src\\stm32f10x_rcc.c            0x00000000   Number         0  stm32f10x_rcc.o ABSOLUTE
    ..\\lib\\src\\stm32f10x_rtc.c            0x00000000   Number         0  stm32f10x_rtc.o ABSOLUTE
    ..\\lib\\src\\stm32f10x_sdio.c           0x00000000   Number         0  stm32f10x_sdio.o ABSOLUTE
    ..\\lib\\src\\stm32f10x_spi.c            0x00000000   Number         0  stm32f10x_spi.o ABSOLUTE
    ..\\lib\\src\\stm32f10x_tim.c            0x00000000   Number         0  stm32f10x_tim.o ABSOLUTE
    ..\\lib\\src\\stm32f10x_usart.c          0x00000000   Number         0  stm32f10x_usart.o ABSOLUTE
    ..\\lib\\src\\stm32f10x_wwdg.c           0x00000000   Number         0  stm32f10x_wwdg.o ABSOLUTE
    ..\\user\\api\\7s1.c                     0x00000000   Number         0  7s1.o ABSOLUTE
    ..\\user\\api\\Modbus.c                  0x00000000   Number         0  modbus.o ABSOLUTE
    ..\\user\\api\\RS485.c                   0x00000000   Number         0  rs485.o ABSOLUTE
    ..\\user\\api\\interrupt.c               0x00000000   Number         0  interrupt.o ABSOLUTE
    ..\\user\\api\\key.c                     0x00000000   Number         0  key.o ABSOLUTE
    ..\\user\\api\\led.c                     0x00000000   Number         0  led.o ABSOLUTE
    ..\\user\\api\\myjson.c                  0x00000000   Number         0  myjson.o ABSOLUTE
    ..\\user\\api\\usart.c                   0x00000000   Number         0  usart.o ABSOLUTE
    ..\\user\\main.c                         0x00000000   Number         0  main.o ABSOLUTE
    ..\\user\\stm32f10x_it.c                 0x00000000   Number         0  stm32f10x_it.o ABSOLUTE
    ..\\user\\system_stm32f10x.c             0x00000000   Number         0  system_stm32f10x.o ABSOLUTE
    ..\lib\src\misc.c                        0x00000000   Number         0  misc.o ABSOLUTE
    ..\lib\src\stm32f10x_adc.c               0x00000000   Number         0  stm32f10x_adc.o ABSOLUTE
    ..\lib\src\stm32f10x_bkp.c               0x00000000   Number         0  stm32f10x_bkp.o ABSOLUTE
    ..\lib\src\stm32f10x_can.c               0x00000000   Number         0  stm32f10x_can.o ABSOLUTE
    ..\lib\src\stm32f10x_cec.c               0x00000000   Number         0  stm32f10x_cec.o ABSOLUTE
    ..\lib\src\stm32f10x_crc.c               0x00000000   Number         0  stm32f10x_crc.o ABSOLUTE
    ..\lib\src\stm32f10x_dac.c               0x00000000   Number         0  stm32f10x_dac.o ABSOLUTE
    ..\lib\src\stm32f10x_dbgmcu.c            0x00000000   Number         0  stm32f10x_dbgmcu.o ABSOLUTE
    ..\lib\src\stm32f10x_dma.c               0x00000000   Number         0  stm32f10x_dma.o ABSOLUTE
    ..\lib\src\stm32f10x_exti.c              0x00000000   Number         0  stm32f10x_exti.o ABSOLUTE
    ..\lib\src\stm32f10x_flash.c             0x00000000   Number         0  stm32f10x_flash.o ABSOLUTE
    ..\lib\src\stm32f10x_fsmc.c              0x00000000   Number         0  stm32f10x_fsmc.o ABSOLUTE
    ..\lib\src\stm32f10x_gpio.c              0x00000000   Number         0  stm32f10x_gpio.o ABSOLUTE
    ..\lib\src\stm32f10x_i2c.c               0x00000000   Number         0  stm32f10x_i2c.o ABSOLUTE
    ..\lib\src\stm32f10x_iwdg.c              0x00000000   Number         0  stm32f10x_iwdg.o ABSOLUTE
    ..\lib\src\stm32f10x_pwr.c               0x00000000   Number         0  stm32f10x_pwr.o ABSOLUTE
    ..\lib\src\stm32f10x_rcc.c               0x00000000   Number         0  stm32f10x_rcc.o ABSOLUTE
    ..\lib\src\stm32f10x_rtc.c               0x00000000   Number         0  stm32f10x_rtc.o ABSOLUTE
    ..\lib\src\stm32f10x_sdio.c              0x00000000   Number         0  stm32f10x_sdio.o ABSOLUTE
    ..\lib\src\stm32f10x_spi.c               0x00000000   Number         0  stm32f10x_spi.o ABSOLUTE
    ..\lib\src\stm32f10x_tim.c               0x00000000   Number         0  stm32f10x_tim.o ABSOLUTE
    ..\lib\src\stm32f10x_usart.c             0x00000000   Number         0  stm32f10x_usart.o ABSOLUTE
    ..\lib\src\stm32f10x_wwdg.c              0x00000000   Number         0  stm32f10x_wwdg.o ABSOLUTE
    ..\startup\startup_stm32f10x_hd.s        0x00000000   Number         0  startup_stm32f10x_hd.o ABSOLUTE
    ..\user\api\7s1.c                        0x00000000   Number         0  7s1.o ABSOLUTE
    ..\user\api\Modbus.c                     0x00000000   Number         0  modbus.o ABSOLUTE
    ..\user\api\RS485.c                      0x00000000   Number         0  rs485.o ABSOLUTE
    ..\user\api\interrupt.c                  0x00000000   Number         0  interrupt.o ABSOLUTE
    ..\user\api\key.c                        0x00000000   Number         0  key.o ABSOLUTE
    ..\user\api\led.c                        0x00000000   Number         0  led.o ABSOLUTE
    ..\user\api\myjson.c                     0x00000000   Number         0  myjson.o ABSOLUTE
    ..\user\api\pwm.c                        0x00000000   Number         0  pwm.o ABSOLUTE
    ..\user\api\usart.c                      0x00000000   Number         0  usart.o ABSOLUTE
    ..\user\main.c                           0x00000000   Number         0  main.o ABSOLUTE
    ..\user\stm32f10x_it.c                   0x00000000   Number         0  stm32f10x_it.o ABSOLUTE
    ..\user\system_stm32f10x.c               0x00000000   Number         0  system_stm32f10x.o ABSOLUTE
    cdcmple.s                                0x00000000   Number         0  cdcmple.o ABSOLUTE
    cdrcmple.s                               0x00000000   Number         0  cdrcmple.o ABSOLUTE
    dc.s                                     0x00000000   Number         0  dc.o ABSOLUTE
    handlers.s                               0x00000000   Number         0  handlers.o ABSOLUTE
    init.s                                   0x00000000   Number         0  init.o ABSOLUTE
    RESET                                    0x08000000   Section      304  startup_stm32f10x_hd.o(RESET)
    .ARM.Collect$$$$00000000                 0x08000130   Section        0  entry.o(.ARM.Collect$$$$00000000)
    .ARM.Collect$$$$00000001                 0x08000130   Section        4  entry2.o(.ARM.Collect$$$$00000001)
    .ARM.Collect$$$$00000004                 0x08000134   Section        4  entry5.o(.ARM.Collect$$$$00000004)
    .ARM.Collect$$$$00000008                 0x08000138   Section        0  entry7b.o(.ARM.Collect$$$$00000008)
    .ARM.Collect$$$$0000000A                 0x08000138   Section        0  entry8b.o(.ARM.Collect$$$$0000000A)
    .ARM.Collect$$$$0000000B                 0x08000138   Section        8  entry9a.o(.ARM.Collect$$$$0000000B)
    .ARM.Collect$$$$0000000D                 0x08000140   Section        0  entry10a.o(.ARM.Collect$$$$0000000D)
    .ARM.Collect$$$$0000000F                 0x08000140   Section        0  entry11a.o(.ARM.Collect$$$$0000000F)
    .ARM.Collect$$$$00002712                 0x08000140   Section        4  entry2.o(.ARM.Collect$$$$00002712)
    __lit__00000000                          0x08000140   Data           4  entry2.o(.ARM.Collect$$$$00002712)
    .text                                    0x08000144   Section       36  startup_stm32f10x_hd.o(.text)
    .text                                    0x08000168   Section        0  memcpy.o(.text)
    .text                                    0x08000190   Section        0  memseta.o(.text)
    .text                                    0x080001b4   Section        0  strlen.o(.text)
    .text                                    0x080001c2   Section        0  dadd.o(.text)
    .text                                    0x08000310   Section        0  dmul.o(.text)
    .text                                    0x080003f4   Section       48  cdrcmple.o(.text)
    .text                                    0x08000424   Section        0  uidiv.o(.text)
    .text                                    0x08000450   Section        0  uldiv.o(.text)
    .text                                    0x080004b2   Section        0  llshl.o(.text)
    .text                                    0x080004d0   Section        0  llushr.o(.text)
    .text                                    0x080004f0   Section        0  llsshr.o(.text)
    .text                                    0x08000514   Section        0  depilogue.o(.text)
    .text                                    0x08000514   Section        0  iusefp.o(.text)
    .text                                    0x080005ce   Section        0  ddiv.o(.text)
    .text                                    0x080006ac   Section        0  dfixul.o(.text)
    .text                                    0x080006dc   Section       36  init.o(.text)
    i.BusFault_Handler                       0x08000700   Section        0  stm32f10x_it.o(i.BusFault_Handler)
    i.DebugMon_Handler                       0x08000704   Section        0  stm32f10x_it.o(i.DebugMon_Handler)
    i.Delay_ms                               0x08000708   Section        0  delay.o(i.Delay_ms)
    i.EXTI0_IRQHandler                       0x08000728   Section        0  interrupt.o(i.EXTI0_IRQHandler)
    i.EXTI4_IRQHandler                       0x08000760   Section        0  interrupt.o(i.EXTI4_IRQHandler)
    i.EXTI9_5_IRQHandler                     0x08000794   Section        0  interrupt.o(i.EXTI9_5_IRQHandler)
    i.EXTI_ClearITPendingBit                 0x08000804   Section        0  stm32f10x_exti.o(i.EXTI_ClearITPendingBit)
    i.EXTI_GetITStatus                       0x08000810   Section        0  stm32f10x_exti.o(i.EXTI_GetITStatus)
    i.GPIO_Init                              0x08000838   Section        0  stm32f10x_gpio.o(i.GPIO_Init)
    i.GPIO_ResetBits                         0x0800094e   Section        0  stm32f10x_gpio.o(i.GPIO_ResetBits)
    i.GPIO_SetBits                           0x08000952   Section        0  stm32f10x_gpio.o(i.GPIO_SetBits)
    i.HOST_ModbusRX                          0x08000958   Section        0  modbus.o(i.HOST_ModbusRX)
    i.HardFault_Handler                      0x080009c8   Section        0  stm32f10x_it.o(i.HardFault_Handler)
    i.Host_Func3                             0x080009e8   Section        0  modbus.o(i.Host_Func3)
    i.Host_Read03_slave                      0x08000a68   Section        0  modbus.o(i.Host_Read03_slave)
    i.MQTTPacket_encode                      0x08000b40   Section        0  mqttpacket.o(i.MQTTPacket_encode)
    i.MQTTPacket_len                         0x08000b78   Section        0  mqttpacket.o(i.MQTTPacket_len)
    i.MQTTSerialize_connect                  0x08000ba0   Section        0  mqttconnectclient.o(i.MQTTSerialize_connect)
    i.MQTTSerialize_connectLength            0x08000d08   Section        0  mqttconnectclient.o(i.MQTTSerialize_connectLength)
    i.MQTTSerialize_publish                  0x08000d7e   Section        0  mqttserializepublish.o(i.MQTTSerialize_publish)
    i.MQTTSerialize_publishLength            0x08000e2e   Section        0  mqttserializepublish.o(i.MQTTSerialize_publishLength)
    i.MQTTstrlen                             0x08000e50   Section        0  mqttpacket.o(i.MQTTstrlen)
    i.MemManage_Handler                      0x08000e68   Section        0  stm32f10x_it.o(i.MemManage_Handler)
    i.Modbus_CRC16                           0x08000e6c   Section        0  modbus.o(i.Modbus_CRC16)
    i.NMI_Handler                            0x08000e9e   Section        0  stm32f10x_it.o(i.NMI_Handler)
    i.NVIC_Init                              0x08000ea0   Section        0  misc.o(i.NVIC_Init)
    i.PendSV_Handler                         0x08000f10   Section        0  stm32f10x_it.o(i.PendSV_Handler)
    i.RCC_APB1PeriphClockCmd                 0x08000f14   Section        0  stm32f10x_rcc.o(i.RCC_APB1PeriphClockCmd)
    i.RCC_APB2PeriphClockCmd                 0x08000f34   Section        0  stm32f10x_rcc.o(i.RCC_APB2PeriphClockCmd)
    i.RCC_GetClocksFreq                      0x08000f54   Section        0  stm32f10x_rcc.o(i.RCC_GetClocksFreq)
    i.RGB_disable                            0x08001028   Section        0  led.o(i.RGB_disable)
    i.RGB_enable                             0x08001040   Section        0  led.o(i.RGB_enable)
    i.RGB_init                               0x08001058   Section        0  led.o(i.RGB_init)
    i.RS485_RX_ENABLE                        0x080010b0   Section        0  rs485.o(i.RS485_RX_ENABLE)
    i.RS485_TX_ENABLE                        0x080010c0   Section        0  rs485.o(i.RS485_TX_ENABLE)
    i.RS485_init                             0x080010d0   Section        0  rs485.o(i.RS485_init)
    i.SVC_Handler                            0x080010fc   Section        0  stm32f10x_it.o(i.SVC_Handler)
    i.SetSysClock                            0x080010fe   Section        0  system_stm32f10x.o(i.SetSysClock)
    SetSysClock                              0x080010ff   Thumb Code     8  system_stm32f10x.o(i.SetSysClock)
    i.SetSysClockTo72                        0x08001108   Section        0  system_stm32f10x.o(i.SetSysClockTo72)
    SetSysClockTo72                          0x08001109   Thumb Code   214  system_stm32f10x.o(i.SetSysClockTo72)
    i.SysTick_Handler                        0x080011e8   Section        0  delay.o(i.SysTick_Handler)
    i.SystemInit                             0x0800124c   Section        0  system_stm32f10x.o(i.SystemInit)
    i.TIM2_IRQHandler                        0x080012ac   Section        0  interrupt.o(i.TIM2_IRQHandler)
    i.TIM_ClearFlag                          0x08001318   Section        0  stm32f10x_tim.o(i.TIM_ClearFlag)
    i.TIM_ClearITPendingBit                  0x0800131e   Section        0  stm32f10x_tim.o(i.TIM_ClearITPendingBit)
    i.TIM_Cmd                                0x08001324   Section        0  stm32f10x_tim.o(i.TIM_Cmd)
    i.TIM_GetITStatus                        0x0800133c   Section        0  stm32f10x_tim.o(i.TIM_GetITStatus)
    i.TIM_ITConfig                           0x0800135e   Section        0  stm32f10x_tim.o(i.TIM_ITConfig)
    i.TIM_InternalClockConfig                0x08001370   Section        0  stm32f10x_tim.o(i.TIM_InternalClockConfig)
    i.TIM_TimeBaseInit                       0x0800137c   Section        0  stm32f10x_tim.o(i.TIM_TimeBaseInit)
    i.UART4_IRQHandler                       0x08001420   Section        0  usart.o(i.UART4_IRQHandler)
    i.USART1_IRQHandler                      0x08001490   Section        0  usart.o(i.USART1_IRQHandler)
    i.USART2_IRQHandler                      0x0800150c   Section        0  usart.o(i.USART2_IRQHandler)
    i.USART_ClearITPendingBit                0x0800157c   Section        0  stm32f10x_usart.o(i.USART_ClearITPendingBit)
    i.USART_Cmd                              0x0800159a   Section        0  stm32f10x_usart.o(i.USART_Cmd)
    i.USART_GetFlagStatus                    0x080015b2   Section        0  stm32f10x_usart.o(i.USART_GetFlagStatus)
    i.USART_GetITStatus                      0x080015cc   Section        0  stm32f10x_usart.o(i.USART_GetITStatus)
    i.USART_ITConfig                         0x08001620   Section        0  stm32f10x_usart.o(i.USART_ITConfig)
    i.USART_Init                             0x0800166c   Section        0  stm32f10x_usart.o(i.USART_Init)
    i.USART_ReceiveData                      0x08001744   Section        0  stm32f10x_usart.o(i.USART_ReceiveData)
    i.USART_SendData                         0x0800174e   Section        0  stm32f10x_usart.o(i.USART_SendData)
    i.UsageFault_Handler                     0x08001756   Section        0  stm32f10x_it.o(i.UsageFault_Handler)
    i.__0printf                              0x0800175c   Section        0  printfa.o(i.__0printf)
    i.__0sprintf                             0x0800177c   Section        0  printfa.o(i.__0sprintf)
    i.__scatterload_copy                     0x080017a4   Section       14  handlers.o(i.__scatterload_copy)
    i.__scatterload_null                     0x080017b2   Section        2  handlers.o(i.__scatterload_null)
    i.__scatterload_zeroinit                 0x080017b4   Section       14  handlers.o(i.__scatterload_zeroinit)
    i._fp_digits                             0x080017c4   Section        0  printfa.o(i._fp_digits)
    _fp_digits                               0x080017c5   Thumb Code   366  printfa.o(i._fp_digits)
    i._printf_core                           0x08001948   Section        0  printfa.o(i._printf_core)
    _printf_core                             0x08001949   Thumb Code  1744  printfa.o(i._printf_core)
    i._printf_post_padding                   0x08002024   Section        0  printfa.o(i._printf_post_padding)
    _printf_post_padding                     0x08002025   Thumb Code    36  printfa.o(i._printf_post_padding)
    i._printf_pre_padding                    0x08002048   Section        0  printfa.o(i._printf_pre_padding)
    _printf_pre_padding                      0x08002049   Thumb Code    46  printfa.o(i._printf_pre_padding)
    i._sputc                                 0x08002076   Section        0  printfa.o(i._sputc)
    _sputc                                   0x08002077   Thumb Code    10  printfa.o(i._sputc)
    i.cat_data_analysis                      0x08002080   Section        0  7s1.o(i.cat_data_analysis)
    i.cat_data_send                          0x08002370   Section        0  7s1.o(i.cat_data_send)
    i.dataanalysis_time_scale                0x08002458   Section        0  delay.o(i.dataanalysis_time_scale)
    i.fputc                                  0x080024ec   Section        0  usart.o(i.fputc)
    i.get_weather                            0x08002504   Section        0  7s1.o(i.get_weather)
    i.getdata_time_scale                     0x08002544   Section        0  delay.o(i.getdata_time_scale)
    i.key_init                               0x080025e0   Section        0  key.o(i.key_init)
    i.led_init                               0x08002624   Section        0  led.o(i.led_init)
    i.led_time_scale                         0x08002678   Section        0  delay.o(i.led_time_scale)
    i.led_turn                               0x0800269c   Section        0  led.o(i.led_turn)
    i.main                                   0x080026a4   Section        0  main.o(i.main)
    i.modbus_time_scale                      0x08002700   Section        0  delay.o(i.modbus_time_scale)
    i.mqtt2server                            0x08002780   Section        0  7s1.o(i.mqtt2server)
    i.mqtt_connect_server                    0x08002830   Section        0  7s1.o(i.mqtt_connect_server)
    i.send_data2server                       0x080028cc   Section        0  7s1.o(i.send_data2server)
    i.sys_tick_init                          0x08002978   Section        0  delay.o(i.sys_tick_init)
    i.timer2_init                            0x080029cc   Section        0  timer.o(i.timer2_init)
    i.uart4_init                             0x08002a3c   Section        0  usart.o(i.uart4_init)
    i.updata_aliyun                          0x08002afc   Section        0  7s1.o(i.updata_aliyun)
    i.usaer_sendstr                          0x08002b38   Section        0  usart.o(i.usaer_sendstr)
    i.usart2_init                            0x08002b5c   Section        0  usart.o(i.usart2_init)
    i.usart_init                             0x08002c10   Section        0  usart.o(i.usart_init)
    i.usart_send_array                       0x08002cd0   Section        0  usart.o(i.usart_send_array)
    i.usart_sendbit                          0x08002cf4   Section        0  usart.o(i.usart_sendbit)
    i.writeCString                           0x08002d12   Section        0  mqttpacket.o(i.writeCString)
    i.writeChar                              0x08002d3a   Section        0  mqttpacket.o(i.writeChar)
    i.writeInt                               0x08002d46   Section        0  mqttpacket.o(i.writeInt)
    i.writeMQTTString                        0x08002d76   Section        0  mqttpacket.o(i.writeMQTTString)
    .constdata                               0x08002db4   Section       88  7s1.o(.constdata)
    .conststring                             0x08002e0c   Section      395  7s1.o(.conststring)
    .data                                    0x20000000   Section        4  interrupt.o(.data)
    .data                                    0x20000004   Section       12  usart.o(.data)
    RXState                                  0x2000000e   Data           1  usart.o(.data)
    pRXpacket                                0x2000000f   Data           1  usart.o(.data)
    .data                                    0x20000010   Section        1  7s1.o(.data)
    .data                                    0x20000011   Section       20  stm32f10x_rcc.o(.data)
    APBAHBPrescTable                         0x20000011   Data          16  stm32f10x_rcc.o(.data)
    ADCPrescTable                            0x20000021   Data           4  stm32f10x_rcc.o(.data)
    .data                                    0x20000028   Section       57  delay.o(.data)
    .data                                    0x20000064   Section        4  stdout.o(.data)
    .bss                                     0x20000068   Section      234  modbus.o(.bss)
    .bss                                     0x20000152   Section     3078  7s1.o(.bss)
    .bss                                     0x20000d58   Section    15408  myjson.o(.bss)
    STACK                                    0x20004988   Section     8192  startup_stm32f10x_hd.o(STACK)

    Global Symbols

    Symbol Name                              Value     Ov Type        Size  Object(Section)

    BuildAttributes$$THM_ISAv4$P$D$K$B$S$PE$A:L22UL41UL21$X:L11$S22US41US21$IEEE1$IW$USESV6$~STKCKD$USESV7$~SHL$OTIME$ROPI$IEEEJ$EBA8$MICROLIB$REQ8$PRES8$EABIv2 0x00000000   Number         0  anon$$obj.o ABSOLUTE
    __ARM_use_no_argv                        0x00000000   Number         0  main.o ABSOLUTE
    _printf_a                                0x00000000   Number         0  stubs.o ABSOLUTE
    _printf_c                                0x00000000   Number         0  stubs.o ABSOLUTE
    _printf_charcount                        0x00000000   Number         0  stubs.o ABSOLUTE
    _printf_d                                0x00000000   Number         0  stubs.o ABSOLUTE
    _printf_e                                0x00000000   Number         0  stubs.o ABSOLUTE
    _printf_f                                0x00000000   Number         0  stubs.o ABSOLUTE
    _printf_flags                            0x00000000   Number         0  stubs.o ABSOLUTE
    _printf_fp_dec                           0x00000000   Number         0  stubs.o ABSOLUTE
    _printf_fp_hex                           0x00000000   Number         0  stubs.o ABSOLUTE
    _printf_g                                0x00000000   Number         0  stubs.o ABSOLUTE
    _printf_i                                0x00000000   Number         0  stubs.o ABSOLUTE
    _printf_int_dec                          0x00000000   Number         0  stubs.o ABSOLUTE
    _printf_l                                0x00000000   Number         0  stubs.o ABSOLUTE
    _printf_lc                               0x00000000   Number         0  stubs.o ABSOLUTE
    _printf_ll                               0x00000000   Number         0  stubs.o ABSOLUTE
    _printf_lld                              0x00000000   Number         0  stubs.o ABSOLUTE
    _printf_lli                              0x00000000   Number         0  stubs.o ABSOLUTE
    _printf_llo                              0x00000000   Number         0  stubs.o ABSOLUTE
    _printf_llu                              0x00000000   Number         0  stubs.o ABSOLUTE
    _printf_llx                              0x00000000   Number         0  stubs.o ABSOLUTE
    _printf_longlong_dec                     0x00000000   Number         0  stubs.o ABSOLUTE
    _printf_longlong_hex                     0x00000000   Number         0  stubs.o ABSOLUTE
    _printf_longlong_oct                     0x00000000   Number         0  stubs.o ABSOLUTE
    _printf_ls                               0x00000000   Number         0  stubs.o ABSOLUTE
    _printf_mbtowc                           0x00000000   Number         0  stubs.o ABSOLUTE
    _printf_n                                0x00000000   Number         0  stubs.o ABSOLUTE
    _printf_o                                0x00000000   Number         0  stubs.o ABSOLUTE
    _printf_p                                0x00000000   Number         0  stubs.o ABSOLUTE
    _printf_percent                          0x00000000   Number         0  stubs.o ABSOLUTE
    _printf_pre_padding                      0x00000000   Number         0  stubs.o ABSOLUTE
    _printf_return_value                     0x00000000   Number         0  stubs.o ABSOLUTE
    _printf_s                                0x00000000   Number         0  stubs.o ABSOLUTE
    _printf_sizespec                         0x00000000   Number         0  stubs.o ABSOLUTE
    _printf_str                              0x00000000   Number         0  stubs.o ABSOLUTE
    _printf_truncate_signed                  0x00000000   Number         0  stubs.o ABSOLUTE
    _printf_truncate_unsigned                0x00000000   Number         0  stubs.o ABSOLUTE
    _printf_u                                0x00000000   Number         0  stubs.o ABSOLUTE
    _printf_wc                               0x00000000   Number         0  stubs.o ABSOLUTE
    _printf_wctomb                           0x00000000   Number         0  stubs.o ABSOLUTE
    _printf_widthprec                        0x00000000   Number         0  stubs.o ABSOLUTE
    _printf_x                                0x00000000   Number         0  stubs.o ABSOLUTE
    __cpp_initialize__aeabi_                  - Undefined Weak Reference
    __cxa_finalize                            - Undefined Weak Reference
    __decompress                              - Undefined Weak Reference
    _clock_init                               - Undefined Weak Reference
    _microlib_exit                            - Undefined Weak Reference
    __Vectors_Size                           0x00000130   Number         0  startup_stm32f10x_hd.o ABSOLUTE
    __Vectors                                0x08000000   Data           4  startup_stm32f10x_hd.o(RESET)
    __Vectors_End                            0x08000130   Data           0  startup_stm32f10x_hd.o(RESET)
    __main                                   0x08000131   Thumb Code     0  entry.o(.ARM.Collect$$$$00000000)
    _main_stk                                0x08000131   Thumb Code     0  entry2.o(.ARM.Collect$$$$00000001)
    _main_scatterload                        0x08000135   Thumb Code     0  entry5.o(.ARM.Collect$$$$00000004)
    __main_after_scatterload                 0x08000139   Thumb Code     0  entry5.o(.ARM.Collect$$$$00000004)
    _main_clock                              0x08000139   Thumb Code     0  entry7b.o(.ARM.Collect$$$$00000008)
    _main_cpp_init                           0x08000139   Thumb Code     0  entry8b.o(.ARM.Collect$$$$0000000A)
    _main_init                               0x08000139   Thumb Code     0  entry9a.o(.ARM.Collect$$$$0000000B)
    __rt_final_cpp                           0x08000141   Thumb Code     0  entry10a.o(.ARM.Collect$$$$0000000D)
    __rt_final_exit                          0x08000141   Thumb Code     0  entry11a.o(.ARM.Collect$$$$0000000F)
    Reset_Handler                            0x08000145   Thumb Code     8  startup_stm32f10x_hd.o(.text)
    ADC1_2_IRQHandler                        0x0800015f   Thumb Code     0  startup_stm32f10x_hd.o(.text)
    ADC3_IRQHandler                          0x0800015f   Thumb Code     0  startup_stm32f10x_hd.o(.text)
    CAN1_RX1_IRQHandler                      0x0800015f   Thumb Code     0  startup_stm32f10x_hd.o(.text)
    CAN1_SCE_IRQHandler                      0x0800015f   Thumb Code     0  startup_stm32f10x_hd.o(.text)
    DMA1_Channel1_IRQHandler                 0x0800015f   Thumb Code     0  startup_stm32f10x_hd.o(.text)
    DMA1_Channel2_IRQHandler                 0x0800015f   Thumb Code     0  startup_stm32f10x_hd.o(.text)
    DMA1_Channel3_IRQHandler                 0x0800015f   Thumb Code     0  startup_stm32f10x_hd.o(.text)
    DMA1_Channel4_IRQHandler                 0x0800015f   Thumb Code     0  startup_stm32f10x_hd.o(.text)
    DMA1_Channel5_IRQHandler                 0x0800015f   Thumb Code     0  startup_stm32f10x_hd.o(.text)
    DMA1_Channel6_IRQHandler                 0x0800015f   Thumb Code     0  startup_stm32f10x_hd.o(.text)
    DMA1_Channel7_IRQHandler                 0x0800015f   Thumb Code     0  startup_stm32f10x_hd.o(.text)
    DMA2_Channel1_IRQHandler                 0x0800015f   Thumb Code     0  startup_stm32f10x_hd.o(.text)
    DMA2_Channel2_IRQHandler                 0x0800015f   Thumb Code     0  startup_stm32f10x_hd.o(.text)
    DMA2_Channel3_IRQHandler                 0x0800015f   Thumb Code     0  startup_stm32f10x_hd.o(.text)
    DMA2_Channel4_5_IRQHandler               0x0800015f   Thumb Code     0  startup_stm32f10x_hd.o(.text)
    EXTI15_10_IRQHandler                     0x0800015f   Thumb Code     0  startup_stm32f10x_hd.o(.text)
    EXTI1_IRQHandler                         0x0800015f   Thumb Code     0  startup_stm32f10x_hd.o(.text)
    EXTI2_IRQHandler                         0x0800015f   Thumb Code     0  startup_stm32f10x_hd.o(.text)
    EXTI3_IRQHandler                         0x0800015f   Thumb Code     0  startup_stm32f10x_hd.o(.text)
    FLASH_IRQHandler                         0x0800015f   Thumb Code     0  startup_stm32f10x_hd.o(.text)
    FSMC_IRQHandler                          0x0800015f   Thumb Code     0  startup_stm32f10x_hd.o(.text)
    I2C1_ER_IRQHandler                       0x0800015f   Thumb Code     0  startup_stm32f10x_hd.o(.text)
    I2C1_EV_IRQHandler                       0x0800015f   Thumb Code     0  startup_stm32f10x_hd.o(.text)
    I2C2_ER_IRQHandler                       0x0800015f   Thumb Code     0  startup_stm32f10x_hd.o(.text)
    I2C2_EV_IRQHandler                       0x0800015f   Thumb Code     0  startup_stm32f10x_hd.o(.text)
    PVD_IRQHandler                           0x0800015f   Thumb Code     0  startup_stm32f10x_hd.o(.text)
    RCC_IRQHandler                           0x0800015f   Thumb Code     0  startup_stm32f10x_hd.o(.text)
    RTCAlarm_IRQHandler                      0x0800015f   Thumb Code     0  startup_stm32f10x_hd.o(.text)
    RTC_IRQHandler                           0x0800015f   Thumb Code     0  startup_stm32f10x_hd.o(.text)
    SDIO_IRQHandler                          0x0800015f   Thumb Code     0  startup_stm32f10x_hd.o(.text)
    SPI1_IRQHandler                          0x0800015f   Thumb Code     0  startup_stm32f10x_hd.o(.text)
    SPI2_IRQHandler                          0x0800015f   Thumb Code     0  startup_stm32f10x_hd.o(.text)
    SPI3_IRQHandler                          0x0800015f   Thumb Code     0  startup_stm32f10x_hd.o(.text)
    TAMPER_IRQHandler                        0x0800015f   Thumb Code     0  startup_stm32f10x_hd.o(.text)
    TIM1_BRK_IRQHandler                      0x0800015f   Thumb Code     0  startup_stm32f10x_hd.o(.text)
    TIM1_CC_IRQHandler                       0x0800015f   Thumb Code     0  startup_stm32f10x_hd.o(.text)
    TIM1_TRG_COM_IRQHandler                  0x0800015f   Thumb Code     0  startup_stm32f10x_hd.o(.text)
    TIM1_UP_IRQHandler                       0x0800015f   Thumb Code     0  startup_stm32f10x_hd.o(.text)
    TIM3_IRQHandler                          0x0800015f   Thumb Code     0  startup_stm32f10x_hd.o(.text)
    TIM4_IRQHandler                          0x0800015f   Thumb Code     0  startup_stm32f10x_hd.o(.text)
    TIM5_IRQHandler                          0x0800015f   Thumb Code     0  startup_stm32f10x_hd.o(.text)
    TIM6_IRQHandler                          0x0800015f   Thumb Code     0  startup_stm32f10x_hd.o(.text)
    TIM7_IRQHandler                          0x0800015f   Thumb Code     0  startup_stm32f10x_hd.o(.text)
    TIM8_BRK_IRQHandler                      0x0800015f   Thumb Code     0  startup_stm32f10x_hd.o(.text)
    TIM8_CC_IRQHandler                       0x0800015f   Thumb Code     0  startup_stm32f10x_hd.o(.text)
    TIM8_TRG_COM_IRQHandler                  0x0800015f   Thumb Code     0  startup_stm32f10x_hd.o(.text)
    TIM8_UP_IRQHandler                       0x0800015f   Thumb Code     0  startup_stm32f10x_hd.o(.text)
    UART5_IRQHandler                         0x0800015f   Thumb Code     0  startup_stm32f10x_hd.o(.text)
    USART3_IRQHandler                        0x0800015f   Thumb Code     0  startup_stm32f10x_hd.o(.text)
    USBWakeUp_IRQHandler                     0x0800015f   Thumb Code     0  startup_stm32f10x_hd.o(.text)
    USB_HP_CAN1_TX_IRQHandler                0x0800015f   Thumb Code     0  startup_stm32f10x_hd.o(.text)
    USB_LP_CAN1_RX0_IRQHandler               0x0800015f   Thumb Code     0  startup_stm32f10x_hd.o(.text)
    WWDG_IRQHandler                          0x0800015f   Thumb Code     0  startup_stm32f10x_hd.o(.text)
    ___aeabi_memcpy8$ret                     0x08000169   Thumb Code     0  memcpy.o(.text)
    __aeabi_memcpy                           0x08000169   Thumb Code    40  memcpy.o(.text)
    __aeabi_memcpy4                          0x08000169   Thumb Code     0  memcpy.o(.text)
    memcpy                                   0x08000169   Thumb Code     0  memcpy.o(.text)
    __aeabi_memset                           0x08000191   Thumb Code    14  memseta.o(.text)
    __aeabi_memset4                          0x08000191   Thumb Code     0  memseta.o(.text)
    __aeabi_memset8                          0x08000191   Thumb Code     0  memseta.o(.text)
    __aeabi_memclr                           0x0800019f   Thumb Code     4  memseta.o(.text)
    __aeabi_memclr4                          0x0800019f   Thumb Code     0  memseta.o(.text)
    __aeabi_memclr8                          0x0800019f   Thumb Code     0  memseta.o(.text)
    memset                                   0x080001a3   Thumb Code    18  memseta.o(.text)
    strlen                                   0x080001b5   Thumb Code    14  strlen.o(.text)
    __aeabi_dadd                             0x080001c3   Thumb Code   322  dadd.o(.text)
    __aeabi_dsub                             0x08000305   Thumb Code     6  dadd.o(.text)
    __aeabi_drsub                            0x0800030b   Thumb Code     6  dadd.o(.text)
    __aeabi_dmul                             0x08000311   Thumb Code   228  dmul.o(.text)
    __aeabi_cdrcmple                         0x080003f5   Thumb Code    48  cdrcmple.o(.text)
    __aeabi_uidiv                            0x08000425   Thumb Code     0  uidiv.o(.text)
    __aeabi_uidivmod                         0x08000425   Thumb Code    44  uidiv.o(.text)
    __aeabi_uldivmod                         0x08000451   Thumb Code    98  uldiv.o(.text)
    __aeabi_llsl                             0x080004b3   Thumb Code    30  llshl.o(.text)
    _ll_shift_l                              0x080004b3   Thumb Code     0  llshl.o(.text)
    __aeabi_llsr                             0x080004d1   Thumb Code    32  llushr.o(.text)
    _ll_ushift_r                             0x080004d1   Thumb Code     0  llushr.o(.text)
    __aeabi_lasr                             0x080004f1   Thumb Code    36  llsshr.o(.text)
    _ll_sshift_r                             0x080004f1   Thumb Code     0  llsshr.o(.text)
    __I$use$fp                               0x08000515   Thumb Code     0  iusefp.o(.text)
    _double_round                            0x08000515   Thumb Code    30  depilogue.o(.text)
    _double_epilogue                         0x08000533   Thumb Code   156  depilogue.o(.text)
    __aeabi_ddiv                             0x080005cf   Thumb Code   222  ddiv.o(.text)
    __aeabi_d2ulz                            0x080006ad   Thumb Code    48  dfixul.o(.text)
    __scatterload                            0x080006dd   Thumb Code    28  init.o(.text)
    __scatterload_rt2                        0x080006dd   Thumb Code     0  init.o(.text)
    BusFault_Handler                         0x08000701   Thumb Code     4  stm32f10x_it.o(i.BusFault_Handler)
    DebugMon_Handler                         0x08000705   Thumb Code     2  stm32f10x_it.o(i.DebugMon_Handler)
    Delay_ms                                 0x08000709   Thumb Code    26  delay.o(i.Delay_ms)
    EXTI0_IRQHandler                         0x08000729   Thumb Code    50  interrupt.o(i.EXTI0_IRQHandler)
    EXTI4_IRQHandler                         0x08000761   Thumb Code    46  interrupt.o(i.EXTI4_IRQHandler)
    EXTI9_5_IRQHandler                       0x08000795   Thumb Code   104  interrupt.o(i.EXTI9_5_IRQHandler)
    EXTI_ClearITPendingBit                   0x08000805   Thumb Code     6  stm32f10x_exti.o(i.EXTI_ClearITPendingBit)
    EXTI_GetITStatus                         0x08000811   Thumb Code    34  stm32f10x_exti.o(i.EXTI_GetITStatus)
    GPIO_Init                                0x08000839   Thumb Code   278  stm32f10x_gpio.o(i.GPIO_Init)
    GPIO_ResetBits                           0x0800094f   Thumb Code     4  stm32f10x_gpio.o(i.GPIO_ResetBits)
    GPIO_SetBits                             0x08000953   Thumb Code     4  stm32f10x_gpio.o(i.GPIO_SetBits)
    HOST_ModbusRX                            0x08000959   Thumb Code   106  modbus.o(i.HOST_ModbusRX)
    HardFault_Handler                        0x080009c9   Thumb Code    18  stm32f10x_it.o(i.HardFault_Handler)
    Host_Func3                               0x080009e9   Thumb Code    80  modbus.o(i.Host_Func3)
    Host_Read03_slave                        0x08000a69   Thumb Code   204  modbus.o(i.Host_Read03_slave)
    MQTTPacket_encode                        0x08000b41   Thumb Code    54  mqttpacket.o(i.MQTTPacket_encode)
    MQTTPacket_len                           0x08000b79   Thumb Code    34  mqttpacket.o(i.MQTTPacket_len)
    MQTTSerialize_connect                    0x08000ba1   Thumb Code   342  mqttconnectclient.o(i.MQTTSerialize_connect)
    MQTTSerialize_connectLength              0x08000d09   Thumb Code   118  mqttconnectclient.o(i.MQTTSerialize_connectLength)
    MQTTSerialize_publish                    0x08000d7f   Thumb Code   176  mqttserializepublish.o(i.MQTTSerialize_publish)
    MQTTSerialize_publishLength              0x08000e2f   Thumb Code    34  mqttserializepublish.o(i.MQTTSerialize_publishLength)
    MQTTstrlen                               0x08000e51   Thumb Code    24  mqttpacket.o(i.MQTTstrlen)
    MemManage_Handler                        0x08000e69   Thumb Code     4  stm32f10x_it.o(i.MemManage_Handler)
    Modbus_CRC16                             0x08000e6d   Thumb Code    50  modbus.o(i.Modbus_CRC16)
    NMI_Handler                              0x08000e9f   Thumb Code     2  stm32f10x_it.o(i.NMI_Handler)
    NVIC_Init                                0x08000ea1   Thumb Code   100  misc.o(i.NVIC_Init)
    PendSV_Handler                           0x08000f11   Thumb Code     2  stm32f10x_it.o(i.PendSV_Handler)
    RCC_APB1PeriphClockCmd                   0x08000f15   Thumb Code    26  stm32f10x_rcc.o(i.RCC_APB1PeriphClockCmd)
    RCC_APB2PeriphClockCmd                   0x08000f35   Thumb Code    26  stm32f10x_rcc.o(i.RCC_APB2PeriphClockCmd)
    RCC_GetClocksFreq                        0x08000f55   Thumb Code   192  stm32f10x_rcc.o(i.RCC_GetClocksFreq)
    RGB_disable                              0x08001029   Thumb Code    18  led.o(i.RGB_disable)
    RGB_enable                               0x08001041   Thumb Code    18  led.o(i.RGB_enable)
    RGB_init                                 0x08001059   Thumb Code    78  led.o(i.RGB_init)
    RS485_RX_ENABLE                          0x080010b1   Thumb Code    12  rs485.o(i.RS485_RX_ENABLE)
    RS485_TX_ENABLE                          0x080010c1   Thumb Code    12  rs485.o(i.RS485_TX_ENABLE)
    RS485_init                               0x080010d1   Thumb Code    40  rs485.o(i.RS485_init)
    SVC_Handler                              0x080010fd   Thumb Code     2  stm32f10x_it.o(i.SVC_Handler)
    SysTick_Handler                          0x080011e9   Thumb Code    72  delay.o(i.SysTick_Handler)
    SystemInit                               0x0800124d   Thumb Code    78  system_stm32f10x.o(i.SystemInit)
    TIM2_IRQHandler                          0x080012ad   Thumb Code   102  interrupt.o(i.TIM2_IRQHandler)
    TIM_ClearFlag                            0x08001319   Thumb Code     6  stm32f10x_tim.o(i.TIM_ClearFlag)
    TIM_ClearITPendingBit                    0x0800131f   Thumb Code     6  stm32f10x_tim.o(i.TIM_ClearITPendingBit)
    TIM_Cmd                                  0x08001325   Thumb Code    24  stm32f10x_tim.o(i.TIM_Cmd)
    TIM_GetITStatus                          0x0800133d   Thumb Code    34  stm32f10x_tim.o(i.TIM_GetITStatus)
    TIM_ITConfig                             0x0800135f   Thumb Code    18  stm32f10x_tim.o(i.TIM_ITConfig)
    TIM_InternalClockConfig                  0x08001371   Thumb Code    12  stm32f10x_tim.o(i.TIM_InternalClockConfig)
    TIM_TimeBaseInit                         0x0800137d   Thumb Code   122  stm32f10x_tim.o(i.TIM_TimeBaseInit)
    UART4_IRQHandler                         0x08001421   Thumb Code    98  usart.o(i.UART4_IRQHandler)
    USART1_IRQHandler                        0x08001491   Thumb Code   110  usart.o(i.USART1_IRQHandler)
    USART2_IRQHandler                        0x0800150d   Thumb Code   100  usart.o(i.USART2_IRQHandler)
    USART_ClearITPendingBit                  0x0800157d   Thumb Code    30  stm32f10x_usart.o(i.USART_ClearITPendingBit)
    USART_Cmd                                0x0800159b   Thumb Code    24  stm32f10x_usart.o(i.USART_Cmd)
    USART_GetFlagStatus                      0x080015b3   Thumb Code    26  stm32f10x_usart.o(i.USART_GetFlagStatus)
    USART_GetITStatus                        0x080015cd   Thumb Code    84  stm32f10x_usart.o(i.USART_GetITStatus)
    USART_ITConfig                           0x08001621   Thumb Code    74  stm32f10x_usart.o(i.USART_ITConfig)
    USART_Init                               0x0800166d   Thumb Code   210  stm32f10x_usart.o(i.USART_Init)
    USART_ReceiveData                        0x08001745   Thumb Code    10  stm32f10x_usart.o(i.USART_ReceiveData)
    USART_SendData                           0x0800174f   Thumb Code     8  stm32f10x_usart.o(i.USART_SendData)
    UsageFault_Handler                       0x08001757   Thumb Code     4  stm32f10x_it.o(i.UsageFault_Handler)
    __0printf                                0x0800175d   Thumb Code    22  printfa.o(i.__0printf)
    __1printf                                0x0800175d   Thumb Code     0  printfa.o(i.__0printf)
    __2printf                                0x0800175d   Thumb Code     0  printfa.o(i.__0printf)
    __c89printf                              0x0800175d   Thumb Code     0  printfa.o(i.__0printf)
    printf                                   0x0800175d   Thumb Code     0  printfa.o(i.__0printf)
    __0sprintf                               0x0800177d   Thumb Code    34  printfa.o(i.__0sprintf)
    __1sprintf                               0x0800177d   Thumb Code     0  printfa.o(i.__0sprintf)
    __2sprintf                               0x0800177d   Thumb Code     0  printfa.o(i.__0sprintf)
    __c89sprintf                             0x0800177d   Thumb Code     0  printfa.o(i.__0sprintf)
    sprintf                                  0x0800177d   Thumb Code     0  printfa.o(i.__0sprintf)
    __scatterload_copy                       0x080017a5   Thumb Code    14  handlers.o(i.__scatterload_copy)
    __scatterload_null                       0x080017b3   Thumb Code     2  handlers.o(i.__scatterload_null)
    __scatterload_zeroinit                   0x080017b5   Thumb Code    14  handlers.o(i.__scatterload_zeroinit)
    cat_data_analysis                        0x08002081   Thumb Code   446  7s1.o(i.cat_data_analysis)
    cat_data_send                            0x08002371   Thumb Code   180  7s1.o(i.cat_data_send)
    dataanalysis_time_scale                  0x08002459   Thumb Code    74  delay.o(i.dataanalysis_time_scale)
    fputc                                    0x080024ed   Thumb Code    18  usart.o(i.fputc)
    get_weather                              0x08002505   Thumb Code    38  7s1.o(i.get_weather)
    getdata_time_scale                       0x08002545   Thumb Code    78  delay.o(i.getdata_time_scale)
    key_init                                 0x080025e1   Thumb Code    58  key.o(i.key_init)
    led_init                                 0x08002625   Thumb Code    74  led.o(i.led_init)
    led_time_scale                           0x08002679   Thumb Code    28  delay.o(i.led_time_scale)
    led_turn                                 0x0800269d   Thumb Code     8  led.o(i.led_turn)
    main                                     0x080026a5   Thumb Code    76  main.o(i.main)
    modbus_time_scale                        0x08002701   Thumb Code    70  delay.o(i.modbus_time_scale)
    mqtt2server                              0x08002781   Thumb Code   128  7s1.o(i.mqtt2server)
    mqtt_connect_server                      0x08002831   Thumb Code   112  7s1.o(i.mqtt_connect_server)
    send_data2server                         0x080028cd   Thumb Code    72  7s1.o(i.send_data2server)
    sys_tick_init                            0x08002979   Thumb Code    72  delay.o(i.sys_tick_init)
    timer2_init                              0x080029cd   Thumb Code   112  timer.o(i.timer2_init)
    uart4_init                               0x08002a3d   Thumb Code   184  usart.o(i.uart4_init)
    updata_aliyun                            0x08002afd   Thumb Code    36  7s1.o(i.updata_aliyun)
    usaer_sendstr                            0x08002b39   Thumb Code    34  usart.o(i.usaer_sendstr)
    usart2_init                              0x08002b5d   Thumb Code   170  usart.o(i.usart2_init)
    usart_init                               0x08002c11   Thumb Code   184  usart.o(i.usart_init)
    usart_send_array                         0x08002cd1   Thumb Code    36  usart.o(i.usart_send_array)
    usart_sendbit                            0x08002cf5   Thumb Code    30  usart.o(i.usart_sendbit)
    writeCString                             0x08002d13   Thumb Code    40  mqttpacket.o(i.writeCString)
    writeChar                                0x08002d3b   Thumb Code    12  mqttpacket.o(i.writeChar)
    writeInt                                 0x08002d47   Thumb Code    48  mqttpacket.o(i.writeInt)
    writeMQTTString                          0x08002d77   Thumb Code    62  mqttpacket.o(i.writeMQTTString)
    Region$$Table$$Base                      0x08002f98   Number         0  anon$$obj.o(Region$$Table)
    Region$$Table$$Limit                     0x08002fb8   Number         0  anon$$obj.o(Region$$Table)
    k1                                       0x20000000   Data           1  interrupt.o(.data)
    k2                                       0x20000001   Data           1  interrupt.o(.data)
    k3                                       0x20000002   Data           1  interrupt.o(.data)
    k4                                       0x20000003   Data           1  interrupt.o(.data)
    usart_RXdata                             0x20000004   Data           1  usart.o(.data)
    usart_RXflag                             0x20000005   Data           1  usart.o(.data)
    usart_TXpacket                           0x20000006   Data           4  usart.o(.data)
    usart_RXpacket                           0x2000000a   Data           4  usart.o(.data)
    aliyun_flag                              0x20000010   Data           1  7s1.o(.data)
    led_tick                                 0x20000028   Data           8  delay.o(.data)
    getdata                                  0x20000030   Data           8  delay.o(.data)
    dataanalysis                             0x20000038   Data           8  delay.o(.data)
    modbus_tick                              0x20000040   Data           8  delay.o(.data)
    d_ms                                     0x20000048   Data           8  delay.o(.data)
    d_us                                     0x20000050   Data           8  delay.o(.data)
    d_s                                      0x20000058   Data           8  delay.o(.data)
    getdata_flag                             0x20000060   Data           1  delay.o(.data)
    __stdout                                 0x20000064   Data           4  stdout.o(.data)
    modbus                                   0x20000068   Data         224  modbus.o(.bss)
    modbus_data                              0x20000148   Data          10  modbus.o(.bss)
    esp8266                                  0x20000152   Data        3078  7s1.o(.bss)
    json_data                                0x20000d58   Data        3078  myjson.o(.bss)
    js_re_data                               0x20001960   Data       12328  myjson.o(.bss)
    __initial_sp                             0x20006988   Data           0  startup_stm32f10x_hd.o(STACK)



==============================================================================

Memory Map of the image

  Image Entry point : 0x08000131

  Load Region LR_IROM1 (Base: 0x08000000, Size: 0x00003020, Max: 0x00080000, ABSOLUTE)

    Execution Region ER_IROM1 (Exec base: 0x08000000, Load base: 0x08000000, Size: 0x00002fb8, Max: 0x00080000, ABSOLUTE)

    Exec Addr    Load Addr    Size         Type   Attr      Idx    E Section Name        Object

    0x08000000   0x08000000   0x00000130   Data   RO          395    RESET               startup_stm32f10x_hd.o
    0x08000130   0x08000130   0x00000000   Code   RO         5487  * .ARM.Collect$$$$00000000  mc_w.l(entry.o)
    0x08000130   0x08000130   0x00000004   Code   RO         5821    .ARM.Collect$$$$00000001  mc_w.l(entry2.o)
    0x08000134   0x08000134   0x00000004   Code   RO         5824    .ARM.Collect$$$$00000004  mc_w.l(entry5.o)
    0x08000138   0x08000138   0x00000000   Code   RO         5826    .ARM.Collect$$$$00000008  mc_w.l(entry7b.o)
    0x08000138   0x08000138   0x00000000   Code   RO         5828    .ARM.Collect$$$$0000000A  mc_w.l(entry8b.o)
    0x08000138   0x08000138   0x00000008   Code   RO         5829    .ARM.Collect$$$$0000000B  mc_w.l(entry9a.o)
    0x08000140   0x08000140   0x00000000   Code   RO         5831    .ARM.Collect$$$$0000000D  mc_w.l(entry10a.o)
    0x08000140   0x08000140   0x00000000   Code   RO         5833    .ARM.Collect$$$$0000000F  mc_w.l(entry11a.o)
    0x08000140   0x08000140   0x00000004   Code   RO         5822    .ARM.Collect$$$$00002712  mc_w.l(entry2.o)
    0x08000144   0x08000144   0x00000024   Code   RO          396    .text               startup_stm32f10x_hd.o
    0x08000168   0x08000168   0x00000028   Code   RO         5492    .text               mc_w.l(memcpy.o)
    0x08000190   0x08000190   0x00000024   Code   RO         5498    .text               mc_w.l(memseta.o)
    0x080001b4   0x080001b4   0x0000000e   Code   RO         5502    .text               mc_w.l(strlen.o)
    0x080001c2   0x080001c2   0x0000014e   Code   RO         5807    .text               mf_w.l(dadd.o)
    0x08000310   0x08000310   0x000000e4   Code   RO         5809    .text               mf_w.l(dmul.o)
    0x080003f4   0x080003f4   0x00000030   Code   RO         5819    .text               mf_w.l(cdrcmple.o)
    0x08000424   0x08000424   0x0000002c   Code   RO         5836    .text               mc_w.l(uidiv.o)
    0x08000450   0x08000450   0x00000062   Code   RO         5838    .text               mc_w.l(uldiv.o)
    0x080004b2   0x080004b2   0x0000001e   Code   RO         5840    .text               mc_w.l(llshl.o)
    0x080004d0   0x080004d0   0x00000020   Code   RO         5842    .text               mc_w.l(llushr.o)
    0x080004f0   0x080004f0   0x00000024   Code   RO         5844    .text               mc_w.l(llsshr.o)
    0x08000514   0x08000514   0x00000000   Code   RO         5864    .text               mc_w.l(iusefp.o)
    0x08000514   0x08000514   0x000000ba   Code   RO         5865    .text               mf_w.l(depilogue.o)
    0x080005ce   0x080005ce   0x000000de   Code   RO         5867    .text               mf_w.l(ddiv.o)
    0x080006ac   0x080006ac   0x00000030   Code   RO         5869    .text               mf_w.l(dfixul.o)
    0x080006dc   0x080006dc   0x00000024   Code   RO         5871    .text               mc_w.l(init.o)
    0x08000700   0x08000700   0x00000004   Code   RO            4    i.BusFault_Handler  stm32f10x_it.o
    0x08000704   0x08000704   0x00000002   Code   RO            5    i.DebugMon_Handler  stm32f10x_it.o
    0x08000706   0x08000706   0x00000002   PAD
    0x08000708   0x08000708   0x00000020   Code   RO         4240    i.Delay_ms          delay.o
    0x08000728   0x08000728   0x00000038   Code   RO          548    i.EXTI0_IRQHandler  interrupt.o
    0x08000760   0x08000760   0x00000034   Code   RO          549    i.EXTI4_IRQHandler  interrupt.o
    0x08000794   0x08000794   0x00000070   Code   RO          550    i.EXTI9_5_IRQHandler  interrupt.o
    0x08000804   0x08000804   0x0000000c   Code   RO         1903    i.EXTI_ClearITPendingBit  stm32f10x_exti.o
    0x08000810   0x08000810   0x00000028   Code   RO         1907    i.EXTI_GetITStatus  stm32f10x_exti.o
    0x08000838   0x08000838   0x00000116   Code   RO         2292    i.GPIO_Init         stm32f10x_gpio.o
    0x0800094e   0x0800094e   0x00000004   Code   RO         2299    i.GPIO_ResetBits    stm32f10x_gpio.o
    0x08000952   0x08000952   0x00000004   Code   RO         2300    i.GPIO_SetBits      stm32f10x_gpio.o
    0x08000956   0x08000956   0x00000002   PAD
    0x08000958   0x08000958   0x00000070   Code   RO          780    i.HOST_ModbusRX     modbus.o
    0x080009c8   0x080009c8   0x00000020   Code   RO            6    i.HardFault_Handler  stm32f10x_it.o
    0x080009e8   0x080009e8   0x00000080   Code   RO          781    i.Host_Func3        modbus.o
    0x08000a68   0x08000a68   0x000000d8   Code   RO          782    i.Host_Read03_slave  modbus.o
    0x08000b40   0x08000b40   0x00000036   Code   RO         4541    i.MQTTPacket_encode  mqttpacket.o
    0x08000b76   0x08000b76   0x00000002   PAD
    0x08000b78   0x08000b78   0x00000028   Code   RO         4543    i.MQTTPacket_len    mqttpacket.o
    0x08000ba0   0x08000ba0   0x00000168   Code   RO         4360    i.MQTTSerialize_connect  mqttconnectclient.o
    0x08000d08   0x08000d08   0x00000076   Code   RO         4361    i.MQTTSerialize_connectLength  mqttconnectclient.o
    0x08000d7e   0x08000d7e   0x000000b0   Code   RO         4660    i.MQTTSerialize_publish  mqttserializepublish.o
    0x08000e2e   0x08000e2e   0x00000022   Code   RO         4661    i.MQTTSerialize_publishLength  mqttserializepublish.o
    0x08000e50   0x08000e50   0x00000018   Code   RO         4546    i.MQTTstrlen        mqttpacket.o
    0x08000e68   0x08000e68   0x00000004   Code   RO            7    i.MemManage_Handler  stm32f10x_it.o
    0x08000e6c   0x08000e6c   0x00000032   Code   RO          783    i.Modbus_CRC16      modbus.o
    0x08000e9e   0x08000e9e   0x00000002   Code   RO            8    i.NMI_Handler       stm32f10x_it.o
    0x08000ea0   0x08000ea0   0x00000070   Code   RO          993    i.NVIC_Init         misc.o
    0x08000f10   0x08000f10   0x00000002   Code   RO            9    i.PendSV_Handler    stm32f10x_it.o
    0x08000f12   0x08000f12   0x00000002   PAD
    0x08000f14   0x08000f14   0x00000020   Code   RO         2756    i.RCC_APB1PeriphClockCmd  stm32f10x_rcc.o
    0x08000f34   0x08000f34   0x00000020   Code   RO         2758    i.RCC_APB2PeriphClockCmd  stm32f10x_rcc.o
    0x08000f54   0x08000f54   0x000000d4   Code   RO         2766    i.RCC_GetClocksFreq  stm32f10x_rcc.o
    0x08001028   0x08001028   0x00000018   Code   RO          479    i.RGB_disable       led.o
    0x08001040   0x08001040   0x00000018   Code   RO          480    i.RGB_enable        led.o
    0x08001058   0x08001058   0x00000058   Code   RO          481    i.RGB_init          led.o
    0x080010b0   0x080010b0   0x00000010   Code   RO          744    i.RS485_RX_ENABLE   rs485.o
    0x080010c0   0x080010c0   0x00000010   Code   RO          745    i.RS485_TX_ENABLE   rs485.o
    0x080010d0   0x080010d0   0x0000002c   Code   RO          746    i.RS485_init        rs485.o
    0x080010fc   0x080010fc   0x00000002   Code   RO           10    i.SVC_Handler       stm32f10x_it.o
    0x080010fe   0x080010fe   0x00000008   Code   RO          234    i.SetSysClock       system_stm32f10x.o
    0x08001106   0x08001106   0x00000002   PAD
    0x08001108   0x08001108   0x000000e0   Code   RO          235    i.SetSysClockTo72   system_stm32f10x.o
    0x080011e8   0x080011e8   0x00000064   Code   RO         4243    i.SysTick_Handler   delay.o
    0x0800124c   0x0800124c   0x00000060   Code   RO          237    i.SystemInit        system_stm32f10x.o
    0x080012ac   0x080012ac   0x0000006c   Code   RO          551    i.TIM2_IRQHandler   interrupt.o
    0x08001318   0x08001318   0x00000006   Code   RO         3432    i.TIM_ClearFlag     stm32f10x_tim.o
    0x0800131e   0x0800131e   0x00000006   Code   RO         3433    i.TIM_ClearITPendingBit  stm32f10x_tim.o
    0x08001324   0x08001324   0x00000018   Code   RO         3438    i.TIM_Cmd           stm32f10x_tim.o
    0x0800133c   0x0800133c   0x00000022   Code   RO         3459    i.TIM_GetITStatus   stm32f10x_tim.o
    0x0800135e   0x0800135e   0x00000012   Code   RO         3463    i.TIM_ITConfig      stm32f10x_tim.o
    0x08001370   0x08001370   0x0000000c   Code   RO         3465    i.TIM_InternalClockConfig  stm32f10x_tim.o
    0x0800137c   0x0800137c   0x000000a4   Code   RO         3509    i.TIM_TimeBaseInit  stm32f10x_tim.o
    0x08001420   0x08001420   0x00000070   Code   RO          604    i.UART4_IRQHandler  usart.o
    0x08001490   0x08001490   0x0000007c   Code   RO          605    i.USART1_IRQHandler  usart.o
    0x0800150c   0x0800150c   0x00000070   Code   RO          606    i.USART2_IRQHandler  usart.o
    0x0800157c   0x0800157c   0x0000001e   Code   RO         3983    i.USART_ClearITPendingBit  stm32f10x_usart.o
    0x0800159a   0x0800159a   0x00000018   Code   RO         3986    i.USART_Cmd         stm32f10x_usart.o
    0x080015b2   0x080015b2   0x0000001a   Code   RO         3989    i.USART_GetFlagStatus  stm32f10x_usart.o
    0x080015cc   0x080015cc   0x00000054   Code   RO         3990    i.USART_GetITStatus  stm32f10x_usart.o
    0x08001620   0x08001620   0x0000004a   Code   RO         3992    i.USART_ITConfig    stm32f10x_usart.o
    0x0800166a   0x0800166a   0x00000002   PAD
    0x0800166c   0x0800166c   0x000000d8   Code   RO         3993    i.USART_Init        stm32f10x_usart.o
    0x08001744   0x08001744   0x0000000a   Code   RO         4000    i.USART_ReceiveData  stm32f10x_usart.o
    0x0800174e   0x0800174e   0x00000008   Code   RO         4003    i.USART_SendData    stm32f10x_usart.o
    0x08001756   0x08001756   0x00000004   Code   RO           11    i.UsageFault_Handler  stm32f10x_it.o
    0x0800175a   0x0800175a   0x00000002   PAD
    0x0800175c   0x0800175c   0x00000020   Code   RO         5749    i.__0printf         mc_w.l(printfa.o)
    0x0800177c   0x0800177c   0x00000028   Code   RO         5751    i.__0sprintf        mc_w.l(printfa.o)
    0x080017a4   0x080017a4   0x0000000e   Code   RO         5890    i.__scatterload_copy  mc_w.l(handlers.o)
    0x080017b2   0x080017b2   0x00000002   Code   RO         5891    i.__scatterload_null  mc_w.l(handlers.o)
    0x080017b4   0x080017b4   0x0000000e   Code   RO         5892    i.__scatterload_zeroinit  mc_w.l(handlers.o)
    0x080017c2   0x080017c2   0x00000002   PAD
    0x080017c4   0x080017c4   0x00000184   Code   RO         5756    i._fp_digits        mc_w.l(printfa.o)
    0x08001948   0x08001948   0x000006dc   Code   RO         5757    i._printf_core      mc_w.l(printfa.o)
    0x08002024   0x08002024   0x00000024   Code   RO         5758    i._printf_post_padding  mc_w.l(printfa.o)
    0x08002048   0x08002048   0x0000002e   Code   RO         5759    i._printf_pre_padding  mc_w.l(printfa.o)
    0x08002076   0x08002076   0x0000000a   Code   RO         5761    i._sputc            mc_w.l(printfa.o)
    0x08002080   0x08002080   0x000002f0   Code   RO          862    i.cat_data_analysis  7s1.o
    0x08002370   0x08002370   0x000000e8   Code   RO          863    i.cat_data_send     7s1.o
    0x08002458   0x08002458   0x00000094   Code   RO         4244    i.dataanalysis_time_scale  delay.o
    0x080024ec   0x080024ec   0x00000018   Code   RO          607    i.fputc             usart.o
    0x08002504   0x08002504   0x00000040   Code   RO          865    i.get_weather       7s1.o
    0x08002544   0x08002544   0x0000009c   Code   RO         4245    i.getdata_time_scale  delay.o
    0x080025e0   0x080025e0   0x00000044   Code   RO          408    i.key_init          key.o
    0x08002624   0x08002624   0x00000054   Code   RO          484    i.led_init          led.o
    0x08002678   0x08002678   0x00000024   Code   RO         4246    i.led_time_scale    delay.o
    0x0800269c   0x0800269c   0x00000008   Code   RO          485    i.led_turn          led.o
    0x080026a4   0x080026a4   0x0000005c   Code   RO          359    i.main              main.o
    0x08002700   0x08002700   0x00000080   Code   RO         4247    i.modbus_time_scale  delay.o
    0x08002780   0x08002780   0x000000b0   Code   RO          866    i.mqtt2server       7s1.o
    0x08002830   0x08002830   0x0000009c   Code   RO          867    i.mqtt_connect_server  7s1.o
    0x080028cc   0x080028cc   0x000000ac   Code   RO          868    i.send_data2server  7s1.o
    0x08002978   0x08002978   0x00000054   Code   RO         4248    i.sys_tick_init     delay.o
    0x080029cc   0x080029cc   0x00000070   Code   RO         4325    i.timer2_init       timer.o
    0x08002a3c   0x08002a3c   0x000000c0   Code   RO          608    i.uart4_init        usart.o
    0x08002afc   0x08002afc   0x0000003c   Code   RO          870    i.updata_aliyun     7s1.o
    0x08002b38   0x08002b38   0x00000022   Code   RO          609    i.usaer_sendstr     usart.o
    0x08002b5a   0x08002b5a   0x00000002   PAD
    0x08002b5c   0x08002b5c   0x000000b4   Code   RO          610    i.usart2_init       usart.o
    0x08002c10   0x08002c10   0x000000c0   Code   RO          614    i.usart_init        usart.o
    0x08002cd0   0x08002cd0   0x00000024   Code   RO          618    i.usart_send_array  usart.o
    0x08002cf4   0x08002cf4   0x0000001e   Code   RO          622    i.usart_sendbit     usart.o
    0x08002d12   0x08002d12   0x00000028   Code   RO         4552    i.writeCString      mqttpacket.o
    0x08002d3a   0x08002d3a   0x0000000c   Code   RO         4553    i.writeChar         mqttpacket.o
    0x08002d46   0x08002d46   0x00000030   Code   RO         4554    i.writeInt          mqttpacket.o
    0x08002d76   0x08002d76   0x0000003e   Code   RO         4555    i.writeMQTTString   mqttpacket.o
    0x08002db4   0x08002db4   0x00000058   Data   RO          872    .constdata          7s1.o
    0x08002e0c   0x08002e0c   0x0000018b   Data   RO          873    .conststring        7s1.o
    0x08002f97   0x08002f97   0x00000001   PAD
    0x08002f98   0x08002f98   0x00000020   Data   RO         5888    Region$$Table       anon$$obj.o


    Execution Region RW_IRAM1 (Exec base: 0x20000000, Load base: 0x08002fb8, Size: 0x00006988, Max: 0x00010000, ABSOLUTE)

    Exec Addr    Load Addr    Size         Type   Attr      Idx    E Section Name        Object

    0x20000000   0x08002fb8   0x00000004   Data   RW          553    .data               interrupt.o
    0x20000004   0x08002fbc   0x0000000c   Data   RW          624    .data               usart.o
    0x20000010   0x08002fc8   0x00000001   Data   RW          874    .data               7s1.o
    0x20000011   0x08002fc9   0x00000014   Data   RW         2786    .data               stm32f10x_rcc.o
    0x20000025   0x08002fdd   0x00000003   PAD
    0x20000028   0x08002fe0   0x00000039   Data   RW         4249    .data               delay.o
    0x20000061   0x08003019   0x00000003   PAD
    0x20000064   0x0800301c   0x00000004   Data   RW         5835    .data               mc_w.l(stdout.o)
    0x20000068        -       0x000000ea   Zero   RW          789    .bss                modbus.o
    0x20000152        -       0x00000c06   Zero   RW          871    .bss                7s1.o
    0x20000d58        -       0x00003c30   Zero   RW          960    .bss                myjson.o
    0x20004988        -       0x00002000   Zero   RW          393    STACK               startup_stm32f10x_hd.o


==============================================================================

Image component sizes


      Code (inc. data)   RO Data    RW Data    ZI Data      Debug   Object Name

      1612        600        483          1       3078       7007   7s1.o
       684        264          0         57          0      29395   delay.o
       328         26          0          4          0       2243   interrupt.o
        68         10          0          0          0        475   key.o
       228         32          0          0          0       2584   led.o
        92         16          0          0          0        463   main.o
       112         12          0          0          0       1056   misc.o
       506         66          0          0        234       3793   modbus.o
       478         18          0          0          0       4638   mqttconnectclient.o
       280          6          0          0          0       3894   mqttpacket.o
       210          0          0          0          0       1714   mqttserializepublish.o
         0          0          0          0      15408       2893   myjson.o
        76         12          0          0          0       1341   rs485.o
        36          8        304          0       8192        788   startup_stm32f10x_hd.o
        52         12          0          0          0       1056   stm32f10x_exti.o
       286          0          0          0          0       2996   stm32f10x_gpio.o
        52         14          0          0          0     231444   stm32f10x_it.o
       276         32          0         20          0       4374   stm32f10x_rcc.o
       264         42          0          0          0       4408   stm32f10x_tim.o
       472          6          0          0          0       6575   stm32f10x_usart.o
       328         28          0          0          0     250089   system_stm32f10x.o
       112          0          0          0          0        542   timer.o
      1036         72          0         12          0       6760   usart.o

    ----------------------------------------------------------------------
      7604       1276        820        100      26912     570528   Object Totals
         0          0         32          0          0          0   (incl. Generated)
        16          0          1          6          0          0   (incl. Padding)

    ----------------------------------------------------------------------

      Code (inc. data)   RO Data    RW Data    ZI Data      Debug   Library Member Name

         0          0          0          0          0          0   entry.o
         0          0          0          0          0          0   entry10a.o
         0          0          0          0          0          0   entry11a.o
         8          4          0          0          0          0   entry2.o
         4          0          0          0          0          0   entry5.o
         0          0          0          0          0          0   entry7b.o
         0          0          0          0          0          0   entry8b.o
         8          4          0          0          0          0   entry9a.o
        30          0          0          0          0          0   handlers.o
        36          8          0          0          0         68   init.o
         0          0          0          0          0          0   iusefp.o
        30          0          0          0          0         68   llshl.o
        36          0          0          0          0         68   llsshr.o
        32          0          0          0          0         68   llushr.o
        40          0          0          0          0         76   memcpy.o
        36          0          0          0          0        108   memseta.o
      2308         96          0          0          0        604   printfa.o
         0          0          0          4          0          0   stdout.o
        14          0          0          0          0         68   strlen.o
        44          0          0          0          0         80   uidiv.o
        98          0          0          0          0         92   uldiv.o
        48          0          0          0          0         68   cdrcmple.o
       334          0          0          0          0        148   dadd.o
       222          0          0          0          0        100   ddiv.o
       186          0          0          0          0        176   depilogue.o
        48          0          0          0          0         68   dfixul.o
       228          0          0          0          0         96   dmul.o

    ----------------------------------------------------------------------
      3792        112          0          4          0       1956   Library Totals
         2          0          0          0          0          0   (incl. Padding)

    ----------------------------------------------------------------------

      Code (inc. data)   RO Data    RW Data    ZI Data      Debug   Library Name

      2724        112          0          4          0       1300   mc_w.l
      1066          0          0          0          0        656   mf_w.l

    ----------------------------------------------------------------------
      3792        112          0          4          0       1956   Library Totals

    ----------------------------------------------------------------------

==============================================================================


      Code (inc. data)   RO Data    RW Data    ZI Data      Debug   

     11396       1388        820        104      26912     567176   Grand Totals
     11396       1388        820        104      26912     567176   ELF Image Totals
     11396       1388        820        104          0          0   ROM Totals

==============================================================================

    Total RO  Size (Code + RO Data)                12216 (  11.93kB)
    Total RW  Size (RW Data + ZI Data)             27016 (  26.38kB)
    Total ROM Size (Code + RO Data + RW Data)      12320 (  12.03kB)

==============================================================================

